Archive member included to satisfy reference by file (symbol)

C:\Program Files (x86)\Cypress\PSoC Creator\4.2\PSoC Creator\psoc\content\CyComponentLibrary\CyComponentLibrary.cylib\CapSense_TMG_v2_0\Library\Gestures_GCC_M0p.a(Gesture.o)
                              .\CortexM0p\ARM_GCC_541\Debug\CapSense_TMG.o (Gesture_DecodeFlickGestures)
C:\Program Files (x86)\Cypress\PSoC Creator\4.2\PSoC Creator\psoc\content\CyComponentLibrary\CyComponentLibrary.cylib\CapSense_v2_0\Library\CapSense_Library_GCC_M0p.a(CapSense_SmartSense_LL.o)
                              .\CortexM0p\ARM_GCC_541\Debug\CapSense_Sensing.o (SmartSense_TunePrescalers)
C:\Program Files (x86)\Cypress\PSoC Creator\4.2\PSoC Creator\psoc\content\CyComponentLibrary\CyComponentLibrary.cylib\CapSense_v2_0\Library\CapSense_Library_GCC_M0p.a(CapSense_SmartSense_SL.o)
                              .\CortexM0p\ARM_GCC_541\Debug\CapSense_Processing.o (SmartSense_UpdateThresholds)
c:/program files (x86)/cypress/psoc creator/4.2/psoc creator/import/gnu/arm/5.4.1/bin/../lib/gcc/arm-none-eabi/5.4.1/armv6-m\libgcc.a(_udivsi3.o)
                              .\CortexM0p\ARM_GCC_541\Debug\system_psoc63_cm0plus.o (__aeabi_uidiv)
c:/program files (x86)/cypress/psoc creator/4.2/psoc creator/import/gnu/arm/5.4.1/bin/../lib/gcc/arm-none-eabi/5.4.1/armv6-m\libgcc.a(_divsi3.o)
                              .\CortexM0p\ARM_GCC_541\Debug\CapSense_Centroid_LL.o (__aeabi_idiv)
c:/program files (x86)/cypress/psoc creator/4.2/psoc creator/import/gnu/arm/5.4.1/bin/../lib/gcc/arm-none-eabi/5.4.1/armv6-m\libgcc.a(_dvmd_tls.o)
                              c:/program files (x86)/cypress/psoc creator/4.2/psoc creator/import/gnu/arm/5.4.1/bin/../lib/gcc/arm-none-eabi/5.4.1/armv6-m\libgcc.a(_udivsi3.o) (__aeabi_idiv0)
c:/program files (x86)/cypress/psoc creator/4.2/psoc creator/import/gnu/arm/5.4.1/bin/../lib/gcc/arm-none-eabi/5.4.1/armv6-m\libgcc.a(_arm_cmpsf2.o)
                              .\CortexM0p\ARM_GCC_541\Debug\cy_sysclk.o (__aeabi_fcmplt)
c:/program files (x86)/cypress/psoc creator/4.2/psoc creator/import/gnu/arm/5.4.1/bin/../lib/gcc/arm-none-eabi/5.4.1/armv6-m\libgcc.a(_aeabi_ldivmod.o)
                              .\CortexM0p\ARM_GCC_541\Debug\cy_sar.o (__aeabi_ldivmod)
c:/program files (x86)/cypress/psoc creator/4.2/psoc creator/import/gnu/arm/5.4.1/bin/../lib/gcc/arm-none-eabi/5.4.1/armv6-m\libgcc.a(_aeabi_uldivmod.o)
                              .\CortexM0p\ARM_GCC_541\Debug\cy_sysclk.o (__aeabi_uldivmod)
c:/program files (x86)/cypress/psoc creator/4.2/psoc creator/import/gnu/arm/5.4.1/bin/../lib/gcc/arm-none-eabi/5.4.1/armv6-m\libgcc.a(_muldi3.o)
                              .\CortexM0p\ARM_GCC_541\Debug\cy_sysclk.o (__aeabi_lmul)
c:/program files (x86)/cypress/psoc creator/4.2/psoc creator/import/gnu/arm/5.4.1/bin/../lib/gcc/arm-none-eabi/5.4.1/armv6-m\libgcc.a(_fixunssfsi.o)
                              .\CortexM0p\ARM_GCC_541\Debug\cy_sysclk.o (__aeabi_f2uiz)
c:/program files (x86)/cypress/psoc creator/4.2/psoc creator/import/gnu/arm/5.4.1/bin/../lib/gcc/arm-none-eabi/5.4.1/armv6-m\libgcc.a(_fixunsdfsi.o)
                              .\CortexM0p\ARM_GCC_541\Debug\cy_sysclk.o (__aeabi_d2uiz)
c:/program files (x86)/cypress/psoc creator/4.2/psoc creator/import/gnu/arm/5.4.1/bin/../lib/gcc/arm-none-eabi/5.4.1/armv6-m\libgcc.a(_udivmoddi4.o)
                              c:/program files (x86)/cypress/psoc creator/4.2/psoc creator/import/gnu/arm/5.4.1/bin/../lib/gcc/arm-none-eabi/5.4.1/armv6-m\libgcc.a(_aeabi_uldivmod.o) (__udivmoddi4)
c:/program files (x86)/cypress/psoc creator/4.2/psoc creator/import/gnu/arm/5.4.1/bin/../lib/gcc/arm-none-eabi/5.4.1/armv6-m\libgcc.a(bpabi.o)
                              c:/program files (x86)/cypress/psoc creator/4.2/psoc creator/import/gnu/arm/5.4.1/bin/../lib/gcc/arm-none-eabi/5.4.1/armv6-m\libgcc.a(_aeabi_ldivmod.o) (__gnu_ldivmod_helper)
c:/program files (x86)/cypress/psoc creator/4.2/psoc creator/import/gnu/arm/5.4.1/bin/../lib/gcc/arm-none-eabi/5.4.1/armv6-m\libgcc.a(addsf3.o)
                              .\CortexM0p\ARM_GCC_541\Debug\cy_sysclk.o (__aeabi_fadd)
c:/program files (x86)/cypress/psoc creator/4.2/psoc creator/import/gnu/arm/5.4.1/bin/../lib/gcc/arm-none-eabi/5.4.1/armv6-m\libgcc.a(divsf3.o)
                              .\CortexM0p\ARM_GCC_541\Debug\cy_sysclk.o (__aeabi_fdiv)
c:/program files (x86)/cypress/psoc creator/4.2/psoc creator/import/gnu/arm/5.4.1/bin/../lib/gcc/arm-none-eabi/5.4.1/armv6-m\libgcc.a(eqsf2.o)
                              c:/program files (x86)/cypress/psoc creator/4.2/psoc creator/import/gnu/arm/5.4.1/bin/../lib/gcc/arm-none-eabi/5.4.1/armv6-m\libgcc.a(_arm_cmpsf2.o) (__eqsf2)
c:/program files (x86)/cypress/psoc creator/4.2/psoc creator/import/gnu/arm/5.4.1/bin/../lib/gcc/arm-none-eabi/5.4.1/armv6-m\libgcc.a(gesf2.o)
[...]
Memory Configuration

Name             Origin             Length             Attributes
ram              0x08000000         0x00024000         xrw
flash            0x10000000         0x00080000         xr
em_eeprom        0x14000000         0x00008000         xr
sflash_user_data 0x16000800         0x00000800         xr
sflash_nar       0x16001a00         0x00000200         xr
sflash_public_key 0x16005a00         0x00000c00         xr
sflash_toc_2     0x16007c00         0x00000200         xr
sflash_rtoc_2    0x16007e00         0x00000200         xr
xip              0x18000000         0x08000000         xr
efuse            0x90700000         0x00100000         r
*default*        0x00000000         0xffffffff

Linker script and memory map

LOAD c:/program files (x86)/cypress/psoc creator/4.2/psoc creator/import/gnu/arm/5.4.1/bin/../lib/gcc/arm-none-eabi/5.4.1/armv6-m/crti.o
LOAD c:/program files (x86)/cypress/psoc creator/4.2/psoc creator/import/gnu/arm/5.4.1/bin/../lib/gcc/arm-none-eabi/5.4.1/armv6-m/crtbegin.o
LOAD c:/program files (x86)/cypress/psoc creator/4.2/psoc creator/import/gnu/arm/5.4.1/bin/../lib/gcc/arm-none-eabi/5.4.1/../../../../arm-none-eabi/lib/armv6-m/crt0.o
START GROUP
LOAD .\CortexM0p\ARM_GCC_541\Debug\startup_psoc63_cm0plus.o
LOAD .\CortexM0p\ARM_GCC_541\Debug\main_cm0p.o
LOAD .\CortexM0p\ARM_GCC_541\Debug\system_psoc63_cm0plus.o
LOAD .\CortexM0p\ARM_GCC_541\Debug\cy_ipc_config.o
LOAD .\CortexM0p\ARM_GCC_541\Debug\stdio_user.o
LOAD .\CortexM0p\ARM_GCC_541\Debug\cyfitter_sysint_cfg.o
LOAD .\CortexM0p\ARM_GCC_541\Debug\cyfitter_cfg.o
LOAD .\CortexM0p\ARM_GCC_541\Debug\cymetadata.o
LOAD .\CortexM0p\ARM_GCC_541\Debug\CY_EINK_SPIM.o
LOAD .\CortexM0p\ARM_GCC_541\Debug\CapSense_Control.o
LOAD .\CortexM0p\ARM_GCC_541\Debug\CapSense_Processing.o
LOAD .\CortexM0p\ARM_GCC_541\Debug\CapSense_Structure.o
LOAD .\CortexM0p\ARM_GCC_541\Debug\CapSense_Tuner.o
LOAD .\CortexM0p\ARM_GCC_541\Debug\CapSense_Filter.o
LOAD .\CortexM0p\ARM_GCC_541\Debug\CapSense_Sensing.o
LOAD .\CortexM0p\ARM_GCC_541\Debug\CapSense_INT.o
LOAD .\CortexM0p\ARM_GCC_541\Debug\CapSense_SensingCSD_LL.o
LOAD .\CortexM0p\ARM_GCC_541\Debug\CapSense_SensingCSX_LL.o
LOAD .\CortexM0p\ARM_GCC_541\Debug\CapSense_Centroid_LL.o
LOAD .\CortexM0p\ARM_GCC_541\Debug\CapSense_Gesture.o
LOAD .\CortexM0p\ARM_GCC_541\Debug\ADC.o
LOAD .\CortexM0p\ARM_GCC_541\Debug\ADC_INT.o
LOAD .\CortexM0p\ARM_GCC_541\Debug\ADC_INIT.o
LOAD .\CortexM0p\ARM_GCC_541\Debug\ADC_PM.o
LOAD .\CortexM0p\ARM_GCC_541\Debug\CapSense_TMG.o
LOAD .\CortexM0p\ARM_GCC_541\Debug\cy_sysint.o
LOAD .\CortexM0p\ARM_GCC_541\Debug\cy_ipc_drv.o
LOAD .\CortexM0p\ARM_GCC_541\Debug\cy_ipc_sema.o
LOAD .\CortexM0p\ARM_GCC_541\Debug\cy_ipc_pipe.o
LOAD .\CortexM0p\ARM_GCC_541\Debug\cy_sysclk.o
LOAD .\CortexM0p\ARM_GCC_541\Debug\cy_wdt.o
LOAD .\CortexM0p\ARM_GCC_541\Debug\cy_scb_common.o
LOAD .\CortexM0p\ARM_GCC_541\Debug\cy_scb_i2c.o
LOAD .\CortexM0p\ARM_GCC_541\Debug\cy_scb_ezi2c.o
LOAD .\CortexM0p\ARM_GCC_541\Debug\cy_scb_spi.o
LOAD .\CortexM0p\ARM_GCC_541\Debug\cy_scb_uart.o
LOAD .\CortexM0p\ARM_GCC_541\Debug\cy_efuse.o
LOAD .\CortexM0p\ARM_GCC_541\Debug\cy_flash.o
LOAD .\CortexM0p\ARM_GCC_541\Debug\cy_gpio.o
LOAD .\CortexM0p\ARM_GCC_541\Debug\cy_sar.o
LOAD .\CortexM0p\ARM_GCC_541\Debug\cy_sysanalog.o
LOAD .\CortexM0p\ARM_GCC_541\Debug\cy_syspm.o
LOAD .\CortexM0p\ARM_GCC_541\Debug\cy_syslib.o
LOAD .\CortexM0p\ARM_GCC_541\Debug\cy_syslib_gcc.o
LOAD .\CortexM0p\ARM_GCC_541\Debug\cy_trigmux.o
LOAD .\CortexM0p\ARM_GCC_541\Debug\cy_systick.o
LOAD .\CortexM0p\ARM_GCC_541\Debug\cy_profile.o
LOAD .\CortexM0p\ARM_GCC_541\Debug\cy_prot.o
LOAD .\CortexM0p\ARM_GCC_541\Debug\cy_lvd.o
LOAD .\CortexM0p\ARM_GCC_541\Debug\cy_ble_clk.o
LOAD .\CortexM0p\ARM_GCC_541\Debug\retarget.o
LOAD C:\Program Files (x86)\Cypress\PSoC Creator\4.2\PSoC Creator\psoc\content\CyComponentLibrary\CyComponentLibrary.cylib\CapSense_TMG_v2_0\Library\Ballistic_GCC_M0p.a
LOAD C:\Program Files (x86)\Cypress\PSoC Creator\4.2\PSoC Creator\psoc\content\CyComponentLibrary\CyComponentLibrary.cylib\CapSense_TMG_v2_0\Library\Gestures_GCC_M0p.a
LOAD C:\Program Files (x86)\Cypress\PSoC Creator\4.2\PSoC Creator\psoc\content\CyComponentLibrary\CyComponentLibrary.cylib\CapSense_v2_0\Library\CapSense_Library_GCC_M0p.a
END GROUP
START GROUP
LOAD c:/program files (x86)/cypress/psoc creator/4.2/psoc creator/import/gnu/arm/5.4.1/bin/../lib/gcc/arm-none-eabi/5.4.1/armv6-m\libgcc.a
LOAD c:/program files (x86)/cypress/psoc creator/4.2/psoc creator/import/gnu/arm/5.4.1/bin/../lib/gcc/arm-none-eabi/5.4.1/../../../../arm-none-eabi/lib/armv6-m\libg_nano.a
LOAD c:/program files (x86)/cypress/psoc creator/4.2/psoc creator/import/gnu/arm/5.4.1/bin/../lib/gcc/arm-none-eabi/5.4.1/../../../../arm-none-eabi/lib/armv6-m\libc_nano.a
END GROUP
START GROUP
LOAD c:/program files (x86)/cypress/psoc creator/4.2/psoc creator/import/gnu/arm/5.4.1/bin/../lib/gcc/arm-none-eabi/5.4.1/armv6-m\libgcc.a
LOAD c:/program files (x86)/cypress/psoc creator/4.2/psoc creator/import/gnu/arm/5.4.1/bin/../lib/gcc/arm-none-eabi/5.4.1/../../../../arm-none-eabi/lib/armv6-m\libc_nano.a
END GROUP
LOAD c:/program files (x86)/cypress/psoc creator/4.2/psoc creator/import/gnu/arm/5.4.1/bin/../lib/gcc/arm-none-eabi/5.4.1/armv6-m/crtend.o
LOAD c:/program files (x86)/cypress/psoc creator/4.2/psoc creator/import/gnu/arm/5.4.1/bin/../lib/gcc/arm-none-eabi/5.4.1/armv6-m/crtn.o
START GROUP
LOAD c:/program files (x86)/cypress/psoc creator/4.2/psoc creator/import/gnu/arm/5.4.1/bin/../lib/gcc/arm-none-eabi/5.4.1/armv6-m\libgcc.a
LOAD c:/program files (x86)/cypress/psoc creator/4.2/psoc creator/import/gnu/arm/5.4.1/bin/../lib/gcc/arm-none-eabi/5.4.1/../../../../arm-none-eabi/lib/armv6-m\libc.a
LOAD c:/program files (x86)/cypress/psoc creator/4.2/psoc creator/import/gnu/arm/5.4.1/bin/../lib/gcc/arm-none-eabi/5.4.1/../../../../arm-none-eabi/lib/armv6-m\libnosys.a
END GROUP
START GROUP
LOAD c:/program files (x86)/cypress/psoc creator/4.2/psoc creator/import/gnu/arm/5.4.1/bin/../lib/gcc/arm-none-eabi/5.4.1/armv6-m\libgcc.a
LOAD c:/program files (x86)/cypress/psoc creator/4.2/psoc creator/import/gnu/arm/5.4.1/bin/../lib/gcc/arm-none-eabi/5.4.1/../../../../arm-none-eabi/lib/armv6-m\libc.a
LOAD c:/program files (x86)/cypress/psoc creator/4.2/psoc creator/import/gnu/arm/5.4.1/bin/../lib/gcc/arm-none-eabi/5.4.1/../../../../arm-none-eabi/lib/armv6-m\libm.a
LOAD c:/program files (x86)/cypress/psoc creator/4.2/psoc creator/import/gnu/arm/5.4.1/bin/../lib/gcc/arm-none-eabi/5.4.1/../../../../arm-none-eabi/lib/armv6-m\libnosys.a
END GROUP

.cy_app_header
 *(.cy_app_header)

.text           0x10000000     0x2418
                0x10000000                . = ALIGN (0x4)
                0x10000000                __Vectors = .
 *(.vectors)
 .vectors       0x10000000       0xc0 .\CortexM0p\ARM_GCC_541\Debug\startup_psoc63_cm0plus.o
                0x100000c0                . = ALIGN (0x4)
                0x100000c0                __Vectors_End = .
                0x000000c0                __Vectors_Size = (__Vectors_End - __Vectors)
                0x100000c0                __end__ = .
                0x100000c0                . = ALIGN (0x4)
 *(.text*)
 .text          0x100000c0       0x60 c:/program files (x86)/cypress/psoc creator/4.2/psoc creator/import/gnu/arm/5.4.1/bin/../lib/gcc/arm-none-eabi/5.4.1/armv6-m/crtbegin.o
 .text          0x10000120       0x90 .\CortexM0p\ARM_GCC_541\Debug\startup_psoc63_cm0plus.o
                0x10000120                Cy_OnResetUser
                0x10000122                Cy_SaveIRQ
                0x1000012a                Cy_RestoreIRQ
                0x10000130                Reset_Handler
                0x10000190                SysTick_Handler
                0x10000190                PendSV_Handler
                0x10000190                NMI_Handler
                0x10000190                NvicMux19_IRQHandler
                0x10000190                NvicMux8_IRQHandler
                0x10000190                NvicMux27_IRQHandler
                0x10000190                NvicMux10_IRQHandler
                0x10000190                NvicMux17_IRQHandler
                0x10000190                NvicMux0_IRQHandler
                0x10000190                NvicMux25_IRQHandler
                0x10000190                NvicMux13_IRQHandler
                0x10000190                NvicMux11_IRQHandler
                0x10000190                NvicMux9_IRQHandler
                0x10000190                NvicMux21_IRQHandler
                0x10000190                NvicMux6_IRQHandler
                0x10000190                NvicMux22_IRQHandler
                0x10000190                NvicMux7_IRQHandler
                0x10000190                NvicMux26_IRQHandler
                0x10000190                NvicMux4_IRQHandler
                0x10000190                Default_Handler
                0x10000190                NvicMux30_IRQHandler
                0x10000190                NvicMux12_IRQHandler
                0x10000190                NvicMux5_IRQHandler
                0x10000190                NvicMux14_IRQHandler
                0x10000190                NvicMux3_IRQHandler
                0x10000190                SVC_Handler
                0x10000190                NvicMux16_IRQHandler
                0x10000190                NvicMux29_IRQHandler
                0x10000190                NvicMux31_IRQHandler
                0x10000190                NvicMux18_IRQHandler
                0x10000190                NvicMux24_IRQHandler
                0x10000190                NvicMux20_IRQHandler
                0x10000190                NvicMux2_IRQHandler
                0x10000190                NvicMux15_IRQHandler
                0x10000190                NvicMux28_IRQHandler
                0x10000190                NvicMux23_IRQHandler
                0x10000194                HardFault_Handler
 .text.main     0x100001b0       0x18 .\CortexM0p\ARM_GCC_541\Debug\main_cm0p.o
                0x100001b0                main
 .text.SystemCoreClockUpdate
                0x100001c8      0x1b0 .\CortexM0p\ARM_GCC_541\Debug\system_psoc63_cm0plus.o
                0x100001c8                SystemCoreClockUpdate
 .text.SystemInit
                0x10000378       0xa4 .\CortexM0p\ARM_GCC_541\Debug\system_psoc63_cm0plus.o
                0x10000378                SystemInit
 .text.Cy_SysGetCM4Status
                0x1000041c       0x10 .\CortexM0p\ARM_GCC_541\Debug\system_psoc63_cm0plus.o
                0x1000041c                Cy_SysGetCM4Status
 .text.Cy_SysResetCM4
                0x1000042c       0x34 .\CortexM0p\ARM_GCC_541\Debug\system_psoc63_cm0plus.o
                0x1000042c                Cy_SysResetCM4
 .text.Cy_SysEnableCM4
                0x10000460       0x4c .\CortexM0p\ARM_GCC_541\Debug\system_psoc63_cm0plus.o
                0x10000460                Cy_SysEnableCM4
 .text.NvicMux1_IRQHandler
                0x100004ac       0x10 .\CortexM0p\ARM_GCC_541\Debug\cy_ipc_config.o
                0x100004ac                NvicMux1_IRQHandler
 .text.Cy_IPC_SystemSemaInit
                0x100004bc       0x14 .\CortexM0p\ARM_GCC_541\Debug\cy_ipc_config.o
                0x100004bc                Cy_IPC_SystemSemaInit
 .text.Cy_IPC_SystemPipeInit
                0x100004d0       0x24 .\CortexM0p\ARM_GCC_541\Debug\cy_ipc_config.o
                0x100004d0                Cy_IPC_SystemPipeInit
 .text.CyClockStartupError
                0x100004f4        0x4 .\CortexM0p\ARM_GCC_541\Debug\cyfitter_cfg.o
 .text.AnalogSetDefault
                0x100004f8       0x54 .\CortexM0p\ARM_GCC_541\Debug\cyfitter_cfg.o
 .text.ClockInit
                0x1000054c      0x218 .\CortexM0p\ARM_GCC_541\Debug\cyfitter_cfg.o
 .text.Cy_SystemInit
                0x10000764      0x1a8 .\CortexM0p\ARM_GCC_541\Debug\cyfitter_cfg.o
                0x10000764                Cy_SystemInit
 .text.Cy_SysInt_SetIntSource
                0x1000090c       0x88 .\CortexM0p\ARM_GCC_541\Debug\cy_sysint.o
                0x1000090c                Cy_SysInt_SetIntSource
 .text.Cy_SysInt_GetIntSource
                0x10000994       0x78 .\CortexM0p\ARM_GCC_541\Debug\cy_sysint.o
                0x10000994                Cy_SysInt_GetIntSource
 .text.Cy_SysInt_SetVector
                0x10000a0c       0x44 .\CortexM0p\ARM_GCC_541\Debug\cy_sysint.o
                0x10000a0c                Cy_SysInt_SetVector
 .text.Cy_SysInt_Init
                0x10000a50       0xcc .\CortexM0p\ARM_GCC_541\Debug\cy_sysint.o
                0x10000a50                Cy_SysInt_Init
 .text.Cy_IPC_Drv_LockRelease
                0x10000b1c       0x34 .\CortexM0p\ARM_GCC_541\Debug\cy_ipc_drv.o
                0x10000b1c                Cy_IPC_Drv_LockRelease
 .text.Cy_IPC_Drv_SendMsgWord
                0x10000b50       0x40 .\CortexM0p\ARM_GCC_541\Debug\cy_ipc_drv.o
                0x10000b50                Cy_IPC_Drv_SendMsgWord
 .text.Cy_IPC_Drv_ReadMsgWord
                0x10000b90       0x2c .\CortexM0p\ARM_GCC_541\Debug\cy_ipc_drv.o
                0x10000b90                Cy_IPC_Drv_ReadMsgWord
 .text.Cy_IPC_Sema_Init
                0x10000bbc       0xb8 .\CortexM0p\ARM_GCC_541\Debug\cy_ipc_sema.o
                0x10000bbc                Cy_IPC_Sema_Init
 .text.Cy_IPC_Sema_Clear
                0x10000c74       0x8c .\CortexM0p\ARM_GCC_541\Debug\cy_ipc_sema.o
                0x10000c74                Cy_IPC_Sema_Clear
 .text.Cy_IPC_Sema_Status
                0x10000d00       0x3c .\CortexM0p\ARM_GCC_541\Debug\cy_ipc_sema.o
                0x10000d00                Cy_IPC_Sema_Status
 .text.Cy_IPC_Pipe_Config
                0x10000d3c       0x14 .\CortexM0p\ARM_GCC_541\Debug\cy_ipc_pipe.o
                0x10000d3c                Cy_IPC_Pipe_Config
 .text.Cy_IPC_Pipe_EndpointInit
                0x10000d50       0xc0 .\CortexM0p\ARM_GCC_541\Debug\cy_ipc_pipe.o
                0x10000d50                Cy_IPC_Pipe_EndpointInit
 .text.Cy_IPC_Pipe_Init
                0x10000e10       0xcc .\CortexM0p\ARM_GCC_541\Debug\cy_ipc_pipe.o
                0x10000e10                Cy_IPC_Pipe_Init
 .text.Cy_IPC_Pipe_SendMessage
                0x10000edc       0xc0 .\CortexM0p\ARM_GCC_541\Debug\cy_ipc_pipe.o
                0x10000edc                Cy_IPC_Pipe_SendMessage
 .text.Cy_IPC_Pipe_RegisterCallback
                0x10000f9c       0x40 .\CortexM0p\ARM_GCC_541\Debug\cy_ipc_pipe.o
                0x10000f9c                Cy_IPC_Pipe_RegisterCallback
 .text.Cy_IPC_Pipe_ExecCallback
                0x10000fdc       0xc4 .\CortexM0p\ARM_GCC_541\Debug\cy_ipc_pipe.o
                0x10000fdc                Cy_IPC_Pipe_ExecCallback
 .text.Cy_SysClk_ClkPathSetSource
                0x100010a0       0x50 .\CortexM0p\ARM_GCC_541\Debug\cy_sysclk.o
                0x100010a0                Cy_SysClk_ClkPathSetSource
 .text.Cy_SysClk_FllManualConfigure
                0x100010f0      0x174 .\CortexM0p\ARM_GCC_541\Debug\cy_sysclk.o
                0x100010f0                Cy_SysClk_FllManualConfigure
 .text.Cy_SysClk_FllEnable
                0x10001264       0xcc .\CortexM0p\ARM_GCC_541\Debug\cy_sysclk.o
                0x10001264                Cy_SysClk_FllEnable
 .text.Cy_Flash_ProcessOpcode
                0x10001330       0xbc .\CortexM0p\ARM_GCC_541\Debug\cy_flash.o
 .text.Cy_Flash_OperationStatus
                0x100013ec       0x4c .\CortexM0p\ARM_GCC_541\Debug\cy_flash.o
 .text.Cy_Flash_Init
                0x10001438       0x14 .\CortexM0p\ARM_GCC_541\Debug\cy_flash.o
                0x10001438                Cy_Flash_Init
 .text.Cy_GPIO_Pin_Init
                0x1000144c      0x2d4 .\CortexM0p\ARM_GCC_541\Debug\cy_gpio.o
                0x1000144c                Cy_GPIO_Pin_Init
 .text.Cy_GPIO_Port_Init
                0x10001720       0xb4 .\CortexM0p\ARM_GCC_541\Debug\cy_gpio.o
                0x10001720                Cy_GPIO_Port_Init
 .text.SetVoltageBitForFlash
                0x100017d4       0x14 .\CortexM0p\ARM_GCC_541\Debug\cy_syspm.o
 .text.ClearVoltageBitForFlash
                0x100017e8       0x14 .\CortexM0p\ARM_GCC_541\Debug\cy_syspm.o
 .text.SaveRegisters
                0x100017fc       0x54 .\CortexM0p\ARM_GCC_541\Debug\cy_syspm.o
 .text.RestoreRegisters
                0x10001850       0x54 .\CortexM0p\ARM_GCC_541\Debug\cy_syspm.o
 .text.SetReadMarginTrimUlp
                0x100018a4       0x28 .\CortexM0p\ARM_GCC_541\Debug\cy_syspm.o
 .text.SetReadMarginTrimLp
                0x100018cc       0x28 .\CortexM0p\ARM_GCC_541\Debug\cy_syspm.o
 .text.SetWriteAssistTrimUlp
                0x100018f4       0x20 .\CortexM0p\ARM_GCC_541\Debug\cy_syspm.o
 .text.SetWriteAssistTrimLp
                0x10001914       0x20 .\CortexM0p\ARM_GCC_541\Debug\cy_syspm.o
 .text.Cy_SysPm_BuckEnable
                0x10001934      0x140 .\CortexM0p\ARM_GCC_541\Debug\cy_syspm.o
                0x10001934                Cy_SysPm_BuckEnable
 .text.Cy_SysPm_LdoSetVoltage
                0x10001a74       0xc8 .\CortexM0p\ARM_GCC_541\Debug\cy_syspm.o
                0x10001a74                Cy_SysPm_LdoSetVoltage
 .text.Cy_SysPm_ExecuteCallback
                0x10001b3c       0xc8 .\CortexM0p\ARM_GCC_541\Debug\cy_syspm.o
                0x10001b3c                Cy_SysPm_ExecuteCallback
 .text.Cy_SysPm_DeepSleep
                0x10001c04      0x110 .\CortexM0p\ARM_GCC_541\Debug\cy_syspm.o
                0x10001c04                Cy_SysPm_DeepSleep
 .text.Cy_SysLib_DelayUs
                0x10001d14       0x14 .\CortexM0p\ARM_GCC_541\Debug\cy_syslib.o
                0x10001d14                Cy_SysLib_DelayUs
 .text.Cy_SysLib_Halt
                0x10001d28        0x4 .\CortexM0p\ARM_GCC_541\Debug\cy_syslib.o
                0x10001d28                Cy_SysLib_Halt
 .text.Cy_SysLib_AssertFailed
                0x10001d2c       0x1c .\CortexM0p\ARM_GCC_541\Debug\cy_syslib.o
                0x10001d2c                Cy_SysLib_AssertFailed
 .text.Cy_SysLib_ResetBackupDomain
                0x10001d48       0x20 .\CortexM0p\ARM_GCC_541\Debug\cy_syslib.o
                0x10001d48                Cy_SysLib_ResetBackupDomain
 .text.Cy_SysLib_GetResetReason
                0x10001d68       0x1c .\CortexM0p\ARM_GCC_541\Debug\cy_syslib.o
                0x10001d68                Cy_SysLib_GetResetReason
 .text.Cy_SysLib_ProcessingFault
                0x10001d84        0x4 .\CortexM0p\ARM_GCC_541\Debug\cy_syslib.o
                0x10001d84                Cy_SysLib_ProcessingFault
 .text.Cy_SysLib_FaultHandler
                0x10001d88       0x30 .\CortexM0p\ARM_GCC_541\Debug\cy_syslib.o
                0x10001d88                Cy_SysLib_FaultHandler
 .text.Cy_SysLib_SetWaitStates
                0x10001db8       0x90 .\CortexM0p\ARM_GCC_541\Debug\cy_syslib.o
                0x10001db8                Cy_SysLib_SetWaitStates
 .text          0x10001e48       0x20 .\CortexM0p\ARM_GCC_541\Debug\cy_syslib_gcc.o
                0x10001e48                Cy_SysLib_DelayCycles
                0x10001e5a                Cy_SysLib_EnterCriticalSection
                0x10001e62                Cy_SysLib_ExitCriticalSection
 .text.Cy_SysTick_SetClockSource
                0x10001e68       0x34 .\CortexM0p\ARM_GCC_541\Debug\cy_systick.o
                0x10001e68                Cy_SysTick_SetClockSource
 .text          0x10001e9c      0x114 c:/program files (x86)/cypress/psoc creator/4.2/psoc creator/import/gnu/arm/5.4.1/bin/../lib/gcc/arm-none-eabi/5.4.1/armv6-m\libgcc.a(_udivsi3.o)
                0x10001e9c                __aeabi_uidiv
                0x10001e9c                __udivsi3
                0x10001fa8                __aeabi_uidivmod
 .text          0x10001fb0        0x4 c:/program files (x86)/cypress/psoc creator/4.2/psoc creator/import/gnu/arm/5.4.1/bin/../lib/gcc/arm-none-eabi/5.4.1/armv6-m\libgcc.a(_dvmd_tls.o)
                0x10001fb0                __aeabi_idiv0
                0x10001fb0                __aeabi_ldiv0
 .text.memset   0x10001fb4       0x10 c:/program files (x86)/cypress/psoc creator/4.2/psoc creator/import/gnu/arm/5.4.1/bin/../lib/gcc/arm-none-eabi/5.4.1/../../../../arm-none-eabi/lib/armv6-m\libg_nano.a(lib_a-memset.o)
                0x10001fb4                memset
 .text.strncpy  0x10001fc4       0x26 c:/program files (x86)/cypress/psoc creator/4.2/psoc creator/import/gnu/arm/5.4.1/bin/../lib/gcc/arm-none-eabi/5.4.1/../../../../arm-none-eabi/lib/armv6-m\libg_nano.a(lib_a-strncpy.o)
                0x10001fc4                strncpy
 *(.init)
 *fill*         0x10001fea        0x2 
 .init          0x10001fec        0x4 c:/program files (x86)/cypress/psoc creator/4.2/psoc creator/import/gnu/arm/5.4.1/bin/../lib/gcc/arm-none-eabi/5.4.1/armv6-m/crti.o
                0x10001fec                _init
 .init          0x10001ff0        0x8 c:/program files (x86)/cypress/psoc creator/4.2/psoc creator/import/gnu/arm/5.4.1/bin/../lib/gcc/arm-none-eabi/5.4.1/armv6-m/crtn.o
 *(.fini)
 .fini          0x10001ff8        0x4 c:/program files (x86)/cypress/psoc creator/4.2/psoc creator/import/gnu/arm/5.4.1/bin/../lib/gcc/arm-none-eabi/5.4.1/armv6-m/crti.o
                0x10001ff8                _fini
 .fini          0x10001ffc        0x8 c:/program files (x86)/cypress/psoc creator/4.2/psoc creator/import/gnu/arm/5.4.1/bin/../lib/gcc/arm-none-eabi/5.4.1/armv6-m/crtn.o
 *fill*         0x10002004        0x4 
 .fini.__stub   0x10002008       0x20 linker stubs
 *crtbegin.o(.ctors)
 *crtbegin?.o(.ctors)
 *(EXCLUDE_FILE(*crtend.o *crtend?.o) .ctors)
 *(SORT(.ctors.*))
 *(.ctors)
 *crtbegin.o(.dtors)
 *crtbegin?.o(.dtors)
 *(EXCLUDE_FILE(*crtend.o *crtend?.o) .dtors)
 *(SORT(.dtors.*))
 *(.dtors)
 *(.rodata .rodata.* .constdata .constdata.* .conststring .conststring.*)
 .rodata        0x10002028       0x34 .\CortexM0p\ARM_GCC_541\Debug\cy_ipc_config.o
 .rodata        0x1000205c       0xec .\CortexM0p\ARM_GCC_541\Debug\cyfitter_cfg.o
 .rodata        0x10002148       0x40 .\CortexM0p\ARM_GCC_541\Debug\cy_sysint.o
 .rodata.str1.4
                0x10002188       0x41 .\CortexM0p\ARM_GCC_541\Debug\cy_sysint.o
 *fill*         0x100021c9        0x3 
 .rodata.str1.4
                0x100021cc       0x7f .\CortexM0p\ARM_GCC_541\Debug\cy_ipc_drv.o
 *fill*         0x1000224b        0x1 
 .rodata.str1.4
                0x1000224c       0x3f .\CortexM0p\ARM_GCC_541\Debug\cy_ipc_sema.o
 *fill*         0x1000228b        0x1 
 .rodata.str1.4
                0x1000228c       0x40 .\CortexM0p\ARM_GCC_541\Debug\cy_ipc_pipe.o
                                 0x7f (size before relaxing)
 .rodata.str1.4
                0x100022cc       0x85 .\CortexM0p\ARM_GCC_541\Debug\cy_sysclk.o
 *fill*         0x10002351        0x3 
 .rodata.str1.4
                0x10002354       0x7d .\CortexM0p\ARM_GCC_541\Debug\cy_gpio.o
 *fill*         0x100023d1        0x3 
 .rodata.str1.4
                0x100023d4       0x40 .\CortexM0p\ARM_GCC_541\Debug\cy_syspm.o
                                 0x3f (size before relaxing)
 *(.eh_frame*)
 .eh_frame      0x10002414        0x0 c:/program files (x86)/cypress/psoc creator/4.2/psoc creator/import/gnu/arm/5.4.1/bin/../lib/gcc/arm-none-eabi/5.4.1/armv6-m/crtbegin.o
 .eh_frame      0x10002414        0x4 c:/program files (x86)/cypress/psoc creator/4.2/psoc creator/import/gnu/arm/5.4.1/bin/../lib/gcc/arm-none-eabi/5.4.1/armv6-m/crtend.o

.glue_7         0x10002418        0x0
 .glue_7        0x10002418        0x0 linker stubs

.glue_7t        0x10002418        0x0
 .glue_7t       0x10002418        0x0 linker stubs

.vfp11_veneer   0x10002418        0x0
 .vfp11_veneer  0x10002418        0x0 linker stubs

.v4_bx          0x10002418        0x0
 .v4_bx         0x10002418        0x0 linker stubs

.iplt           0x10002418        0x0
 .iplt          0x10002418        0x0 c:/program files (x86)/cypress/psoc creator/4.2/psoc creator/import/gnu/arm/5.4.1/bin/../lib/gcc/arm-none-eabi/5.4.1/armv6-m/crtbegin.o

.ARM.extab
 *(.ARM.extab* .gnu.linkonce.armextab.*)
                0x10002418                __exidx_start = .

.ARM.exidx
 *(.ARM.exidx* .gnu.linkonce.armexidx.*)
                0x10002418                __exidx_end = .

.copy.table     0x10002418       0x18
                0x10002418                . = ALIGN (0x4)
                0x10002418                __copy_table_start__ = .
                0x10002418        0x4 LONG 0x10000000 __Vectors
                0x1000241c        0x4 LONG 0x8000000 __ram_vectors_start__
                0x10002420        0x4 LONG 0xc0 (__Vectors_End - __Vectors)
                0x10002424        0x4 LONG 0x10002438 __etext
                0x10002428        0x4 LONG 0x80000c0 __data_start__
                0x1000242c        0x4 LONG 0x358 (__data_end__ - __data_start__)
                0x10002430                __copy_table_end__ = .

.zero.table     0x10002430        0x8
                0x10002430                . = ALIGN (0x4)
                0x10002430                __zero_table_start__ = .
                0x10002430        0x4 LONG 0x8000454 __bss_start__
                0x10002434        0x4 LONG 0x1f8 (__bss_end__ - __bss_start__)
                0x10002438                __zero_table_end__ = .
                0x10002438                __etext = .

.ramVectors     0x08000000       0xc0
                0x08000000                __ram_vectors_start__ = .
 *(.ram_vectors)
 .ram_vectors   0x08000000       0xc0 .\CortexM0p\ARM_GCC_541\Debug\startup_psoc63_cm0plus.o
                0x08000000                __ramVectors
                0x080000c0                __ram_vectors_end__ = .

.data           0x080000c0      0x358 load address 0x10002438
                0x080000c0                __data_start__ = .
 *(vtable)
 *(.data*)
 .data          0x080000c0       0x20 .\CortexM0p\ARM_GCC_541\Debug\system_psoc63_cm0plus.o
                0x080000c0                cy_BleEcoClockFreqHz
                0x080000c4                cy_Hfclk0FreqHz
                0x080000c8                cy_PeriClkFreqHz
                0x080000cc                SystemCoreClock
                0x080000d0                cy_delayFreqHz
                0x080000d4                cy_delayFreqMhz
                0x080000d8                cy_delayFreqKhz
                0x080000dc                cy_delay32kMs
 .data          0x080000e0        0x4 .\CortexM0p\ARM_GCC_541\Debug\cy_flash.o
                0x080000e4                . = ALIGN (0x4)
                0x080000e4                PROVIDE (__preinit_array_start, .)
 *(.preinit_array)
                0x080000e4                PROVIDE (__preinit_array_end, .)
                0x080000e4                . = ALIGN (0x4)
                0x080000e4                PROVIDE (__init_array_start, .)
 *(SORT(.init_array.*))
 *(.init_array)
 .init_array    0x080000e4        0x4 c:/program files (x86)/cypress/psoc creator/4.2/psoc creator/import/gnu/arm/5.4.1/bin/../lib/gcc/arm-none-eabi/5.4.1/armv6-m/crtbegin.o
                0x080000e8                PROVIDE (__init_array_end, .)
                0x080000e8                . = ALIGN (0x4)
                [!provide]                PROVIDE (__fini_array_start, .)
 *(SORT(.fini_array.*))
 *(.fini_array)
 .fini_array    0x080000e8        0x4 c:/program files (x86)/cypress/psoc creator/4.2/psoc creator/import/gnu/arm/5.4.1/bin/../lib/gcc/arm-none-eabi/5.4.1/armv6-m/crtbegin.o
                [!provide]                PROVIDE (__fini_array_end, .)
 *(.jcr*)
 .jcr           0x080000ec        0x0 c:/program files (x86)/cypress/psoc creator/4.2/psoc creator/import/gnu/arm/5.4.1/bin/../lib/gcc/arm-none-eabi/5.4.1/armv6-m/crtbegin.o
 .jcr           0x080000ec        0x4 c:/program files (x86)/cypress/psoc creator/4.2/psoc creator/import/gnu/arm/5.4.1/bin/../lib/gcc/arm-none-eabi/5.4.1/armv6-m/crtend.o
                0x080000f0                . = ALIGN (0x4)
 *(.cy_ramfunc*)
 .cy_ramfunc    0x080000f0      0x150 .\CortexM0p\ARM_GCC_541\Debug\cy_flash.o
 .cy_ramfunc    0x08000240      0x154 .\CortexM0p\ARM_GCC_541\Debug\cy_syspm.o
 *fill*         0x08000394        0x4 
 .cy_ramfunc.__stub
                0x08000398       0x80 linker stubs
                0x08000418                . = ALIGN (0x4)
                0x08000418                __data_end__ = .

.igot.plt       0x08000418        0x0 load address 0x10002790
 .igot.plt      0x08000418        0x0 c:/program files (x86)/cypress/psoc creator/4.2/psoc creator/import/gnu/arm/5.4.1/bin/../lib/gcc/arm-none-eabi/5.4.1/armv6-m/crtbegin.o

.noinit         0x08000418       0x3c load address 0x10002790
 *(.noinit)
 .noinit        0x08000418       0x3c .\CortexM0p\ARM_GCC_541\Debug\cy_syslib.o
                0x08000418                cy_assertFileName
                0x08000430                cy_assertLine
                0x08000434                cy_faultFrame

.bss            0x08000454      0x1f8 load address 0x100027cc
                0x08000454                . = ALIGN (0x4)
                0x08000454                __bss_start__ = .
 *(.bss*)
 .bss           0x08000454       0x1c c:/program files (x86)/cypress/psoc creator/4.2/psoc creator/import/gnu/arm/5.4.1/bin/../lib/gcc/arm-none-eabi/5.4.1/armv6-m/crtbegin.o
 .bss           0x08000470      0x190 .\CortexM0p\ARM_GCC_541\Debug\cy_ipc_config.o
 .bss           0x08000600        0xc .\CortexM0p\ARM_GCC_541\Debug\cy_ipc_sema.o
 .bss           0x0800060c        0x4 .\CortexM0p\ARM_GCC_541\Debug\cy_ipc_pipe.o
 .bss           0x08000610       0x10 .\CortexM0p\ARM_GCC_541\Debug\cy_flash.o
 .bss           0x08000620       0x2c .\CortexM0p\ARM_GCC_541\Debug\cy_syspm.o
 *(COMMON)
                0x0800064c                . = ALIGN (0x4)
                0x0800064c                __bss_end__ = .

.heap           0x08000650      0x400
                0x08000650                __HeapBase = .
                0x08000650                __end__ = .
                0x08000650                end = __end__
 *(.heap*)
 .heap          0x08000650      0x400 .\CortexM0p\ARM_GCC_541\Debug\startup_psoc63_cm0plus.o
                0x08000a50                __HeapLimit = .

.stack_dummy    0x08000650     0x1000
 *(.stack*)
 .stack         0x08000650     0x1000 .\CortexM0p\ARM_GCC_541\Debug\startup_psoc63_cm0plus.o
                0x08024000                __StackTop = (ORIGIN (ram) + LENGTH (ram))
                0x08023000                __StackLimit = (__StackTop - SIZEOF (.stack_dummy))
                0x08024000                PROVIDE (__stack, __StackTop)
                0x00000001                ASSERT ((__StackLimit >= __HeapLimit), region RAM overflowed with stack)

.cy_em_eeprom
 *(.cy_em_eeprom)

.cy_sflash_user_data
 *(.cy_sflash_user_data)

.cy_sflash_nar
 *(.cy_sflash_nar)

.cy_sflash_public_key
 *(.cy_sflash_public_key)

.cy_toc_part2
 *(.cy_toc_part2)

.cy_rtoc_part2
 *(.cy_rtoc_part2)

.cy_xip
 *(.cy_xip)

.cy_efuse
 *(.cy_efuse)

.cymeta         0x90500000        0xc
 *(.cymeta)
 .cymeta        0x90500000        0xc .\CortexM0p\ARM_GCC_541\Debug\cymetadata.o
                0x90500000                cy_metadata
                0x10000000                __cy_memory_0_start = 0x10000000
                0x00100000                __cy_memory_0_length = 0x100000
                0x00000200                __cy_memory_0_row_size = 0x200
                0x14000000                __cy_memory_1_start = 0x14000000
                0x00008000                __cy_memory_1_length = 0x8000
                0x00000200                __cy_memory_1_row_size = 0x200
                0x16000000                __cy_memory_2_start = 0x16000000
                0x00008000                __cy_memory_2_length = 0x8000
                0x00000200                __cy_memory_2_row_size = 0x200
                0x18000000                __cy_memory_3_start = 0x18000000
                0x08000000                __cy_memory_3_length = 0x8000000
                0x00000200                __cy_memory_3_row_size = 0x200
                0x90700000                __cy_memory_4_start = 0x90700000
                0x00100000                __cy_memory_4_length = 0x100000
                0x00000001                __cy_memory_4_row_size = 0x1
OUTPUT(C:\Users\Agentos\Documents\PSoC Creator\lab11\lab11.cydsn\CortexM0p\ARM_GCC_541\Debug\lab11_link.elf elf32-littlearm)

.rel.dyn        0x0800064c        0x0 load address 0x98502384
 .rel.iplt      0x0800064c        0x0 c:/program files (x86)/cypress/psoc creator/4.2/psoc creator/import/gnu/arm/5.4.1/bin/../lib/gcc/arm-none-eabi/5.4.1/armv6-m/crtbegin.o

.ARM.attributes
                0x00000000       0x28
 .ARM.attributes
                0x00000000       0x1e c:/program files (x86)/cypress/psoc creator/4.2/psoc creator/import/gnu/arm/5.4.1/bin/../lib/gcc/arm-none-eabi/5.4.1/armv6-m/crti.o
 .ARM.attributes
                0x0000001e       0x2c c:/program files (x86)/cypress/psoc creator/4.2/psoc creator/import/gnu/arm/5.4.1/bin/../lib/gcc/arm-none-eabi/5.4.1/armv6-m/crtbegin.o
 .ARM.attributes
                0x0000004a       0x1b .\CortexM0p\ARM_GCC_541\Debug\startup_psoc63_cm0plus.o
 .ARM.attributes
                0x00000065       0x32 .\CortexM0p\ARM_GCC_541\Debug\main_cm0p.o
 .ARM.attributes
                0x00000097       0x32 .\CortexM0p\ARM_GCC_541\Debug\system_psoc63_cm0plus.o
 .ARM.attributes
                0x000000c9       0x32 .\CortexM0p\ARM_GCC_541\Debug\cy_ipc_config.o
 .ARM.attributes
                0x000000fb       0x32 .\CortexM0p\ARM_GCC_541\Debug\cyfitter_cfg.o
 .ARM.attributes
                0x0000012d       0x32 .\CortexM0p\ARM_GCC_541\Debug\cymetadata.o
 .ARM.attributes
                0x0000015f       0x32 .\CortexM0p\ARM_GCC_541\Debug\cy_sysint.o
 .ARM.attributes
                0x00000191       0x32 .\CortexM0p\ARM_GCC_541\Debug\cy_ipc_drv.o
 .ARM.attributes
                0x000001c3       0x32 .\CortexM0p\ARM_GCC_541\Debug\cy_ipc_sema.o
 .ARM.attributes
                0x000001f5       0x32 .\CortexM0p\ARM_GCC_541\Debug\cy_ipc_pipe.o
 .ARM.attributes
                0x00000227       0x32 .\CortexM0p\ARM_GCC_541\Debug\cy_sysclk.o
 .ARM.attributes
                0x00000259       0x32 .\CortexM0p\ARM_GCC_541\Debug\cy_flash.o
 .ARM.attributes
                0x0000028b       0x32 .\CortexM0p\ARM_GCC_541\Debug\cy_gpio.o
 .ARM.attributes
                0x000002bd       0x32 .\CortexM0p\ARM_GCC_541\Debug\cy_syspm.o
 .ARM.attributes
                0x000002ef       0x32 .\CortexM0p\ARM_GCC_541\Debug\cy_syslib.o
 .ARM.attributes
                0x00000321       0x22 .\CortexM0p\ARM_GCC_541\Debug\cy_syslib_gcc.o
 .ARM.attributes
                0x00000343       0x32 .\CortexM0p\ARM_GCC_541\Debug\cy_systick.o
 .ARM.attributes
                0x00000375       0x1e c:/program files (x86)/cypress/psoc creator/4.2/psoc creator/import/gnu/arm/5.4.1/bin/../lib/gcc/arm-none-eabi/5.4.1/armv6-m\libgcc.a(_udivsi3.o)
 .ARM.attributes
                0x00000393       0x1e c:/program files (x86)/cypress/psoc creator/4.2/psoc creator/import/gnu/arm/5.4.1/bin/../lib/gcc/arm-none-eabi/5.4.1/armv6-m\libgcc.a(_dvmd_tls.o)
 .ARM.attributes
                0x000003b1       0x2c c:/program files (x86)/cypress/psoc creator/4.2/psoc creator/import/gnu/arm/5.4.1/bin/../lib/gcc/arm-none-eabi/5.4.1/../../../../arm-none-eabi/lib/armv6-m\libg_nano.a(lib_a-memset.o)
 .ARM.attributes
                0x000003dd       0x2c c:/program files (x86)/cypress/psoc creator/4.2/psoc creator/import/gnu/arm/5.4.1/bin/../lib/gcc/arm-none-eabi/5.4.1/../../../../arm-none-eabi/lib/armv6-m\libg_nano.a(lib_a-strncpy.o)
 .ARM.attributes
                0x00000409       0x2c c:/program files (x86)/cypress/psoc creator/4.2/psoc creator/import/gnu/arm/5.4.1/bin/../lib/gcc/arm-none-eabi/5.4.1/armv6-m/crtend.o
 .ARM.attributes
                0x00000435       0x1e c:/program files (x86)/cypress/psoc creator/4.2/psoc creator/import/gnu/arm/5.4.1/bin/../lib/gcc/arm-none-eabi/5.4.1/armv6-m/crtn.o

.comment        0x00000000       0x6e
 .comment       0x00000000       0x6e .\CortexM0p\ARM_GCC_541\Debug\main_cm0p.o
                                 0x6f (size before relaxing)
 .comment       0x0000006e       0x6f .\CortexM0p\ARM_GCC_541\Debug\system_psoc63_cm0plus.o
 .comment       0x0000006e       0x6f .\CortexM0p\ARM_GCC_541\Debug\cy_ipc_config.o
 .comment       0x0000006e       0x6f .\CortexM0p\ARM_GCC_541\Debug\cyfitter_cfg.o
 .comment       0x0000006e       0x6f .\CortexM0p\ARM_GCC_541\Debug\cymetadata.o
 .comment       0x0000006e       0x6f .\CortexM0p\ARM_GCC_541\Debug\cy_sysint.o
 .comment       0x0000006e       0x6f .\CortexM0p\ARM_GCC_541\Debug\cy_ipc_drv.o
 .comment       0x0000006e       0x6f .\CortexM0p\ARM_GCC_541\Debug\cy_ipc_sema.o
 .comment       0x0000006e       0x6f .\CortexM0p\ARM_GCC_541\Debug\cy_ipc_pipe.o
 .comment       0x0000006e       0x6f .\CortexM0p\ARM_GCC_541\Debug\cy_sysclk.o
 .comment       0x0000006e       0x6f .\CortexM0p\ARM_GCC_541\Debug\cy_flash.o
 .comment       0x0000006e       0x6f .\CortexM0p\ARM_GCC_541\Debug\cy_gpio.o
 .comment       0x0000006e       0x6f .\CortexM0p\ARM_GCC_541\Debug\cy_syspm.o
 .comment       0x0000006e       0x6f .\CortexM0p\ARM_GCC_541\Debug\cy_syslib.o
 .comment       0x0000006e       0x6f .\CortexM0p\ARM_GCC_541\Debug\cy_systick.o

.debug_line     0x00000000     0x3fc1
 .debug_line    0x00000000       0xa4 .\CortexM0p\ARM_GCC_541\Debug\startup_psoc63_cm0plus.o
 .debug_line    0x000000a4      0x289 .\CortexM0p\ARM_GCC_541\Debug\main_cm0p.o
 .debug_line    0x0000032d      0x391 .\CortexM0p\ARM_GCC_541\Debug\system_psoc63_cm0plus.o
 .debug_line    0x000006be      0x286 .\CortexM0p\ARM_GCC_541\Debug\cy_ipc_config.o
 .debug_line    0x00000944      0x4a4 .\CortexM0p\ARM_GCC_541\Debug\cyfitter_cfg.o
 .debug_line    0x00000de8      0x141 .\CortexM0p\ARM_GCC_541\Debug\cymetadata.o
 .debug_line    0x00000f29      0x344 .\CortexM0p\ARM_GCC_541\Debug\cy_sysint.o
 .debug_line    0x0000126d      0x275 .\CortexM0p\ARM_GCC_541\Debug\cy_ipc_drv.o
 .debug_line    0x000014e2      0x323 .\CortexM0p\ARM_GCC_541\Debug\cy_ipc_sema.o
 .debug_line    0x00001805      0x521 .\CortexM0p\ARM_GCC_541\Debug\cy_ipc_pipe.o
 .debug_line    0x00001d26      0x91d .\CortexM0p\ARM_GCC_541\Debug\cy_sysclk.o
 .debug_line    0x00002643      0x5e3 .\CortexM0p\ARM_GCC_541\Debug\cy_flash.o
 .debug_line    0x00002c26      0x40d .\CortexM0p\ARM_GCC_541\Debug\cy_gpio.o
 .debug_line    0x00003033      0x7c4 .\CortexM0p\ARM_GCC_541\Debug\cy_syspm.o
 .debug_line    0x000037f7      0x42e .\CortexM0p\ARM_GCC_541\Debug\cy_syslib.o
 .debug_line    0x00003c25       0x89 .\CortexM0p\ARM_GCC_541\Debug\cy_syslib_gcc.o
 .debug_line    0x00003cae      0x313 .\CortexM0p\ARM_GCC_541\Debug\cy_systick.o

.debug_info     0x00000000    0x16f77
 .debug_info    0x00000000       0x8a .\CortexM0p\ARM_GCC_541\Debug\startup_psoc63_cm0plus.o
 .debug_info    0x0000008a      0x39b .\CortexM0p\ARM_GCC_541\Debug\main_cm0p.o
 .debug_info    0x00000425     0x189a .\CortexM0p\ARM_GCC_541\Debug\system_psoc63_cm0plus.o
 .debug_info    0x00001cbf      0x5ac .\CortexM0p\ARM_GCC_541\Debug\cy_ipc_config.o
 .debug_info    0x0000226b     0x455b .\CortexM0p\ARM_GCC_541\Debug\cyfitter_cfg.o
 .debug_info    0x000067c6       0xac .\CortexM0p\ARM_GCC_541\Debug\cymetadata.o
 .debug_info    0x00006872      0xf3f .\CortexM0p\ARM_GCC_541\Debug\cy_sysint.o
 .debug_info    0x000077b1      0x45f .\CortexM0p\ARM_GCC_541\Debug\cy_ipc_drv.o
 .debug_info    0x00007c10      0x7e3 .\CortexM0p\ARM_GCC_541\Debug\cy_ipc_sema.o
 .debug_info    0x000083f3     0x1526 .\CortexM0p\ARM_GCC_541\Debug\cy_ipc_pipe.o
 .debug_info    0x00009919     0x252e .\CortexM0p\ARM_GCC_541\Debug\cy_sysclk.o
 .debug_info    0x0000be47     0x20fc .\CortexM0p\ARM_GCC_541\Debug\cy_flash.o
 .debug_info    0x0000df43     0x2cbe .\CortexM0p\ARM_GCC_541\Debug\cy_gpio.o
 .debug_info    0x00010c01     0x396c .\CortexM0p\ARM_GCC_541\Debug\cy_syspm.o
 .debug_info    0x0001456d     0x20d1 .\CortexM0p\ARM_GCC_541\Debug\cy_syslib.o
 .debug_info    0x0001663e       0xab .\CortexM0p\ARM_GCC_541\Debug\cy_syslib_gcc.o
 .debug_info    0x000166e9      0x88e .\CortexM0p\ARM_GCC_541\Debug\cy_systick.o

.debug_abbrev   0x00000000     0x20e2
 .debug_abbrev  0x00000000       0x14 .\CortexM0p\ARM_GCC_541\Debug\startup_psoc63_cm0plus.o
 .debug_abbrev  0x00000014      0x177 .\CortexM0p\ARM_GCC_541\Debug\main_cm0p.o
 .debug_abbrev  0x0000018b      0x1e8 .\CortexM0p\ARM_GCC_541\Debug\system_psoc63_cm0plus.o
 .debug_abbrev  0x00000373      0x14a .\CortexM0p\ARM_GCC_541\Debug\cy_ipc_config.o
 .debug_abbrev  0x000004bd      0x2b9 .\CortexM0p\ARM_GCC_541\Debug\cyfitter_cfg.o
 .debug_abbrev  0x00000776       0x5d .\CortexM0p\ARM_GCC_541\Debug\cymetadata.o
 .debug_abbrev  0x000007d3      0x260 .\CortexM0p\ARM_GCC_541\Debug\cy_sysint.o
 .debug_abbrev  0x00000a33      0x166 .\CortexM0p\ARM_GCC_541\Debug\cy_ipc_drv.o
 .debug_abbrev  0x00000b99      0x21c .\CortexM0p\ARM_GCC_541\Debug\cy_ipc_sema.o
 .debug_abbrev  0x00000db5      0x2f1 .\CortexM0p\ARM_GCC_541\Debug\cy_ipc_pipe.o
 .debug_abbrev  0x000010a6      0x37a .\CortexM0p\ARM_GCC_541\Debug\cy_sysclk.o
 .debug_abbrev  0x00001420      0x308 .\CortexM0p\ARM_GCC_541\Debug\cy_flash.o
 .debug_abbrev  0x00001728      0x1c6 .\CortexM0p\ARM_GCC_541\Debug\cy_gpio.o
 .debug_abbrev  0x000018ee      0x2fb .\CortexM0p\ARM_GCC_541\Debug\cy_syspm.o
 .debug_abbrev  0x00001be9      0x2d9 .\CortexM0p\ARM_GCC_541\Debug\cy_syslib.o
 .debug_abbrev  0x00001ec2       0x14 .\CortexM0p\ARM_GCC_541\Debug\cy_syslib_gcc.o
 .debug_abbrev  0x00001ed6      0x20c .\CortexM0p\ARM_GCC_541\Debug\cy_systick.o

.debug_aranges  0x00000000      0x5b0
 .debug_aranges
                0x00000000       0x20 .\CortexM0p\ARM_GCC_541\Debug\startup_psoc63_cm0plus.o
 .debug_aranges
                0x00000020       0x20 .\CortexM0p\ARM_GCC_541\Debug\main_cm0p.o
 .debug_aranges
                0x00000040       0x58 .\CortexM0p\ARM_GCC_541\Debug\system_psoc63_cm0plus.o
 .debug_aranges
                0x00000098       0x30 .\CortexM0p\ARM_GCC_541\Debug\cy_ipc_config.o
 .debug_aranges
                0x000000c8       0x38 .\CortexM0p\ARM_GCC_541\Debug\cyfitter_cfg.o
 .debug_aranges
                0x00000100       0x18 .\CortexM0p\ARM_GCC_541\Debug\cymetadata.o
 .debug_aranges
                0x00000118       0x40 .\CortexM0p\ARM_GCC_541\Debug\cy_sysint.o
 .debug_aranges
                0x00000158       0x30 .\CortexM0p\ARM_GCC_541\Debug\cy_ipc_drv.o
 .debug_aranges
                0x00000188       0x40 .\CortexM0p\ARM_GCC_541\Debug\cy_ipc_sema.o
 .debug_aranges
                0x000001c8       0x60 .\CortexM0p\ARM_GCC_541\Debug\cy_ipc_pipe.o
 .debug_aranges
                0x00000228       0xa8 .\CortexM0p\ARM_GCC_541\Debug\cy_sysclk.o
 .debug_aranges
                0x000002d0       0xa8 .\CortexM0p\ARM_GCC_541\Debug\cy_flash.o
 .debug_aranges
                0x00000378       0x38 .\CortexM0p\ARM_GCC_541\Debug\cy_gpio.o
 .debug_aranges
                0x000003b0      0x108 .\CortexM0p\ARM_GCC_541\Debug\cy_syspm.o
 .debug_aranges
                0x000004b8       0x80 .\CortexM0p\ARM_GCC_541\Debug\cy_syslib.o
 .debug_aranges
                0x00000538       0x20 .\CortexM0p\ARM_GCC_541\Debug\cy_syslib_gcc.o
 .debug_aranges
                0x00000558       0x58 .\CortexM0p\ARM_GCC_541\Debug\cy_systick.o

.debug_ranges   0x00000000      0x538
 .debug_ranges  0x00000000       0x10 .\CortexM0p\ARM_GCC_541\Debug\main_cm0p.o
 .debug_ranges  0x00000010       0x60 .\CortexM0p\ARM_GCC_541\Debug\system_psoc63_cm0plus.o
 .debug_ranges  0x00000070       0x20 .\CortexM0p\ARM_GCC_541\Debug\cy_ipc_config.o
 .debug_ranges  0x00000090       0x28 .\CortexM0p\ARM_GCC_541\Debug\cyfitter_cfg.o
 .debug_ranges  0x000000b8       0x30 .\CortexM0p\ARM_GCC_541\Debug\cy_sysint.o
 .debug_ranges  0x000000e8       0x20 .\CortexM0p\ARM_GCC_541\Debug\cy_ipc_drv.o
 .debug_ranges  0x00000108       0x30 .\CortexM0p\ARM_GCC_541\Debug\cy_ipc_sema.o
 .debug_ranges  0x00000138       0x50 .\CortexM0p\ARM_GCC_541\Debug\cy_ipc_pipe.o
 .debug_ranges  0x00000188      0x128 .\CortexM0p\ARM_GCC_541\Debug\cy_sysclk.o
 .debug_ranges  0x000002b0       0x98 .\CortexM0p\ARM_GCC_541\Debug\cy_flash.o
 .debug_ranges  0x00000348       0x28 .\CortexM0p\ARM_GCC_541\Debug\cy_gpio.o
 .debug_ranges  0x00000370      0x110 .\CortexM0p\ARM_GCC_541\Debug\cy_syspm.o
 .debug_ranges  0x00000480       0x70 .\CortexM0p\ARM_GCC_541\Debug\cy_syslib.o
 .debug_ranges  0x000004f0       0x48 .\CortexM0p\ARM_GCC_541\Debug\cy_systick.o

.debug_str      0x00000000     0xc243
 .debug_str     0x00000000      0x40d .\CortexM0p\ARM_GCC_541\Debug\main_cm0p.o
                                0x462 (size before relaxing)
 .debug_str     0x0000040d      0xe34 .\CortexM0p\ARM_GCC_541\Debug\system_psoc63_cm0plus.o
                               0x11ee (size before relaxing)
 .debug_str     0x00001241      0x527 .\CortexM0p\ARM_GCC_541\Debug\cy_ipc_config.o
                                0x758 (size before relaxing)
 .debug_str     0x00001768     0x6ced .\CortexM0p\ARM_GCC_541\Debug\cyfitter_cfg.o
                               0x75b9 (size before relaxing)
 .debug_str     0x00008455       0x30 .\CortexM0p\ARM_GCC_541\Debug\cymetadata.o
                                0x19b (size before relaxing)
 .debug_str     0x00008485     0x114c .\CortexM0p\ARM_GCC_541\Debug\cy_sysint.o
                               0x1860 (size before relaxing)
 .debug_str     0x000095d1      0x196 .\CortexM0p\ARM_GCC_541\Debug\cy_ipc_drv.o
                                0x386 (size before relaxing)
 .debug_str     0x00009767      0x24c .\CortexM0p\ARM_GCC_541\Debug\cy_ipc_sema.o
                                0x5ac (size before relaxing)
 .debug_str     0x000099b3      0x458 .\CortexM0p\ARM_GCC_541\Debug\cy_ipc_pipe.o
                               0x1c09 (size before relaxing)
 .debug_str     0x00009e0b      0xb38 .\CortexM0p\ARM_GCC_541\Debug\cy_sysclk.o
                               0x1b8b (size before relaxing)
 .debug_str     0x0000a943      0x767 .\CortexM0p\ARM_GCC_541\Debug\cy_flash.o
                               0x1931 (size before relaxing)
 .debug_str     0x0000b0aa      0x175 .\CortexM0p\ARM_GCC_541\Debug\cy_gpio.o
                               0x5b13 (size before relaxing)
 .debug_str     0x0000b21f      0xc03 .\CortexM0p\ARM_GCC_541\Debug\cy_syspm.o
                               0x22b5 (size before relaxing)
 .debug_str     0x0000be22      0x23c .\CortexM0p\ARM_GCC_541\Debug\cy_syslib.o
                               0x16bf (size before relaxing)
 .debug_str     0x0000c05e      0x1e5 .\CortexM0p\ARM_GCC_541\Debug\cy_systick.o
                                0x769 (size before relaxing)

.debug_frame    0x00000000      0xf40
 .debug_frame   0x00000000       0x2c .\CortexM0p\ARM_GCC_541\Debug\main_cm0p.o
 .debug_frame   0x0000002c       0xe0 .\CortexM0p\ARM_GCC_541\Debug\system_psoc63_cm0plus.o
 .debug_frame   0x0000010c       0x64 .\CortexM0p\ARM_GCC_541\Debug\cy_ipc_config.o
 .debug_frame   0x00000170       0x74 .\CortexM0p\ARM_GCC_541\Debug\cyfitter_cfg.o
 .debug_frame   0x000001e4       0x94 .\CortexM0p\ARM_GCC_541\Debug\cy_sysint.o
 .debug_frame   0x00000278       0x70 .\CortexM0p\ARM_GCC_541\Debug\cy_ipc_drv.o
 .debug_frame   0x000002e8       0xa8 .\CortexM0p\ARM_GCC_541\Debug\cy_ipc_sema.o
 .debug_frame   0x00000390      0x134 .\CortexM0p\ARM_GCC_541\Debug\cy_ipc_pipe.o
 .debug_frame   0x000004c4      0x264 .\CortexM0p\ARM_GCC_541\Debug\cy_sysclk.o
 .debug_frame   0x00000728      0x1f8 .\CortexM0p\ARM_GCC_541\Debug\cy_flash.o
 .debug_frame   0x00000920       0x90 .\CortexM0p\ARM_GCC_541\Debug\cy_gpio.o
 .debug_frame   0x000009b0      0x344 .\CortexM0p\ARM_GCC_541\Debug\cy_syspm.o
 .debug_frame   0x00000cf4      0x134 .\CortexM0p\ARM_GCC_541\Debug\cy_syslib.o
 .debug_frame   0x00000e28       0xac .\CortexM0p\ARM_GCC_541\Debug\cy_systick.o
 .debug_frame   0x00000ed4       0x20 c:/program files (x86)/cypress/psoc creator/4.2/psoc creator/import/gnu/arm/5.4.1/bin/../lib/gcc/arm-none-eabi/5.4.1/armv6-m\libgcc.a(_udivsi3.o)
 .debug_frame   0x00000ef4       0x20 c:/program files (x86)/cypress/psoc creator/4.2/psoc creator/import/gnu/arm/5.4.1/bin/../lib/gcc/arm-none-eabi/5.4.1/../../../../arm-none-eabi/lib/armv6-m\libg_nano.a(lib_a-memset.o)
 .debug_frame   0x00000f14       0x2c c:/program files (x86)/cypress/psoc creator/4.2/psoc creator/import/gnu/arm/5.4.1/bin/../lib/gcc/arm-none-eabi/5.4.1/../../../../arm-none-eabi/lib/armv6-m\libg_nano.a(lib_a-strncpy.o)

.debug_loc      0x00000000     0x5688
 .debug_loc     0x00000000      0x358 .\CortexM0p\ARM_GCC_541\Debug\system_psoc63_cm0plus.o
 .debug_loc     0x00000358       0x1e .\CortexM0p\ARM_GCC_541\Debug\cy_ipc_config.o
 .debug_loc     0x00000376      0x42a .\CortexM0p\ARM_GCC_541\Debug\cyfitter_cfg.o
 .debug_loc     0x000007a0      0x583 .\CortexM0p\ARM_GCC_541\Debug\cy_sysint.o
 .debug_loc     0x00000d23      0x303 .\CortexM0p\ARM_GCC_541\Debug\cy_ipc_drv.o
 .debug_loc     0x00001026      0x743 .\CortexM0p\ARM_GCC_541\Debug\cy_ipc_sema.o
 .debug_loc     0x00001769      0x77c .\CortexM0p\ARM_GCC_541\Debug\cy_ipc_pipe.o
 .debug_loc     0x00001ee5     0x181e .\CortexM0p\ARM_GCC_541\Debug\cy_sysclk.o
 .debug_loc     0x00003703      0xb51 .\CortexM0p\ARM_GCC_541\Debug\cy_flash.o
 .debug_loc     0x00004254      0x758 .\CortexM0p\ARM_GCC_541\Debug\cy_gpio.o
 .debug_loc     0x000049ac      0x91a .\CortexM0p\ARM_GCC_541\Debug\cy_syspm.o
 .debug_loc     0x000052c6      0x228 .\CortexM0p\ARM_GCC_541\Debug\cy_syslib.o
 .debug_loc     0x000054ee      0x19a .\CortexM0p\ARM_GCC_541\Debug\cy_systick.o
