ARM GAS  C:\Users\cypress\AppData\Local\Temp\ccd3xn7I.s 			page 1


   1              		.syntax unified
   2              		.cpu cortex-m0
   3              		.fpu softvfp
   4              		.eabi_attribute 20, 1
   5              		.eabi_attribute 21, 1
   6              		.eabi_attribute 23, 3
   7              		.eabi_attribute 24, 1
   8              		.eabi_attribute 25, 1
   9              		.eabi_attribute 26, 1
  10              		.eabi_attribute 30, 6
  11              		.eabi_attribute 34, 0
  12              		.eabi_attribute 18, 4
  13              		.thumb
  14              		.syntax unified
  15              		.file	"cyfitter_cfg.c"
  16              		.text
  17              	.Ltext0:
  18              		.cfi_sections	.debug_frame
  19              		.section	.text.CYMEMZERO,"ax",%progbits
  20              		.align	2
  21              		.code	16
  22              		.thumb_func
  23              		.type	CYMEMZERO, %function
  24              	CYMEMZERO:
  25              	.LFB2:
  26              		.file 1 "Generated_Source\\PSoC4\\cyfitter_cfg.c"
   1:Generated_Source\PSoC4/cyfitter_cfg.c **** 
   2:Generated_Source\PSoC4/cyfitter_cfg.c **** /*******************************************************************************
   3:Generated_Source\PSoC4/cyfitter_cfg.c **** * File Name: cyfitter_cfg.c
   4:Generated_Source\PSoC4/cyfitter_cfg.c **** * 
   5:Generated_Source\PSoC4/cyfitter_cfg.c **** * PSoC Creator  4.2
   6:Generated_Source\PSoC4/cyfitter_cfg.c **** *
   7:Generated_Source\PSoC4/cyfitter_cfg.c **** * Description:
   8:Generated_Source\PSoC4/cyfitter_cfg.c **** * This file contains device initialization code.
   9:Generated_Source\PSoC4/cyfitter_cfg.c **** * Except for the user defined sections in CyClockStartupError(), this file should not be modified.
  10:Generated_Source\PSoC4/cyfitter_cfg.c **** * This file is automatically generated by PSoC Creator.
  11:Generated_Source\PSoC4/cyfitter_cfg.c **** *
  12:Generated_Source\PSoC4/cyfitter_cfg.c **** ********************************************************************************
  13:Generated_Source\PSoC4/cyfitter_cfg.c **** * Copyright (c) 2007-2018 Cypress Semiconductor.  All rights reserved.
  14:Generated_Source\PSoC4/cyfitter_cfg.c **** * You may use this file only in accordance with the license, terms, conditions, 
  15:Generated_Source\PSoC4/cyfitter_cfg.c **** * disclaimers, and limitations in the end user license agreement accompanying 
  16:Generated_Source\PSoC4/cyfitter_cfg.c **** * the software package with which this file was provided.
  17:Generated_Source\PSoC4/cyfitter_cfg.c **** ********************************************************************************/
  18:Generated_Source\PSoC4/cyfitter_cfg.c **** 
  19:Generated_Source\PSoC4/cyfitter_cfg.c **** #include <string.h>
  20:Generated_Source\PSoC4/cyfitter_cfg.c **** #include "cytypes.h"
  21:Generated_Source\PSoC4/cyfitter_cfg.c **** #include "cydevice_trm.h"
  22:Generated_Source\PSoC4/cyfitter_cfg.c **** #include "cyfitter.h"
  23:Generated_Source\PSoC4/cyfitter_cfg.c **** #include "CyLib.h"
  24:Generated_Source\PSoC4/cyfitter_cfg.c **** #include "CyLFClk.h"
  25:Generated_Source\PSoC4/cyfitter_cfg.c **** #include "cyfitter_cfg.h"
  26:Generated_Source\PSoC4/cyfitter_cfg.c **** #include "cyapicallbacks.h"
  27:Generated_Source\PSoC4/cyfitter_cfg.c **** 
  28:Generated_Source\PSoC4/cyfitter_cfg.c **** 
  29:Generated_Source\PSoC4/cyfitter_cfg.c **** #if defined(__GNUC__) || defined(__ARMCC_VERSION)
  30:Generated_Source\PSoC4/cyfitter_cfg.c ****     #define CYPACKED 
  31:Generated_Source\PSoC4/cyfitter_cfg.c ****     #define CYPACKED_ATTR __attribute__ ((packed))
ARM GAS  C:\Users\cypress\AppData\Local\Temp\ccd3xn7I.s 			page 2


  32:Generated_Source\PSoC4/cyfitter_cfg.c ****     #define CYALIGNED __attribute__ ((aligned))
  33:Generated_Source\PSoC4/cyfitter_cfg.c ****     #define CY_CFG_UNUSED __attribute__ ((unused))
  34:Generated_Source\PSoC4/cyfitter_cfg.c ****     #ifndef CY_CFG_SECTION
  35:Generated_Source\PSoC4/cyfitter_cfg.c ****         #define CY_CFG_SECTION __attribute__ ((section(".psocinit")))
  36:Generated_Source\PSoC4/cyfitter_cfg.c ****     #endif
  37:Generated_Source\PSoC4/cyfitter_cfg.c ****     
  38:Generated_Source\PSoC4/cyfitter_cfg.c ****     #if defined(__ARMCC_VERSION)
  39:Generated_Source\PSoC4/cyfitter_cfg.c ****         #define CY_CFG_MEMORY_BARRIER() __memory_changed()
  40:Generated_Source\PSoC4/cyfitter_cfg.c ****     #else
  41:Generated_Source\PSoC4/cyfitter_cfg.c ****         #define CY_CFG_MEMORY_BARRIER() __sync_synchronize()
  42:Generated_Source\PSoC4/cyfitter_cfg.c ****     #endif
  43:Generated_Source\PSoC4/cyfitter_cfg.c ****     
  44:Generated_Source\PSoC4/cyfitter_cfg.c **** #elif defined(__ICCARM__)
  45:Generated_Source\PSoC4/cyfitter_cfg.c ****     #include <intrinsics.h>
  46:Generated_Source\PSoC4/cyfitter_cfg.c **** 
  47:Generated_Source\PSoC4/cyfitter_cfg.c ****     #define CYPACKED __packed
  48:Generated_Source\PSoC4/cyfitter_cfg.c ****     #define CYPACKED_ATTR 
  49:Generated_Source\PSoC4/cyfitter_cfg.c ****     #define CYALIGNED _Pragma("data_alignment=4")
  50:Generated_Source\PSoC4/cyfitter_cfg.c ****     #define CY_CFG_UNUSED _Pragma("diag_suppress=Pe177")
  51:Generated_Source\PSoC4/cyfitter_cfg.c ****     #define CY_CFG_SECTION _Pragma("location=\".psocinit\"")
  52:Generated_Source\PSoC4/cyfitter_cfg.c ****     
  53:Generated_Source\PSoC4/cyfitter_cfg.c ****     #define CY_CFG_MEMORY_BARRIER() __DMB()
  54:Generated_Source\PSoC4/cyfitter_cfg.c ****     
  55:Generated_Source\PSoC4/cyfitter_cfg.c **** #else
  56:Generated_Source\PSoC4/cyfitter_cfg.c ****     #error Unsupported toolchain
  57:Generated_Source\PSoC4/cyfitter_cfg.c **** #endif
  58:Generated_Source\PSoC4/cyfitter_cfg.c **** 
  59:Generated_Source\PSoC4/cyfitter_cfg.c **** #ifndef CYCODE
  60:Generated_Source\PSoC4/cyfitter_cfg.c ****     #define CYCODE
  61:Generated_Source\PSoC4/cyfitter_cfg.c **** #endif
  62:Generated_Source\PSoC4/cyfitter_cfg.c **** #ifndef CYDATA
  63:Generated_Source\PSoC4/cyfitter_cfg.c ****     #define CYDATA
  64:Generated_Source\PSoC4/cyfitter_cfg.c **** #endif
  65:Generated_Source\PSoC4/cyfitter_cfg.c **** #ifndef CYFAR
  66:Generated_Source\PSoC4/cyfitter_cfg.c ****     #define CYFAR
  67:Generated_Source\PSoC4/cyfitter_cfg.c **** #endif
  68:Generated_Source\PSoC4/cyfitter_cfg.c **** #ifndef CYXDATA
  69:Generated_Source\PSoC4/cyfitter_cfg.c ****     #define CYXDATA
  70:Generated_Source\PSoC4/cyfitter_cfg.c **** #endif
  71:Generated_Source\PSoC4/cyfitter_cfg.c **** 
  72:Generated_Source\PSoC4/cyfitter_cfg.c **** 
  73:Generated_Source\PSoC4/cyfitter_cfg.c **** CY_CFG_UNUSED
  74:Generated_Source\PSoC4/cyfitter_cfg.c **** static void CYMEMZERO(void *s, size_t n);
  75:Generated_Source\PSoC4/cyfitter_cfg.c **** CY_CFG_UNUSED
  76:Generated_Source\PSoC4/cyfitter_cfg.c **** static void CYMEMZERO(void *s, size_t n)
  77:Generated_Source\PSoC4/cyfitter_cfg.c **** {
  27              		.loc 1 77 0
  28              		.cfi_startproc
  29              		@ args = 0, pretend = 0, frame = 8
  30              		@ frame_needed = 1, uses_anonymous_args = 0
  31 0000 80B5     		push	{r7, lr}
  32              		.cfi_def_cfa_offset 8
  33              		.cfi_offset 7, -8
  34              		.cfi_offset 14, -4
  35 0002 82B0     		sub	sp, sp, #8
  36              		.cfi_def_cfa_offset 16
  37 0004 00AF     		add	r7, sp, #0
ARM GAS  C:\Users\cypress\AppData\Local\Temp\ccd3xn7I.s 			page 3


  38              		.cfi_def_cfa_register 7
  39 0006 7860     		str	r0, [r7, #4]
  40 0008 3960     		str	r1, [r7]
  78:Generated_Source\PSoC4/cyfitter_cfg.c **** 	(void)memset(s, 0, n);
  41              		.loc 1 78 0
  42 000a 3A68     		ldr	r2, [r7]
  43 000c 7B68     		ldr	r3, [r7, #4]
  44 000e 0021     		movs	r1, #0
  45 0010 1800     		movs	r0, r3
  46 0012 FFF7FEFF 		bl	memset
  79:Generated_Source\PSoC4/cyfitter_cfg.c **** }
  47              		.loc 1 79 0
  48 0016 C046     		nop
  49 0018 BD46     		mov	sp, r7
  50 001a 02B0     		add	sp, sp, #8
  51              		@ sp needed
  52 001c 80BD     		pop	{r7, pc}
  53              		.cfi_endproc
  54              	.LFE2:
  55              		.size	CYMEMZERO, .-CYMEMZERO
  56 001e C046     		.section	.text.CYCONFIGCPY,"ax",%progbits
  57              		.align	2
  58              		.code	16
  59              		.thumb_func
  60              		.type	CYCONFIGCPY, %function
  61              	CYCONFIGCPY:
  62              	.LFB3:
  80:Generated_Source\PSoC4/cyfitter_cfg.c **** CY_CFG_UNUSED
  81:Generated_Source\PSoC4/cyfitter_cfg.c **** static void CYCONFIGCPY(void *dest, const void *src, size_t n);
  82:Generated_Source\PSoC4/cyfitter_cfg.c **** CY_CFG_UNUSED
  83:Generated_Source\PSoC4/cyfitter_cfg.c **** static void CYCONFIGCPY(void *dest, const void *src, size_t n)
  84:Generated_Source\PSoC4/cyfitter_cfg.c **** {
  63              		.loc 1 84 0
  64              		.cfi_startproc
  65              		@ args = 0, pretend = 0, frame = 16
  66              		@ frame_needed = 1, uses_anonymous_args = 0
  67 0000 80B5     		push	{r7, lr}
  68              		.cfi_def_cfa_offset 8
  69              		.cfi_offset 7, -8
  70              		.cfi_offset 14, -4
  71 0002 84B0     		sub	sp, sp, #16
  72              		.cfi_def_cfa_offset 24
  73 0004 00AF     		add	r7, sp, #0
  74              		.cfi_def_cfa_register 7
  75 0006 F860     		str	r0, [r7, #12]
  76 0008 B960     		str	r1, [r7, #8]
  77 000a 7A60     		str	r2, [r7, #4]
  85:Generated_Source\PSoC4/cyfitter_cfg.c **** 	(void)memcpy(dest, src, n);
  78              		.loc 1 85 0
  79 000c 7A68     		ldr	r2, [r7, #4]
  80 000e B968     		ldr	r1, [r7, #8]
  81 0010 FB68     		ldr	r3, [r7, #12]
  82 0012 1800     		movs	r0, r3
  83 0014 FFF7FEFF 		bl	memcpy
  86:Generated_Source\PSoC4/cyfitter_cfg.c **** }
  84              		.loc 1 86 0
  85 0018 C046     		nop
ARM GAS  C:\Users\cypress\AppData\Local\Temp\ccd3xn7I.s 			page 4


  86 001a BD46     		mov	sp, r7
  87 001c 04B0     		add	sp, sp, #16
  88              		@ sp needed
  89 001e 80BD     		pop	{r7, pc}
  90              		.cfi_endproc
  91              	.LFE3:
  92              		.size	CYCONFIGCPY, .-CYCONFIGCPY
  93              		.section	.text.CYCONFIGCPYCODE,"ax",%progbits
  94              		.align	2
  95              		.code	16
  96              		.thumb_func
  97              		.type	CYCONFIGCPYCODE, %function
  98              	CYCONFIGCPYCODE:
  99              	.LFB4:
  87:Generated_Source\PSoC4/cyfitter_cfg.c **** CY_CFG_UNUSED
  88:Generated_Source\PSoC4/cyfitter_cfg.c **** static void CYCONFIGCPYCODE(void *dest, const void *src, size_t n);
  89:Generated_Source\PSoC4/cyfitter_cfg.c **** CY_CFG_UNUSED
  90:Generated_Source\PSoC4/cyfitter_cfg.c **** static void CYCONFIGCPYCODE(void *dest, const void *src, size_t n)
  91:Generated_Source\PSoC4/cyfitter_cfg.c **** {
 100              		.loc 1 91 0
 101              		.cfi_startproc
 102              		@ args = 0, pretend = 0, frame = 16
 103              		@ frame_needed = 1, uses_anonymous_args = 0
 104 0000 80B5     		push	{r7, lr}
 105              		.cfi_def_cfa_offset 8
 106              		.cfi_offset 7, -8
 107              		.cfi_offset 14, -4
 108 0002 84B0     		sub	sp, sp, #16
 109              		.cfi_def_cfa_offset 24
 110 0004 00AF     		add	r7, sp, #0
 111              		.cfi_def_cfa_register 7
 112 0006 F860     		str	r0, [r7, #12]
 113 0008 B960     		str	r1, [r7, #8]
 114 000a 7A60     		str	r2, [r7, #4]
  92:Generated_Source\PSoC4/cyfitter_cfg.c **** 	(void)memcpy(dest, src, n);
 115              		.loc 1 92 0
 116 000c 7A68     		ldr	r2, [r7, #4]
 117 000e B968     		ldr	r1, [r7, #8]
 118 0010 FB68     		ldr	r3, [r7, #12]
 119 0012 1800     		movs	r0, r3
 120 0014 FFF7FEFF 		bl	memcpy
  93:Generated_Source\PSoC4/cyfitter_cfg.c **** }
 121              		.loc 1 93 0
 122 0018 C046     		nop
 123 001a BD46     		mov	sp, r7
 124 001c 04B0     		add	sp, sp, #16
 125              		@ sp needed
 126 001e 80BD     		pop	{r7, pc}
 127              		.cfi_endproc
 128              	.LFE4:
 129              		.size	CYCONFIGCPYCODE, .-CYCONFIGCPYCODE
 130              		.section	.psocinit,"ax",%progbits
 131              		.align	2
 132              		.code	16
 133              		.thumb_func
 134              		.type	ClockSetup, %function
 135              	ClockSetup:
ARM GAS  C:\Users\cypress\AppData\Local\Temp\ccd3xn7I.s 			page 5


 136              	.LFB5:
  94:Generated_Source\PSoC4/cyfitter_cfg.c **** 
  95:Generated_Source\PSoC4/cyfitter_cfg.c **** 
  96:Generated_Source\PSoC4/cyfitter_cfg.c **** 
  97:Generated_Source\PSoC4/cyfitter_cfg.c **** 
  98:Generated_Source\PSoC4/cyfitter_cfg.c **** /* Clock startup error codes                                                   */
  99:Generated_Source\PSoC4/cyfitter_cfg.c **** #define CYCLOCKSTART_NO_ERROR    0u
 100:Generated_Source\PSoC4/cyfitter_cfg.c **** #define CYCLOCKSTART_XTAL_ERROR  1u
 101:Generated_Source\PSoC4/cyfitter_cfg.c **** #define CYCLOCKSTART_32KHZ_ERROR 2u
 102:Generated_Source\PSoC4/cyfitter_cfg.c **** #define CYCLOCKSTART_PLL_ERROR   3u
 103:Generated_Source\PSoC4/cyfitter_cfg.c **** #define CYCLOCKSTART_FLL_ERROR   4u
 104:Generated_Source\PSoC4/cyfitter_cfg.c **** #define CYCLOCKSTART_WCO_ERROR   5u
 105:Generated_Source\PSoC4/cyfitter_cfg.c **** 
 106:Generated_Source\PSoC4/cyfitter_cfg.c **** 
 107:Generated_Source\PSoC4/cyfitter_cfg.c **** #ifdef CY_NEED_CYCLOCKSTARTUPERROR
 108:Generated_Source\PSoC4/cyfitter_cfg.c **** /*******************************************************************************
 109:Generated_Source\PSoC4/cyfitter_cfg.c **** * Function Name: CyClockStartupError
 110:Generated_Source\PSoC4/cyfitter_cfg.c **** ********************************************************************************
 111:Generated_Source\PSoC4/cyfitter_cfg.c **** * Summary:
 112:Generated_Source\PSoC4/cyfitter_cfg.c **** *  If an error is encountered during clock configuration (crystal startup error,
 113:Generated_Source\PSoC4/cyfitter_cfg.c **** *  PLL lock error, etc.), the system will end up here.  Unless reimplemented by
 114:Generated_Source\PSoC4/cyfitter_cfg.c **** *  the customer, this function will stop in an infinite loop.
 115:Generated_Source\PSoC4/cyfitter_cfg.c **** *
 116:Generated_Source\PSoC4/cyfitter_cfg.c **** * Parameters:
 117:Generated_Source\PSoC4/cyfitter_cfg.c **** *   void
 118:Generated_Source\PSoC4/cyfitter_cfg.c **** *
 119:Generated_Source\PSoC4/cyfitter_cfg.c **** * Return:
 120:Generated_Source\PSoC4/cyfitter_cfg.c **** *   void
 121:Generated_Source\PSoC4/cyfitter_cfg.c **** *
 122:Generated_Source\PSoC4/cyfitter_cfg.c **** *******************************************************************************/
 123:Generated_Source\PSoC4/cyfitter_cfg.c **** CY_CFG_UNUSED
 124:Generated_Source\PSoC4/cyfitter_cfg.c **** static void CyClockStartupError(uint8 errorCode);
 125:Generated_Source\PSoC4/cyfitter_cfg.c **** CY_CFG_UNUSED
 126:Generated_Source\PSoC4/cyfitter_cfg.c **** static void CyClockStartupError(uint8 errorCode)
 127:Generated_Source\PSoC4/cyfitter_cfg.c **** {
 128:Generated_Source\PSoC4/cyfitter_cfg.c ****     /* To remove the compiler warning if errorCode not used.                */
 129:Generated_Source\PSoC4/cyfitter_cfg.c ****     errorCode = errorCode;
 130:Generated_Source\PSoC4/cyfitter_cfg.c **** 
 131:Generated_Source\PSoC4/cyfitter_cfg.c ****     /* If we have a clock startup error (bad MHz crystal, PLL lock, etc.),  */
 132:Generated_Source\PSoC4/cyfitter_cfg.c ****     /* we will end up here to allow the customer to implement something to  */
 133:Generated_Source\PSoC4/cyfitter_cfg.c ****     /* deal with the clock condition.                                       */
 134:Generated_Source\PSoC4/cyfitter_cfg.c **** 
 135:Generated_Source\PSoC4/cyfitter_cfg.c **** #ifdef CY_CFG_CLOCK_STARTUP_ERROR_CALLBACK
 136:Generated_Source\PSoC4/cyfitter_cfg.c ****     CY_CFG_Clock_Startup_ErrorCallback();
 137:Generated_Source\PSoC4/cyfitter_cfg.c **** #else
 138:Generated_Source\PSoC4/cyfitter_cfg.c ****     /*  If not using CY_CFG_CLOCK_STARTUP_ERROR_CALLBACK, place your clock startup code here. */
 139:Generated_Source\PSoC4/cyfitter_cfg.c ****     /* `#START CyClockStartupError` */
 140:Generated_Source\PSoC4/cyfitter_cfg.c **** 
 141:Generated_Source\PSoC4/cyfitter_cfg.c **** 
 142:Generated_Source\PSoC4/cyfitter_cfg.c **** 
 143:Generated_Source\PSoC4/cyfitter_cfg.c ****     /* `#END` */
 144:Generated_Source\PSoC4/cyfitter_cfg.c **** 
 145:Generated_Source\PSoC4/cyfitter_cfg.c ****     while(1) {}
 146:Generated_Source\PSoC4/cyfitter_cfg.c **** #endif /* CY_CFG_CLOCK_STARTUP_ERROR_CALLBACK */
 147:Generated_Source\PSoC4/cyfitter_cfg.c **** }
 148:Generated_Source\PSoC4/cyfitter_cfg.c **** #endif
 149:Generated_Source\PSoC4/cyfitter_cfg.c **** 
ARM GAS  C:\Users\cypress\AppData\Local\Temp\ccd3xn7I.s 			page 6


 150:Generated_Source\PSoC4/cyfitter_cfg.c **** 
 151:Generated_Source\PSoC4/cyfitter_cfg.c **** 
 152:Generated_Source\PSoC4/cyfitter_cfg.c **** /*******************************************************************************
 153:Generated_Source\PSoC4/cyfitter_cfg.c **** * Function Name: ClockSetup
 154:Generated_Source\PSoC4/cyfitter_cfg.c **** ********************************************************************************
 155:Generated_Source\PSoC4/cyfitter_cfg.c **** *
 156:Generated_Source\PSoC4/cyfitter_cfg.c **** * Summary:
 157:Generated_Source\PSoC4/cyfitter_cfg.c **** *   Performs the initialization of all of the clocks in the device based on the
 158:Generated_Source\PSoC4/cyfitter_cfg.c **** *   settings in the Clock tab of the DWR.  This includes enabling the requested
 159:Generated_Source\PSoC4/cyfitter_cfg.c **** *   clocks and setting the necessary dividers to produce the desired frequency. 
 160:Generated_Source\PSoC4/cyfitter_cfg.c **** *
 161:Generated_Source\PSoC4/cyfitter_cfg.c **** * Parameters:
 162:Generated_Source\PSoC4/cyfitter_cfg.c **** *   void
 163:Generated_Source\PSoC4/cyfitter_cfg.c **** *
 164:Generated_Source\PSoC4/cyfitter_cfg.c **** * Return:
 165:Generated_Source\PSoC4/cyfitter_cfg.c **** *   void
 166:Generated_Source\PSoC4/cyfitter_cfg.c **** *
 167:Generated_Source\PSoC4/cyfitter_cfg.c **** *******************************************************************************/
 168:Generated_Source\PSoC4/cyfitter_cfg.c **** static void ClockSetup(void);
 169:Generated_Source\PSoC4/cyfitter_cfg.c **** CY_CFG_SECTION
 170:Generated_Source\PSoC4/cyfitter_cfg.c **** static void ClockSetup(void)
 171:Generated_Source\PSoC4/cyfitter_cfg.c **** {
 137              		.loc 1 171 0
 138              		.cfi_startproc
 139              		@ args = 0, pretend = 0, frame = 0
 140              		@ frame_needed = 1, uses_anonymous_args = 0
 141 0000 80B5     		push	{r7, lr}
 142              		.cfi_def_cfa_offset 8
 143              		.cfi_offset 7, -8
 144              		.cfi_offset 14, -4
 145 0002 00AF     		add	r7, sp, #0
 146              		.cfi_def_cfa_register 7
 172:Generated_Source\PSoC4/cyfitter_cfg.c **** 
 173:Generated_Source\PSoC4/cyfitter_cfg.c **** 	/* Set Flash Cycles based on max possible frequency in case a glitch occurs during ClockSetup(). *
 174:Generated_Source\PSoC4/cyfitter_cfg.c **** 	CY_SET_REG32((void CYXDATA *)(CYREG_CPUSS_FLASH_CTL), (0x0012u));
 147              		.loc 1 174 0
 148 0004 2F4B     		ldr	r3, .L6
 149 0006 1222     		movs	r2, #18
 150 0008 1A60     		str	r2, [r3]
 175:Generated_Source\PSoC4/cyfitter_cfg.c **** 
 176:Generated_Source\PSoC4/cyfitter_cfg.c **** 	/* Start the WCO */
 177:Generated_Source\PSoC4/cyfitter_cfg.c **** 	CySysClkWcoStart();
 151              		.loc 1 177 0
 152 000a FFF7FEFF 		bl	CySysClkWcoStart
 178:Generated_Source\PSoC4/cyfitter_cfg.c **** 	CyDelayCycles(12000000u); /* WCO may take up to 500ms to start */
 153              		.loc 1 178 0
 154 000e 2E4B     		ldr	r3, .L6+4
 155 0010 1800     		movs	r0, r3
 156 0012 FFF7FEFF 		bl	CyDelayCycles
 179:Generated_Source\PSoC4/cyfitter_cfg.c **** 	(void)CySysClkWcoSetPowerMode(CY_SYS_CLK_WCO_LPM);    /* Switch to the low power mode */
 157              		.loc 1 179 0
 158 0016 0120     		movs	r0, #1
 159 0018 FFF7FEFF 		bl	CySysClkWcoSetPowerMode
 180:Generated_Source\PSoC4/cyfitter_cfg.c **** 
 181:Generated_Source\PSoC4/cyfitter_cfg.c **** 	/* Setup and trim IMO based on desired frequency. */
 182:Generated_Source\PSoC4/cyfitter_cfg.c **** 	CySysClkWriteImoFreq(48u);
 160              		.loc 1 182 0
ARM GAS  C:\Users\cypress\AppData\Local\Temp\ccd3xn7I.s 			page 7


 161 001c 3020     		movs	r0, #48
 162 001e FFF7FEFF 		bl	CySysClkWriteImoFreq
 183:Generated_Source\PSoC4/cyfitter_cfg.c **** 	/* CYDEV_CLK_ILO_CONFIG Starting address: CYDEV_CLK_ILO_CONFIG */
 184:Generated_Source\PSoC4/cyfitter_cfg.c **** 	CY_SET_REG32((void *)(CYREG_CLK_ILO_CONFIG), 0x80000006u);
 163              		.loc 1 184 0
 164 0022 2A4B     		ldr	r3, .L6+8
 165 0024 2A4A     		ldr	r2, .L6+12
 166 0026 1A60     		str	r2, [r3]
 185:Generated_Source\PSoC4/cyfitter_cfg.c **** 
 186:Generated_Source\PSoC4/cyfitter_cfg.c **** 	/* CYDEV_WDT_CONFIG Starting address: CYDEV_WDT_CONFIG */
 187:Generated_Source\PSoC4/cyfitter_cfg.c **** 	CY_SET_REG32((void *)(CYREG_WDT_CONFIG), 0x40000000u);
 167              		.loc 1 187 0
 168 0028 2A4B     		ldr	r3, .L6+16
 169 002a 8022     		movs	r2, #128
 170 002c D205     		lsls	r2, r2, #23
 171 002e 1A60     		str	r2, [r3]
 188:Generated_Source\PSoC4/cyfitter_cfg.c **** 
 189:Generated_Source\PSoC4/cyfitter_cfg.c **** 
 190:Generated_Source\PSoC4/cyfitter_cfg.c **** 	/* Enable fast start mode for XO */
 191:Generated_Source\PSoC4/cyfitter_cfg.c **** 	CY_SET_REG32((void*)CYREG_BLE_BLERD_BB_XO, CY_GET_REG32((void*)CYREG_BLE_BLERD_BB_XO) | (uint32)0x
 172              		.loc 1 191 0
 173 0030 294B     		ldr	r3, .L6+20
 174 0032 294A     		ldr	r2, .L6+20
 175 0034 1268     		ldr	r2, [r2]
 176 0036 0221     		movs	r1, #2
 177 0038 0A43     		orrs	r2, r1
 178 003a 1A60     		str	r2, [r3]
 192:Generated_Source\PSoC4/cyfitter_cfg.c **** 	CY_SET_REG32((void *)(CYREG_BLE_BLERD_BB_XO_CAPTRIM), 0x00002D6Au);
 179              		.loc 1 192 0
 180 003c 274B     		ldr	r3, .L6+24
 181 003e 284A     		ldr	r2, .L6+28
 182 0040 1A60     		str	r2, [r3]
 193:Generated_Source\PSoC4/cyfitter_cfg.c **** 	/*Set XTAL(ECO) divider*/
 194:Generated_Source\PSoC4/cyfitter_cfg.c **** 	CY_SET_REG32((void *)(CYREG_BLE_BLESS_XTAL_CLK_DIV_CONFIG), 0x00000000u);
 183              		.loc 1 194 0
 184 0042 284B     		ldr	r3, .L6+32
 185 0044 0022     		movs	r2, #0
 186 0046 1A60     		str	r2, [r3]
 195:Generated_Source\PSoC4/cyfitter_cfg.c **** 	/* Disable Crystal Stable Interrupt before enabling ECO */
 196:Generated_Source\PSoC4/cyfitter_cfg.c **** 	CY_SET_REG32((void*)CYREG_BLE_BLESS_LL_DSM_CTRL, CY_GET_REG32((void*)CYREG_BLE_BLESS_LL_DSM_CTRL) 
 187              		.loc 1 196 0
 188 0048 274B     		ldr	r3, .L6+36
 189 004a 274A     		ldr	r2, .L6+36
 190 004c 1268     		ldr	r2, [r2]
 191 004e 0821     		movs	r1, #8
 192 0050 8A43     		bics	r2, r1
 193 0052 1A60     		str	r2, [r3]
 197:Generated_Source\PSoC4/cyfitter_cfg.c **** 	/* Start the ECO and do not check status since it is not needed for HFCLK */
 198:Generated_Source\PSoC4/cyfitter_cfg.c **** 	(void)CySysClkEcoStart(2000u);
 194              		.loc 1 198 0
 195 0054 FA23     		movs	r3, #250
 196 0056 DB00     		lsls	r3, r3, #3
 197 0058 1800     		movs	r0, r3
 198 005a FFF7FEFF 		bl	CySysClkEcoStart
 199:Generated_Source\PSoC4/cyfitter_cfg.c **** 	CyDelayUs(1500u); /* Wait to stabilize */
 199              		.loc 1 199 0
 200 005e 234B     		ldr	r3, .L6+40
ARM GAS  C:\Users\cypress\AppData\Local\Temp\ccd3xn7I.s 			page 8


 201 0060 1800     		movs	r0, r3
 202 0062 FFF7FEFF 		bl	CyDelayUs
 200:Generated_Source\PSoC4/cyfitter_cfg.c **** 
 201:Generated_Source\PSoC4/cyfitter_cfg.c **** 	/* Setup phase aligned clocks */
 202:Generated_Source\PSoC4/cyfitter_cfg.c **** 	CY_SET_REG32((void *)CYREG_PERI_DIV_16_CTL0, 0x00001900u);
 203              		.loc 1 202 0
 204 0066 224B     		ldr	r3, .L6+44
 205 0068 C822     		movs	r2, #200
 206 006a 5201     		lsls	r2, r2, #5
 207 006c 1A60     		str	r2, [r3]
 203:Generated_Source\PSoC4/cyfitter_cfg.c **** 	CY_SET_REG32((void *)CYREG_PERI_DIV_CMD, 0x8000FF40u);
 208              		.loc 1 203 0
 209 006e 214B     		ldr	r3, .L6+48
 210 0070 214A     		ldr	r2, .L6+52
 211 0072 1A60     		str	r2, [r3]
 204:Generated_Source\PSoC4/cyfitter_cfg.c **** 
 205:Generated_Source\PSoC4/cyfitter_cfg.c **** 	/* CYDEV_CLK_IMO_CONFIG Starting address: CYDEV_CLK_IMO_CONFIG */
 206:Generated_Source\PSoC4/cyfitter_cfg.c **** 	CY_SET_REG32((void *)(CYREG_CLK_IMO_CONFIG), 0x80000000u);
 212              		.loc 1 206 0
 213 0074 214B     		ldr	r3, .L6+56
 214 0076 8022     		movs	r2, #128
 215 0078 1206     		lsls	r2, r2, #24
 216 007a 1A60     		str	r2, [r3]
 207:Generated_Source\PSoC4/cyfitter_cfg.c **** 
 208:Generated_Source\PSoC4/cyfitter_cfg.c **** 	/* CYDEV_CLK_SELECT Starting address: CYDEV_CLK_SELECT */
 209:Generated_Source\PSoC4/cyfitter_cfg.c **** 	CY_SET_REG32((void *)(CYREG_CLK_SELECT), 0x00080000u);
 217              		.loc 1 209 0
 218 007c 204B     		ldr	r3, .L6+60
 219 007e 8022     		movs	r2, #128
 220 0080 1203     		lsls	r2, r2, #12
 221 0082 1A60     		str	r2, [r3]
 210:Generated_Source\PSoC4/cyfitter_cfg.c **** 
 211:Generated_Source\PSoC4/cyfitter_cfg.c **** 	/* CYDEV_PERI_PCLK_CTL1 Starting address: CYDEV_PERI_PCLK_CTL1 */
 212:Generated_Source\PSoC4/cyfitter_cfg.c **** 	CY_SET_REG32((void *)(CYREG_PERI_PCLK_CTL1), 0x00000040u);
 222              		.loc 1 212 0
 223 0084 1F4B     		ldr	r3, .L6+64
 224 0086 4022     		movs	r2, #64
 225 0088 1A60     		str	r2, [r3]
 213:Generated_Source\PSoC4/cyfitter_cfg.c **** 
 214:Generated_Source\PSoC4/cyfitter_cfg.c **** 	(void)CyIntSetVector(8u, &CySysWdtIsr);
 226              		.loc 1 214 0
 227 008a 1F4B     		ldr	r3, .L6+68
 228 008c 1900     		movs	r1, r3
 229 008e 0820     		movs	r0, #8
 230 0090 FFF7FEFF 		bl	CyIntSetVector
 215:Generated_Source\PSoC4/cyfitter_cfg.c **** 	CyIntEnable(8u);
 231              		.loc 1 215 0
 232 0094 0820     		movs	r0, #8
 233 0096 FFF7FEFF 		bl	CyIntEnable
 216:Generated_Source\PSoC4/cyfitter_cfg.c **** 	CY_SET_REG32((void *)(CYREG_WDT_CONFIG), 0x4E010000u);
 234              		.loc 1 216 0
 235 009a 0E4B     		ldr	r3, .L6+16
 236 009c 1B4A     		ldr	r2, .L6+72
 237 009e 1A60     		str	r2, [r3]
 217:Generated_Source\PSoC4/cyfitter_cfg.c **** 	CY_SET_REG32((void *)(CYREG_WDT_CONTROL), 0x00080000u);
 238              		.loc 1 217 0
 239 00a0 1B4B     		ldr	r3, .L6+76
ARM GAS  C:\Users\cypress\AppData\Local\Temp\ccd3xn7I.s 			page 9


 240 00a2 8022     		movs	r2, #128
 241 00a4 1203     		lsls	r2, r2, #12
 242 00a6 1A60     		str	r2, [r3]
 218:Generated_Source\PSoC4/cyfitter_cfg.c **** 	while ((CY_GET_XTND_REG32((void CYFAR *)(CYREG_WDT_CONTROL)) & 0x00080000u) != 0u) { }
 243              		.loc 1 218 0
 244 00a8 C046     		nop
 245              	.L5:
 246              		.loc 1 218 0 is_stmt 0 discriminator 1
 247 00aa 194B     		ldr	r3, .L6+76
 248 00ac 1A68     		ldr	r2, [r3]
 249 00ae 8023     		movs	r3, #128
 250 00b0 1B03     		lsls	r3, r3, #12
 251 00b2 1340     		ands	r3, r2
 252 00b4 F9D1     		bne	.L5
 219:Generated_Source\PSoC4/cyfitter_cfg.c **** 	CY_SET_REG32((void *)(CYREG_WDT_CONTROL), 0x00010000u);
 253              		.loc 1 219 0 is_stmt 1
 254 00b6 164B     		ldr	r3, .L6+76
 255 00b8 8022     		movs	r2, #128
 256 00ba 5202     		lsls	r2, r2, #9
 257 00bc 1A60     		str	r2, [r3]
 220:Generated_Source\PSoC4/cyfitter_cfg.c **** }
 258              		.loc 1 220 0
 259 00be C046     		nop
 260 00c0 BD46     		mov	sp, r7
 261              		@ sp needed
 262 00c2 80BD     		pop	{r7, pc}
 263              	.L7:
 264              		.align	2
 265              	.L6:
 266 00c4 30001040 		.word	1074790448
 267 00c8 001BB700 		.word	12000000
 268 00cc 04010B40 		.word	1074462980
 269 00d0 06000080 		.word	-2147483642
 270 00d4 0C020B40 		.word	1074463244
 271 00d8 78002E40 		.word	1076756600
 272 00dc 7C002E40 		.word	1076756604
 273 00e0 6A2D0000 		.word	11626
 274 00e4 64F02E40 		.word	1076818020
 275 00e8 6CF02E40 		.word	1076818028
 276 00ec DC050000 		.word	1500
 277 00f0 00030140 		.word	1073808128
 278 00f4 00000140 		.word	1073807360
 279 00f8 40FF0080 		.word	-2147418304
 280 00fc 08010B40 		.word	1074462984
 281 0100 00010B40 		.word	1074462976
 282 0104 04010140 		.word	1073807620
 283 0108 00000000 		.word	CySysWdtIsr
 284 010c 0000014E 		.word	1308688384
 285 0110 10020B40 		.word	1074463248
 286              		.cfi_endproc
 287              	.LFE5:
 288              		.size	ClockSetup, .-ClockSetup
 289              		.section	.text.AnalogSetDefault,"ax",%progbits
 290              		.align	2
 291              		.code	16
 292              		.thumb_func
 293              		.type	AnalogSetDefault, %function
ARM GAS  C:\Users\cypress\AppData\Local\Temp\ccd3xn7I.s 			page 10


 294              	AnalogSetDefault:
 295              	.LFB6:
 221:Generated_Source\PSoC4/cyfitter_cfg.c **** 
 222:Generated_Source\PSoC4/cyfitter_cfg.c **** 
 223:Generated_Source\PSoC4/cyfitter_cfg.c **** /* Analog API Functions */
 224:Generated_Source\PSoC4/cyfitter_cfg.c **** 
 225:Generated_Source\PSoC4/cyfitter_cfg.c **** 
 226:Generated_Source\PSoC4/cyfitter_cfg.c **** /*******************************************************************************
 227:Generated_Source\PSoC4/cyfitter_cfg.c **** * Function Name: AnalogSetDefault
 228:Generated_Source\PSoC4/cyfitter_cfg.c **** ********************************************************************************
 229:Generated_Source\PSoC4/cyfitter_cfg.c **** *
 230:Generated_Source\PSoC4/cyfitter_cfg.c **** * Summary:
 231:Generated_Source\PSoC4/cyfitter_cfg.c **** *  Sets up the analog portions of the chip to default values based on chip
 232:Generated_Source\PSoC4/cyfitter_cfg.c **** *  configuration options from the project.
 233:Generated_Source\PSoC4/cyfitter_cfg.c **** *
 234:Generated_Source\PSoC4/cyfitter_cfg.c **** * Parameters:
 235:Generated_Source\PSoC4/cyfitter_cfg.c **** *  void
 236:Generated_Source\PSoC4/cyfitter_cfg.c **** *
 237:Generated_Source\PSoC4/cyfitter_cfg.c **** * Return:
 238:Generated_Source\PSoC4/cyfitter_cfg.c **** *  void
 239:Generated_Source\PSoC4/cyfitter_cfg.c **** *
 240:Generated_Source\PSoC4/cyfitter_cfg.c **** *******************************************************************************/
 241:Generated_Source\PSoC4/cyfitter_cfg.c **** static void AnalogSetDefault(void);
 242:Generated_Source\PSoC4/cyfitter_cfg.c **** static void AnalogSetDefault(void)
 243:Generated_Source\PSoC4/cyfitter_cfg.c **** {
 296              		.loc 1 243 0
 297              		.cfi_startproc
 298              		@ args = 0, pretend = 0, frame = 0
 299              		@ frame_needed = 1, uses_anonymous_args = 0
 300 0000 80B5     		push	{r7, lr}
 301              		.cfi_def_cfa_offset 8
 302              		.cfi_offset 7, -8
 303              		.cfi_offset 14, -4
 304 0002 00AF     		add	r7, sp, #0
 305              		.cfi_def_cfa_register 7
 244:Generated_Source\PSoC4/cyfitter_cfg.c **** 	CY_SET_XTND_REG32((void CYFAR *)CYREG_CTBM0_DFT_CTRL, 0x00000003u);
 306              		.loc 1 244 0
 307 0004 054B     		ldr	r3, .L9
 308 0006 0322     		movs	r2, #3
 309 0008 1A60     		str	r2, [r3]
 245:Generated_Source\PSoC4/cyfitter_cfg.c **** 	CY_SET_XTND_REG32((void CYFAR *)CYREG_CTBM1_DFT_CTRL, 0x00000003u);
 310              		.loc 1 245 0
 311 000a 054B     		ldr	r3, .L9+4
 312 000c 0322     		movs	r2, #3
 313 000e 1A60     		str	r2, [r3]
 246:Generated_Source\PSoC4/cyfitter_cfg.c **** 	CY_SET_XTND_REG32((void CYFAR *)CYREG_PASS_DSAB_DSAB_CTRL, 0x00000000u);
 314              		.loc 1 246 0
 315 0010 044B     		ldr	r3, .L9+8
 316 0012 0022     		movs	r2, #0
 317 0014 1A60     		str	r2, [r3]
 247:Generated_Source\PSoC4/cyfitter_cfg.c **** }
 318              		.loc 1 247 0
 319 0016 C046     		nop
 320 0018 BD46     		mov	sp, r7
 321              		@ sp needed
 322 001a 80BD     		pop	{r7, pc}
 323              	.L10:
ARM GAS  C:\Users\cypress\AppData\Local\Temp\ccd3xn7I.s 			page 11


 324              		.align	2
 325              	.L9:
 326 001c 30003040 		.word	1076887600
 327 0020 30003140 		.word	1076953136
 328 0024 000E3F40 		.word	1077874176
 329              		.cfi_endproc
 330              	.LFE6:
 331              		.size	AnalogSetDefault, .-AnalogSetDefault
 332              		.section	.psocinit
 333              		.align	2
 334              		.global	cyfitter_cfg
 335              		.code	16
 336              		.thumb_func
 337              		.type	cyfitter_cfg, %function
 338              	cyfitter_cfg:
 339              	.LFB7:
 248:Generated_Source\PSoC4/cyfitter_cfg.c **** 
 249:Generated_Source\PSoC4/cyfitter_cfg.c **** 
 250:Generated_Source\PSoC4/cyfitter_cfg.c **** 
 251:Generated_Source\PSoC4/cyfitter_cfg.c **** 
 252:Generated_Source\PSoC4/cyfitter_cfg.c **** /*******************************************************************************
 253:Generated_Source\PSoC4/cyfitter_cfg.c **** * Function Name: cyfitter_cfg
 254:Generated_Source\PSoC4/cyfitter_cfg.c **** ********************************************************************************
 255:Generated_Source\PSoC4/cyfitter_cfg.c **** * Summary:
 256:Generated_Source\PSoC4/cyfitter_cfg.c **** *  This function is called by the start-up code for the selected device. It
 257:Generated_Source\PSoC4/cyfitter_cfg.c **** *  performs all of the necessary device configuration based on the design
 258:Generated_Source\PSoC4/cyfitter_cfg.c **** *  settings.  This includes settings from the Design Wide Resources (DWR) such
 259:Generated_Source\PSoC4/cyfitter_cfg.c **** *  as Clocks and Pins as well as any component configuration that is necessary.
 260:Generated_Source\PSoC4/cyfitter_cfg.c **** *
 261:Generated_Source\PSoC4/cyfitter_cfg.c **** * Parameters:
 262:Generated_Source\PSoC4/cyfitter_cfg.c **** *   void
 263:Generated_Source\PSoC4/cyfitter_cfg.c **** *
 264:Generated_Source\PSoC4/cyfitter_cfg.c **** * Return:
 265:Generated_Source\PSoC4/cyfitter_cfg.c **** *   void
 266:Generated_Source\PSoC4/cyfitter_cfg.c **** *
 267:Generated_Source\PSoC4/cyfitter_cfg.c **** *******************************************************************************/
 268:Generated_Source\PSoC4/cyfitter_cfg.c **** CY_CFG_SECTION
 269:Generated_Source\PSoC4/cyfitter_cfg.c **** void cyfitter_cfg(void)
 270:Generated_Source\PSoC4/cyfitter_cfg.c **** {
 340              		.loc 1 270 0
 341              		.cfi_startproc
 342              		@ args = 0, pretend = 0, frame = 8
 343              		@ frame_needed = 1, uses_anonymous_args = 0
 344 0114 80B5     		push	{r7, lr}
 345              		.cfi_def_cfa_offset 8
 346              		.cfi_offset 7, -8
 347              		.cfi_offset 14, -4
 348 0116 82B0     		sub	sp, sp, #8
 349              		.cfi_def_cfa_offset 16
 350 0118 00AF     		add	r7, sp, #0
 351              		.cfi_def_cfa_register 7
 271:Generated_Source\PSoC4/cyfitter_cfg.c **** 	/* Disable interrupts by default. Let user enable if/when they want. */
 272:Generated_Source\PSoC4/cyfitter_cfg.c **** 	CyGlobalIntDisable;
 352              		.loc 1 272 0
 353              		.syntax divided
 354              	@ 272 "Generated_Source\PSoC4\cyfitter_cfg.c" 1
 355 011a 72B6     		CPSID   i
ARM GAS  C:\Users\cypress\AppData\Local\Temp\ccd3xn7I.s 			page 12


 356              	@ 0 "" 2
 273:Generated_Source\PSoC4/cyfitter_cfg.c **** 
 274:Generated_Source\PSoC4/cyfitter_cfg.c **** 	CY_SET_REG32((void *)(CYREG_BLE_BLESS_LL_DSM_CTRL), 0x00000000u);
 357              		.loc 1 274 0
 358              		.thumb
 359              		.syntax unified
 360 011c 394B     		ldr	r3, .L14
 361 011e 0022     		movs	r2, #0
 362 0120 1A60     		str	r2, [r3]
 363              	.LBB2:
 275:Generated_Source\PSoC4/cyfitter_cfg.c **** 
 276:Generated_Source\PSoC4/cyfitter_cfg.c **** 	{
 277:Generated_Source\PSoC4/cyfitter_cfg.c **** 
 278:Generated_Source\PSoC4/cyfitter_cfg.c **** 		CYPACKED typedef struct {
 279:Generated_Source\PSoC4/cyfitter_cfg.c **** 			void CYFAR *address;
 280:Generated_Source\PSoC4/cyfitter_cfg.c **** 			uint16 size;
 281:Generated_Source\PSoC4/cyfitter_cfg.c **** 		} CYPACKED_ATTR cfg_memset_t;
 282:Generated_Source\PSoC4/cyfitter_cfg.c **** 
 283:Generated_Source\PSoC4/cyfitter_cfg.c **** 		static const cfg_memset_t CYCODE cfg_memset_list[] = {
 284:Generated_Source\PSoC4/cyfitter_cfg.c **** 			/* address, size */
 285:Generated_Source\PSoC4/cyfitter_cfg.c **** 			{(void CYFAR *)(CYDEV_UDB_P0_U0_BASE), 1024u},
 286:Generated_Source\PSoC4/cyfitter_cfg.c **** 			{(void CYFAR *)(CYDEV_UDB_DSI0_BASE), 1024u},
 287:Generated_Source\PSoC4/cyfitter_cfg.c **** 		};
 288:Generated_Source\PSoC4/cyfitter_cfg.c **** 
 289:Generated_Source\PSoC4/cyfitter_cfg.c **** 		uint8 CYDATA i;
 290:Generated_Source\PSoC4/cyfitter_cfg.c **** 
 291:Generated_Source\PSoC4/cyfitter_cfg.c **** 		/* Zero out critical memory blocks before beginning configuration */
 292:Generated_Source\PSoC4/cyfitter_cfg.c **** 		for (i = 0u; i < (sizeof(cfg_memset_list)/sizeof(cfg_memset_list[0])); i++)
 364              		.loc 1 292 0
 365 0122 FB1D     		adds	r3, r7, #7
 366 0124 0022     		movs	r2, #0
 367 0126 1A70     		strb	r2, [r3]
 368 0128 22E0     		b	.L12
 369              	.L13:
 370              	.LBB3:
 293:Generated_Source\PSoC4/cyfitter_cfg.c **** 		{
 294:Generated_Source\PSoC4/cyfitter_cfg.c **** 			const cfg_memset_t CYCODE * CYDATA ms = &cfg_memset_list[i];
 371              		.loc 1 294 0 discriminator 3
 372 012a FB1D     		adds	r3, r7, #7
 373 012c 1A78     		ldrb	r2, [r3]
 374 012e 1300     		movs	r3, r2
 375 0130 5B00     		lsls	r3, r3, #1
 376 0132 9B18     		adds	r3, r3, r2
 377 0134 5B00     		lsls	r3, r3, #1
 378 0136 344A     		ldr	r2, .L14+4
 379 0138 9B18     		adds	r3, r3, r2
 380 013a 3B60     		str	r3, [r7]
 295:Generated_Source\PSoC4/cyfitter_cfg.c **** 			CYMEMZERO(ms->address, (size_t)(uint32)(ms->size));
 381              		.loc 1 295 0 discriminator 3
 382 013c 3B68     		ldr	r3, [r7]
 383 013e 1A78     		ldrb	r2, [r3]
 384 0140 5978     		ldrb	r1, [r3, #1]
 385 0142 0902     		lsls	r1, r1, #8
 386 0144 0A43     		orrs	r2, r1
 387 0146 9978     		ldrb	r1, [r3, #2]
 388 0148 0904     		lsls	r1, r1, #16
 389 014a 0A43     		orrs	r2, r1
ARM GAS  C:\Users\cypress\AppData\Local\Temp\ccd3xn7I.s 			page 13


 390 014c DB78     		ldrb	r3, [r3, #3]
 391 014e 1B06     		lsls	r3, r3, #24
 392 0150 1343     		orrs	r3, r2
 393 0152 1800     		movs	r0, r3
 394 0154 3B68     		ldr	r3, [r7]
 395 0156 1A79     		ldrb	r2, [r3, #4]
 396 0158 5B79     		ldrb	r3, [r3, #5]
 397 015a 1B02     		lsls	r3, r3, #8
 398 015c 1343     		orrs	r3, r2
 399 015e 9BB2     		uxth	r3, r3
 400 0160 1900     		movs	r1, r3
 401 0162 FFF7FEFF 		bl	CYMEMZERO
 402              	.LBE3:
 292:Generated_Source\PSoC4/cyfitter_cfg.c **** 		{
 403              		.loc 1 292 0 discriminator 3
 404 0166 FB1D     		adds	r3, r7, #7
 405 0168 1A78     		ldrb	r2, [r3]
 406 016a FB1D     		adds	r3, r7, #7
 407 016c 0132     		adds	r2, r2, #1
 408 016e 1A70     		strb	r2, [r3]
 409              	.L12:
 292:Generated_Source\PSoC4/cyfitter_cfg.c **** 		{
 410              		.loc 1 292 0 is_stmt 0 discriminator 1
 411 0170 FB1D     		adds	r3, r7, #7
 412 0172 1B78     		ldrb	r3, [r3]
 413 0174 012B     		cmp	r3, #1
 414 0176 D8D9     		bls	.L13
 296:Generated_Source\PSoC4/cyfitter_cfg.c **** 		}
 297:Generated_Source\PSoC4/cyfitter_cfg.c **** 
 298:Generated_Source\PSoC4/cyfitter_cfg.c **** 		/* HSIOM Starting address: CYDEV_HSIOM_BASE */
 299:Generated_Source\PSoC4/cyfitter_cfg.c **** 		CY_SET_REG32((void *)(CYDEV_HSIOM_BASE), 0xEE000000u);
 415              		.loc 1 299 0 is_stmt 1
 416 0178 244B     		ldr	r3, .L14+8
 417 017a EE22     		movs	r2, #238
 418 017c 1206     		lsls	r2, r2, #24
 419 017e 1A60     		str	r2, [r3]
 300:Generated_Source\PSoC4/cyfitter_cfg.c **** 		CY_SET_REG32((void *)(CYREG_HSIOM_PORT_SEL1), 0x00990000u);
 420              		.loc 1 300 0
 421 0180 234B     		ldr	r3, .L14+12
 422 0182 9922     		movs	r2, #153
 423 0184 1204     		lsls	r2, r2, #16
 424 0186 1A60     		str	r2, [r3]
 301:Generated_Source\PSoC4/cyfitter_cfg.c **** 
 302:Generated_Source\PSoC4/cyfitter_cfg.c **** 		/* UDB_PA_0 Starting address: CYDEV_UDB_PA0_BASE */
 303:Generated_Source\PSoC4/cyfitter_cfg.c **** 		CY_SET_REG32((void *)(CYDEV_UDB_PA0_BASE), 0x00990000u);
 425              		.loc 1 303 0
 426 0188 224B     		ldr	r3, .L14+16
 427 018a 9922     		movs	r2, #153
 428 018c 1204     		lsls	r2, r2, #16
 429 018e 1A60     		str	r2, [r3]
 304:Generated_Source\PSoC4/cyfitter_cfg.c **** 
 305:Generated_Source\PSoC4/cyfitter_cfg.c **** 		/* UDB_PA_1 Starting address: CYDEV_UDB_PA1_BASE */
 306:Generated_Source\PSoC4/cyfitter_cfg.c **** 		CY_SET_REG32((void *)(CYDEV_UDB_PA1_BASE), 0x00990000u);
 430              		.loc 1 306 0
 431 0190 214B     		ldr	r3, .L14+20
 432 0192 9922     		movs	r2, #153
 433 0194 1204     		lsls	r2, r2, #16
ARM GAS  C:\Users\cypress\AppData\Local\Temp\ccd3xn7I.s 			page 14


 434 0196 1A60     		str	r2, [r3]
 307:Generated_Source\PSoC4/cyfitter_cfg.c **** 
 308:Generated_Source\PSoC4/cyfitter_cfg.c **** 		/* UDB_PA_2 Starting address: CYDEV_UDB_PA2_BASE */
 309:Generated_Source\PSoC4/cyfitter_cfg.c **** 		CY_SET_REG32((void *)(CYDEV_UDB_PA2_BASE), 0x00990000u);
 435              		.loc 1 309 0
 436 0198 204B     		ldr	r3, .L14+24
 437 019a 9922     		movs	r2, #153
 438 019c 1204     		lsls	r2, r2, #16
 439 019e 1A60     		str	r2, [r3]
 310:Generated_Source\PSoC4/cyfitter_cfg.c **** 
 311:Generated_Source\PSoC4/cyfitter_cfg.c **** 		/* UDB_PA_3 Starting address: CYDEV_UDB_PA3_BASE */
 312:Generated_Source\PSoC4/cyfitter_cfg.c **** 		CY_SET_REG32((void *)(CYDEV_UDB_PA3_BASE), 0x00990000u);
 440              		.loc 1 312 0
 441 01a0 1F4B     		ldr	r3, .L14+28
 442 01a2 9922     		movs	r2, #153
 443 01a4 1204     		lsls	r2, r2, #16
 444 01a6 1A60     		str	r2, [r3]
 313:Generated_Source\PSoC4/cyfitter_cfg.c **** 
 314:Generated_Source\PSoC4/cyfitter_cfg.c **** 		/* Enable digital routing */
 315:Generated_Source\PSoC4/cyfitter_cfg.c **** 		CY_SET_XTND_REG8((void *)CYREG_UDB_UDBIF_BANK_CTL, (uint8)(CY_GET_XTND_REG8((void *)CYREG_UDB_UDB
 445              		.loc 1 315 0
 446 01a8 1E4A     		ldr	r2, .L14+32
 447 01aa 1E4B     		ldr	r3, .L14+32
 448 01ac 1B78     		ldrb	r3, [r3]
 449 01ae DBB2     		uxtb	r3, r3
 450 01b0 0621     		movs	r1, #6
 451 01b2 0B43     		orrs	r3, r1
 452 01b4 DBB2     		uxtb	r3, r3
 453 01b6 1370     		strb	r3, [r2]
 454              	.LBE2:
 316:Generated_Source\PSoC4/cyfitter_cfg.c **** 	}
 317:Generated_Source\PSoC4/cyfitter_cfg.c **** 
 318:Generated_Source\PSoC4/cyfitter_cfg.c **** 	/* Perform second pass device configuration. These items must be configured in specific order afte
 319:Generated_Source\PSoC4/cyfitter_cfg.c **** 	/* IOPINS0_0 Starting address: CYDEV_GPIO_PRT0_BASE */
 320:Generated_Source\PSoC4/cyfitter_cfg.c **** 	CY_SET_REG32((void *)(CYREG_GPIO_PRT0_PC), 0x00D80000u);
 455              		.loc 1 320 0
 456 01b8 1B4B     		ldr	r3, .L14+36
 457 01ba D822     		movs	r2, #216
 458 01bc 1204     		lsls	r2, r2, #16
 459 01be 1A60     		str	r2, [r3]
 321:Generated_Source\PSoC4/cyfitter_cfg.c **** 
 322:Generated_Source\PSoC4/cyfitter_cfg.c **** 	/* IOPINS0_1 Starting address: CYDEV_GPIO_PRT1_BASE */
 323:Generated_Source\PSoC4/cyfitter_cfg.c **** 	CY_SET_REG32((void *)(CYDEV_GPIO_PRT1_BASE), 0x00000020u);
 460              		.loc 1 323 0
 461 01c0 1A4B     		ldr	r3, .L14+40
 462 01c2 2022     		movs	r2, #32
 463 01c4 1A60     		str	r2, [r3]
 324:Generated_Source\PSoC4/cyfitter_cfg.c **** 	CY_SET_REG32((void *)(CYREG_GPIO_PRT1_PC), 0x00031000u);
 464              		.loc 1 324 0
 465 01c6 1A4B     		ldr	r3, .L14+44
 466 01c8 C422     		movs	r2, #196
 467 01ca 9202     		lsls	r2, r2, #10
 468 01cc 1A60     		str	r2, [r3]
 325:Generated_Source\PSoC4/cyfitter_cfg.c **** 	CY_SET_REG32((void *)(CYREG_GPIO_PRT1_PC2), 0x00000020u);
 469              		.loc 1 325 0
 470 01ce 194B     		ldr	r3, .L14+48
 471 01d0 2022     		movs	r2, #32
ARM GAS  C:\Users\cypress\AppData\Local\Temp\ccd3xn7I.s 			page 15


 472 01d2 1A60     		str	r2, [r3]
 326:Generated_Source\PSoC4/cyfitter_cfg.c **** 
 327:Generated_Source\PSoC4/cyfitter_cfg.c **** 	/* IOPINS0_2 Starting address: CYDEV_GPIO_PRT2_BASE */
 328:Generated_Source\PSoC4/cyfitter_cfg.c **** 	CY_SET_REG32((void *)(CYDEV_GPIO_PRT2_BASE), 0x00000080u);
 473              		.loc 1 328 0
 474 01d4 184B     		ldr	r3, .L14+52
 475 01d6 8022     		movs	r2, #128
 476 01d8 1A60     		str	r2, [r3]
 329:Generated_Source\PSoC4/cyfitter_cfg.c **** 	CY_SET_REG32((void *)(CYREG_GPIO_PRT2_PC), 0x00580000u);
 477              		.loc 1 329 0
 478 01da 184B     		ldr	r3, .L14+56
 479 01dc B022     		movs	r2, #176
 480 01de D203     		lsls	r2, r2, #15
 481 01e0 1A60     		str	r2, [r3]
 330:Generated_Source\PSoC4/cyfitter_cfg.c **** 	CY_SET_REG32((void *)(CYREG_GPIO_PRT2_INTR_CFG), 0x00008000u);
 482              		.loc 1 330 0
 483 01e2 174B     		ldr	r3, .L14+60
 484 01e4 8022     		movs	r2, #128
 485 01e6 1202     		lsls	r2, r2, #8
 486 01e8 1A60     		str	r2, [r3]
 331:Generated_Source\PSoC4/cyfitter_cfg.c **** 
 332:Generated_Source\PSoC4/cyfitter_cfg.c **** 	/* IOPINS0_3 Starting address: CYDEV_GPIO_PRT3_BASE */
 333:Generated_Source\PSoC4/cyfitter_cfg.c **** 	CY_SET_REG32((void *)(CYREG_GPIO_PRT3_PC), 0x00D80000u);
 487              		.loc 1 333 0
 488 01ea 164B     		ldr	r3, .L14+64
 489 01ec D822     		movs	r2, #216
 490 01ee 1204     		lsls	r2, r2, #16
 491 01f0 1A60     		str	r2, [r3]
 334:Generated_Source\PSoC4/cyfitter_cfg.c **** 
 335:Generated_Source\PSoC4/cyfitter_cfg.c **** 
 336:Generated_Source\PSoC4/cyfitter_cfg.c **** 	/* Setup clocks based on selections from Clock DWR */
 337:Generated_Source\PSoC4/cyfitter_cfg.c **** 	ClockSetup();
 492              		.loc 1 337 0
 493 01f2 FFF705FF 		bl	ClockSetup
 338:Generated_Source\PSoC4/cyfitter_cfg.c **** 
 339:Generated_Source\PSoC4/cyfitter_cfg.c **** 	/* Perform basic analog initialization to defaults */
 340:Generated_Source\PSoC4/cyfitter_cfg.c **** 	AnalogSetDefault();
 494              		.loc 1 340 0
 495 01f6 FFF7FEFF 		bl	AnalogSetDefault
 341:Generated_Source\PSoC4/cyfitter_cfg.c **** 
 342:Generated_Source\PSoC4/cyfitter_cfg.c **** }
 496              		.loc 1 342 0
 497 01fa C046     		nop
 498 01fc BD46     		mov	sp, r7
 499 01fe 02B0     		add	sp, sp, #8
 500              		@ sp needed
 501 0200 80BD     		pop	{r7, pc}
 502              	.L15:
 503 0202 C046     		.align	2
 504              	.L14:
 505 0204 6CF02E40 		.word	1076818028
 506 0208 00000000 		.word	cfg_memset_list.4887
 507 020c 00000240 		.word	1073872896
 508 0210 00010240 		.word	1073873152
 509 0214 00500F40 		.word	1074745344
 510 0218 10500F40 		.word	1074745360
 511 021c 20500F40 		.word	1074745376
ARM GAS  C:\Users\cypress\AppData\Local\Temp\ccd3xn7I.s 			page 16


 512 0220 30500F40 		.word	1074745392
 513 0224 00700F40 		.word	1074753536
 514 0228 08000440 		.word	1074003976
 515 022c 00010440 		.word	1074004224
 516 0230 08010440 		.word	1074004232
 517 0234 18010440 		.word	1074004248
 518 0238 00020440 		.word	1074004480
 519 023c 08020440 		.word	1074004488
 520 0240 0C020440 		.word	1074004492
 521 0244 08030440 		.word	1074004744
 522              		.cfi_endproc
 523              	.LFE7:
 524              		.size	cyfitter_cfg, .-cyfitter_cfg
 525              		.section	.rodata
 526              		.align	2
 527              		.type	cfg_memset_list.4887, %object
 528              		.size	cfg_memset_list.4887, 12
 529              	cfg_memset_list.4887:
 530 0000 00300F40 		.word	1074737152
 531 0004 0004     		.short	1024
 532 0006 00400F40 		.4byte	1074741248
 533 000a 0004     		.short	1024
 534              		.text
 535              	.Letext0:
 536              		.file 2 "c:\\program files (x86)\\cypress\\psoc creator\\4.2\\psoc creator\\import\\gnu\\arm\\5.4.
 537              		.file 3 "Generated_Source\\PSoC4\\cytypes.h"
 538              		.section	.debug_info,"",%progbits
 539              	.Ldebug_info0:
 540 0000 55020000 		.4byte	0x255
 541 0004 0400     		.2byte	0x4
 542 0006 00000000 		.4byte	.Ldebug_abbrev0
 543 000a 04       		.byte	0x4
 544 000b 01       		.uleb128 0x1
 545 000c DA000000 		.4byte	.LASF30
 546 0010 0C       		.byte	0xc
 547 0011 18020000 		.4byte	.LASF31
 548 0015 61000000 		.4byte	.LASF32
 549 0019 00000000 		.4byte	.Ldebug_ranges0+0
 550 001d 00000000 		.4byte	0
 551 0021 00000000 		.4byte	.Ldebug_line0
 552 0025 02       		.uleb128 0x2
 553 0026 04       		.byte	0x4
 554 0027 05       		.byte	0x5
 555 0028 696E7400 		.ascii	"int\000"
 556 002c 03       		.uleb128 0x3
 557 002d 06000000 		.4byte	.LASF12
 558 0031 02       		.byte	0x2
 559 0032 D8       		.byte	0xd8
 560 0033 37000000 		.4byte	0x37
 561 0037 04       		.uleb128 0x4
 562 0038 04       		.byte	0x4
 563 0039 07       		.byte	0x7
 564 003a 98010000 		.4byte	.LASF0
 565 003e 04       		.uleb128 0x4
 566 003f 08       		.byte	0x8
 567 0040 05       		.byte	0x5
 568 0041 DA010000 		.4byte	.LASF1
ARM GAS  C:\Users\cypress\AppData\Local\Temp\ccd3xn7I.s 			page 17


 569 0045 04       		.uleb128 0x4
 570 0046 08       		.byte	0x8
 571 0047 04       		.byte	0x4
 572 0048 00020000 		.4byte	.LASF2
 573 004c 04       		.uleb128 0x4
 574 004d 01       		.byte	0x1
 575 004e 06       		.byte	0x6
 576 004f 0C020000 		.4byte	.LASF3
 577 0053 04       		.uleb128 0x4
 578 0054 01       		.byte	0x1
 579 0055 08       		.byte	0x8
 580 0056 68010000 		.4byte	.LASF4
 581 005a 04       		.uleb128 0x4
 582 005b 02       		.byte	0x2
 583 005c 05       		.byte	0x5
 584 005d ED010000 		.4byte	.LASF5
 585 0061 04       		.uleb128 0x4
 586 0062 02       		.byte	0x2
 587 0063 07       		.byte	0x7
 588 0064 39000000 		.4byte	.LASF6
 589 0068 04       		.uleb128 0x4
 590 0069 04       		.byte	0x4
 591 006a 05       		.byte	0x5
 592 006b F7010000 		.4byte	.LASF7
 593 006f 04       		.uleb128 0x4
 594 0070 04       		.byte	0x4
 595 0071 07       		.byte	0x7
 596 0072 B8000000 		.4byte	.LASF8
 597 0076 04       		.uleb128 0x4
 598 0077 08       		.byte	0x8
 599 0078 07       		.byte	0x7
 600 0079 AD010000 		.4byte	.LASF9
 601 007d 04       		.uleb128 0x4
 602 007e 04       		.byte	0x4
 603 007f 07       		.byte	0x7
 604 0080 D1010000 		.4byte	.LASF10
 605 0084 05       		.uleb128 0x5
 606 0085 04       		.byte	0x4
 607 0086 04       		.uleb128 0x4
 608 0087 01       		.byte	0x1
 609 0088 08       		.byte	0x8
 610 0089 E8010000 		.4byte	.LASF11
 611 008d 06       		.uleb128 0x6
 612 008e CA000000 		.4byte	.LASF13
 613 0092 03       		.byte	0x3
 614 0093 D201     		.2byte	0x1d2
 615 0095 53000000 		.4byte	0x53
 616 0099 06       		.uleb128 0x6
 617 009a 8A010000 		.4byte	.LASF14
 618 009e 03       		.byte	0x3
 619 009f D301     		.2byte	0x1d3
 620 00a1 61000000 		.4byte	0x61
 621 00a5 06       		.uleb128 0x6
 622 00a6 91010000 		.4byte	.LASF15
 623 00aa 03       		.byte	0x3
 624 00ab D401     		.2byte	0x1d4
 625 00ad 6F000000 		.4byte	0x6f
ARM GAS  C:\Users\cypress\AppData\Local\Temp\ccd3xn7I.s 			page 18


 626 00b1 04       		.uleb128 0x4
 627 00b2 04       		.byte	0x4
 628 00b3 04       		.byte	0x4
 629 00b4 4C000000 		.4byte	.LASF16
 630 00b8 04       		.uleb128 0x4
 631 00b9 08       		.byte	0x8
 632 00ba 04       		.byte	0x4
 633 00bb 76010000 		.4byte	.LASF17
 634 00bf 06       		.uleb128 0x6
 635 00c0 5C000000 		.4byte	.LASF18
 636 00c4 03       		.byte	0x3
 637 00c5 7C02     		.2byte	0x27c
 638 00c7 CB000000 		.4byte	0xcb
 639 00cb 07       		.uleb128 0x7
 640 00cc 8D000000 		.4byte	0x8d
 641 00d0 06       		.uleb128 0x6
 642 00d1 00000000 		.4byte	.LASF19
 643 00d5 03       		.byte	0x3
 644 00d6 7E02     		.2byte	0x27e
 645 00d8 DC000000 		.4byte	0xdc
 646 00dc 07       		.uleb128 0x7
 647 00dd A5000000 		.4byte	0xa5
 648 00e1 08       		.uleb128 0x8
 649 00e2 D0000000 		.4byte	.LASF20
 650 00e6 01       		.byte	0x1
 651 00e7 4C       		.byte	0x4c
 652 00e8 00000000 		.4byte	.LFB2
 653 00ec 1E000000 		.4byte	.LFE2-.LFB2
 654 00f0 01       		.uleb128 0x1
 655 00f1 9C       		.byte	0x9c
 656 00f2 0F010000 		.4byte	0x10f
 657 00f6 09       		.uleb128 0x9
 658 00f7 7300     		.ascii	"s\000"
 659 00f9 01       		.byte	0x1
 660 00fa 4C       		.byte	0x4c
 661 00fb 84000000 		.4byte	0x84
 662 00ff 02       		.uleb128 0x2
 663 0100 91       		.byte	0x91
 664 0101 74       		.sleb128 -12
 665 0102 09       		.uleb128 0x9
 666 0103 6E00     		.ascii	"n\000"
 667 0105 01       		.byte	0x1
 668 0106 4C       		.byte	0x4c
 669 0107 2C000000 		.4byte	0x2c
 670 010b 02       		.uleb128 0x2
 671 010c 91       		.byte	0x91
 672 010d 70       		.sleb128 -16
 673 010e 00       		.byte	0
 674 010f 08       		.uleb128 0x8
 675 0110 4E020000 		.4byte	.LASF21
 676 0114 01       		.byte	0x1
 677 0115 53       		.byte	0x53
 678 0116 00000000 		.4byte	.LFB3
 679 011a 20000000 		.4byte	.LFE3-.LFB3
 680 011e 01       		.uleb128 0x1
 681 011f 9C       		.byte	0x9c
 682 0120 4D010000 		.4byte	0x14d
ARM GAS  C:\Users\cypress\AppData\Local\Temp\ccd3xn7I.s 			page 19


 683 0124 0A       		.uleb128 0xa
 684 0125 52000000 		.4byte	.LASF22
 685 0129 01       		.byte	0x1
 686 012a 53       		.byte	0x53
 687 012b 84000000 		.4byte	0x84
 688 012f 02       		.uleb128 0x2
 689 0130 91       		.byte	0x91
 690 0131 74       		.sleb128 -12
 691 0132 09       		.uleb128 0x9
 692 0133 73726300 		.ascii	"src\000"
 693 0137 01       		.byte	0x1
 694 0138 53       		.byte	0x53
 695 0139 4D010000 		.4byte	0x14d
 696 013d 02       		.uleb128 0x2
 697 013e 91       		.byte	0x91
 698 013f 70       		.sleb128 -16
 699 0140 09       		.uleb128 0x9
 700 0141 6E00     		.ascii	"n\000"
 701 0143 01       		.byte	0x1
 702 0144 53       		.byte	0x53
 703 0145 2C000000 		.4byte	0x2c
 704 0149 02       		.uleb128 0x2
 705 014a 91       		.byte	0x91
 706 014b 6C       		.sleb128 -20
 707 014c 00       		.byte	0
 708 014d 0B       		.uleb128 0xb
 709 014e 04       		.byte	0x4
 710 014f 53010000 		.4byte	0x153
 711 0153 0C       		.uleb128 0xc
 712 0154 08       		.uleb128 0x8
 713 0155 3E020000 		.4byte	.LASF23
 714 0159 01       		.byte	0x1
 715 015a 5A       		.byte	0x5a
 716 015b 00000000 		.4byte	.LFB4
 717 015f 20000000 		.4byte	.LFE4-.LFB4
 718 0163 01       		.uleb128 0x1
 719 0164 9C       		.byte	0x9c
 720 0165 92010000 		.4byte	0x192
 721 0169 0A       		.uleb128 0xa
 722 016a 52000000 		.4byte	.LASF22
 723 016e 01       		.byte	0x1
 724 016f 5A       		.byte	0x5a
 725 0170 84000000 		.4byte	0x84
 726 0174 02       		.uleb128 0x2
 727 0175 91       		.byte	0x91
 728 0176 74       		.sleb128 -12
 729 0177 09       		.uleb128 0x9
 730 0178 73726300 		.ascii	"src\000"
 731 017c 01       		.byte	0x1
 732 017d 5A       		.byte	0x5a
 733 017e 4D010000 		.4byte	0x14d
 734 0182 02       		.uleb128 0x2
 735 0183 91       		.byte	0x91
 736 0184 70       		.sleb128 -16
 737 0185 09       		.uleb128 0x9
 738 0186 6E00     		.ascii	"n\000"
 739 0188 01       		.byte	0x1
ARM GAS  C:\Users\cypress\AppData\Local\Temp\ccd3xn7I.s 			page 20


 740 0189 5A       		.byte	0x5a
 741 018a 2C000000 		.4byte	0x2c
 742 018e 02       		.uleb128 0x2
 743 018f 91       		.byte	0x91
 744 0190 6C       		.sleb128 -20
 745 0191 00       		.byte	0
 746 0192 0D       		.uleb128 0xd
 747 0193 2E000000 		.4byte	.LASF24
 748 0197 01       		.byte	0x1
 749 0198 AA       		.byte	0xaa
 750 0199 00000000 		.4byte	.LFB5
 751 019d 14010000 		.4byte	.LFE5-.LFB5
 752 01a1 01       		.uleb128 0x1
 753 01a2 9C       		.byte	0x9c
 754 01a3 0E       		.uleb128 0xe
 755 01a4 0D000000 		.4byte	.LASF25
 756 01a8 01       		.byte	0x1
 757 01a9 F2       		.byte	0xf2
 758 01aa 00000000 		.4byte	.LFB6
 759 01ae 28000000 		.4byte	.LFE6-.LFB6
 760 01b2 01       		.uleb128 0x1
 761 01b3 9C       		.byte	0x9c
 762 01b4 0F       		.uleb128 0xf
 763 01b5 7D010000 		.4byte	.LASF33
 764 01b9 01       		.byte	0x1
 765 01ba 0D01     		.2byte	0x10d
 766 01bc 14010000 		.4byte	.LFB7
 767 01c0 34010000 		.4byte	.LFE7-.LFB7
 768 01c4 01       		.uleb128 0x1
 769 01c5 9C       		.byte	0x9c
 770 01c6 10       		.uleb128 0x10
 771 01c7 22010000 		.4byte	.LBB2
 772 01cb 96000000 		.4byte	.LBE2-.LBB2
 773 01cf 11       		.uleb128 0x11
 774 01d0 06       		.byte	0x6
 775 01d1 01       		.byte	0x1
 776 01d2 1601     		.2byte	0x116
 777 01d4 F3010000 		.4byte	0x1f3
 778 01d8 12       		.uleb128 0x12
 779 01d9 A5010000 		.4byte	.LASF26
 780 01dd 01       		.byte	0x1
 781 01de 1701     		.2byte	0x117
 782 01e0 84000000 		.4byte	0x84
 783 01e4 00       		.byte	0
 784 01e5 12       		.uleb128 0x12
 785 01e6 57000000 		.4byte	.LASF27
 786 01ea 01       		.byte	0x1
 787 01eb 1801     		.2byte	0x118
 788 01ed 99000000 		.4byte	0x99
 789 01f1 04       		.byte	0x4
 790 01f2 00       		.byte	0
 791 01f3 06       		.uleb128 0x6
 792 01f4 C4010000 		.4byte	.LASF28
 793 01f8 01       		.byte	0x1
 794 01f9 1901     		.2byte	0x119
 795 01fb CF010000 		.4byte	0x1cf
 796 01ff 13       		.uleb128 0x13
ARM GAS  C:\Users\cypress\AppData\Local\Temp\ccd3xn7I.s 			page 21


 797 0200 0F020000 		.4byte	0x20f
 798 0204 0F020000 		.4byte	0x20f
 799 0208 14       		.uleb128 0x14
 800 0209 7D000000 		.4byte	0x7d
 801 020d 01       		.byte	0x1
 802 020e 00       		.byte	0
 803 020f 15       		.uleb128 0x15
 804 0210 F3010000 		.4byte	0x1f3
 805 0214 16       		.uleb128 0x16
 806 0215 1E000000 		.4byte	.LASF29
 807 0219 01       		.byte	0x1
 808 021a 1B01     		.2byte	0x11b
 809 021c 26020000 		.4byte	0x226
 810 0220 05       		.uleb128 0x5
 811 0221 03       		.byte	0x3
 812 0222 00000000 		.4byte	cfg_memset_list.4887
 813 0226 15       		.uleb128 0x15
 814 0227 FF010000 		.4byte	0x1ff
 815 022b 17       		.uleb128 0x17
 816 022c 6900     		.ascii	"i\000"
 817 022e 01       		.byte	0x1
 818 022f 2101     		.2byte	0x121
 819 0231 8D000000 		.4byte	0x8d
 820 0235 02       		.uleb128 0x2
 821 0236 91       		.byte	0x91
 822 0237 77       		.sleb128 -9
 823 0238 10       		.uleb128 0x10
 824 0239 2A010000 		.4byte	.LBB3
 825 023d 3C000000 		.4byte	.LBE3-.LBB3
 826 0241 17       		.uleb128 0x17
 827 0242 6D7300   		.ascii	"ms\000"
 828 0245 01       		.byte	0x1
 829 0246 2601     		.2byte	0x126
 830 0248 4F020000 		.4byte	0x24f
 831 024c 02       		.uleb128 0x2
 832 024d 91       		.byte	0x91
 833 024e 70       		.sleb128 -16
 834 024f 0B       		.uleb128 0xb
 835 0250 04       		.byte	0x4
 836 0251 0F020000 		.4byte	0x20f
 837 0255 00       		.byte	0
 838 0256 00       		.byte	0
 839 0257 00       		.byte	0
 840 0258 00       		.byte	0
 841              		.section	.debug_abbrev,"",%progbits
 842              	.Ldebug_abbrev0:
 843 0000 01       		.uleb128 0x1
 844 0001 11       		.uleb128 0x11
 845 0002 01       		.byte	0x1
 846 0003 25       		.uleb128 0x25
 847 0004 0E       		.uleb128 0xe
 848 0005 13       		.uleb128 0x13
 849 0006 0B       		.uleb128 0xb
 850 0007 03       		.uleb128 0x3
 851 0008 0E       		.uleb128 0xe
 852 0009 1B       		.uleb128 0x1b
 853 000a 0E       		.uleb128 0xe
ARM GAS  C:\Users\cypress\AppData\Local\Temp\ccd3xn7I.s 			page 22


 854 000b 55       		.uleb128 0x55
 855 000c 17       		.uleb128 0x17
 856 000d 11       		.uleb128 0x11
 857 000e 01       		.uleb128 0x1
 858 000f 10       		.uleb128 0x10
 859 0010 17       		.uleb128 0x17
 860 0011 00       		.byte	0
 861 0012 00       		.byte	0
 862 0013 02       		.uleb128 0x2
 863 0014 24       		.uleb128 0x24
 864 0015 00       		.byte	0
 865 0016 0B       		.uleb128 0xb
 866 0017 0B       		.uleb128 0xb
 867 0018 3E       		.uleb128 0x3e
 868 0019 0B       		.uleb128 0xb
 869 001a 03       		.uleb128 0x3
 870 001b 08       		.uleb128 0x8
 871 001c 00       		.byte	0
 872 001d 00       		.byte	0
 873 001e 03       		.uleb128 0x3
 874 001f 16       		.uleb128 0x16
 875 0020 00       		.byte	0
 876 0021 03       		.uleb128 0x3
 877 0022 0E       		.uleb128 0xe
 878 0023 3A       		.uleb128 0x3a
 879 0024 0B       		.uleb128 0xb
 880 0025 3B       		.uleb128 0x3b
 881 0026 0B       		.uleb128 0xb
 882 0027 49       		.uleb128 0x49
 883 0028 13       		.uleb128 0x13
 884 0029 00       		.byte	0
 885 002a 00       		.byte	0
 886 002b 04       		.uleb128 0x4
 887 002c 24       		.uleb128 0x24
 888 002d 00       		.byte	0
 889 002e 0B       		.uleb128 0xb
 890 002f 0B       		.uleb128 0xb
 891 0030 3E       		.uleb128 0x3e
 892 0031 0B       		.uleb128 0xb
 893 0032 03       		.uleb128 0x3
 894 0033 0E       		.uleb128 0xe
 895 0034 00       		.byte	0
 896 0035 00       		.byte	0
 897 0036 05       		.uleb128 0x5
 898 0037 0F       		.uleb128 0xf
 899 0038 00       		.byte	0
 900 0039 0B       		.uleb128 0xb
 901 003a 0B       		.uleb128 0xb
 902 003b 00       		.byte	0
 903 003c 00       		.byte	0
 904 003d 06       		.uleb128 0x6
 905 003e 16       		.uleb128 0x16
 906 003f 00       		.byte	0
 907 0040 03       		.uleb128 0x3
 908 0041 0E       		.uleb128 0xe
 909 0042 3A       		.uleb128 0x3a
 910 0043 0B       		.uleb128 0xb
ARM GAS  C:\Users\cypress\AppData\Local\Temp\ccd3xn7I.s 			page 23


 911 0044 3B       		.uleb128 0x3b
 912 0045 05       		.uleb128 0x5
 913 0046 49       		.uleb128 0x49
 914 0047 13       		.uleb128 0x13
 915 0048 00       		.byte	0
 916 0049 00       		.byte	0
 917 004a 07       		.uleb128 0x7
 918 004b 35       		.uleb128 0x35
 919 004c 00       		.byte	0
 920 004d 49       		.uleb128 0x49
 921 004e 13       		.uleb128 0x13
 922 004f 00       		.byte	0
 923 0050 00       		.byte	0
 924 0051 08       		.uleb128 0x8
 925 0052 2E       		.uleb128 0x2e
 926 0053 01       		.byte	0x1
 927 0054 03       		.uleb128 0x3
 928 0055 0E       		.uleb128 0xe
 929 0056 3A       		.uleb128 0x3a
 930 0057 0B       		.uleb128 0xb
 931 0058 3B       		.uleb128 0x3b
 932 0059 0B       		.uleb128 0xb
 933 005a 27       		.uleb128 0x27
 934 005b 19       		.uleb128 0x19
 935 005c 11       		.uleb128 0x11
 936 005d 01       		.uleb128 0x1
 937 005e 12       		.uleb128 0x12
 938 005f 06       		.uleb128 0x6
 939 0060 40       		.uleb128 0x40
 940 0061 18       		.uleb128 0x18
 941 0062 9642     		.uleb128 0x2116
 942 0064 19       		.uleb128 0x19
 943 0065 01       		.uleb128 0x1
 944 0066 13       		.uleb128 0x13
 945 0067 00       		.byte	0
 946 0068 00       		.byte	0
 947 0069 09       		.uleb128 0x9
 948 006a 05       		.uleb128 0x5
 949 006b 00       		.byte	0
 950 006c 03       		.uleb128 0x3
 951 006d 08       		.uleb128 0x8
 952 006e 3A       		.uleb128 0x3a
 953 006f 0B       		.uleb128 0xb
 954 0070 3B       		.uleb128 0x3b
 955 0071 0B       		.uleb128 0xb
 956 0072 49       		.uleb128 0x49
 957 0073 13       		.uleb128 0x13
 958 0074 02       		.uleb128 0x2
 959 0075 18       		.uleb128 0x18
 960 0076 00       		.byte	0
 961 0077 00       		.byte	0
 962 0078 0A       		.uleb128 0xa
 963 0079 05       		.uleb128 0x5
 964 007a 00       		.byte	0
 965 007b 03       		.uleb128 0x3
 966 007c 0E       		.uleb128 0xe
 967 007d 3A       		.uleb128 0x3a
ARM GAS  C:\Users\cypress\AppData\Local\Temp\ccd3xn7I.s 			page 24


 968 007e 0B       		.uleb128 0xb
 969 007f 3B       		.uleb128 0x3b
 970 0080 0B       		.uleb128 0xb
 971 0081 49       		.uleb128 0x49
 972 0082 13       		.uleb128 0x13
 973 0083 02       		.uleb128 0x2
 974 0084 18       		.uleb128 0x18
 975 0085 00       		.byte	0
 976 0086 00       		.byte	0
 977 0087 0B       		.uleb128 0xb
 978 0088 0F       		.uleb128 0xf
 979 0089 00       		.byte	0
 980 008a 0B       		.uleb128 0xb
 981 008b 0B       		.uleb128 0xb
 982 008c 49       		.uleb128 0x49
 983 008d 13       		.uleb128 0x13
 984 008e 00       		.byte	0
 985 008f 00       		.byte	0
 986 0090 0C       		.uleb128 0xc
 987 0091 26       		.uleb128 0x26
 988 0092 00       		.byte	0
 989 0093 00       		.byte	0
 990 0094 00       		.byte	0
 991 0095 0D       		.uleb128 0xd
 992 0096 2E       		.uleb128 0x2e
 993 0097 00       		.byte	0
 994 0098 03       		.uleb128 0x3
 995 0099 0E       		.uleb128 0xe
 996 009a 3A       		.uleb128 0x3a
 997 009b 0B       		.uleb128 0xb
 998 009c 3B       		.uleb128 0x3b
 999 009d 0B       		.uleb128 0xb
 1000 009e 27       		.uleb128 0x27
 1001 009f 19       		.uleb128 0x19
 1002 00a0 11       		.uleb128 0x11
 1003 00a1 01       		.uleb128 0x1
 1004 00a2 12       		.uleb128 0x12
 1005 00a3 06       		.uleb128 0x6
 1006 00a4 40       		.uleb128 0x40
 1007 00a5 18       		.uleb128 0x18
 1008 00a6 9642     		.uleb128 0x2116
 1009 00a8 19       		.uleb128 0x19
 1010 00a9 00       		.byte	0
 1011 00aa 00       		.byte	0
 1012 00ab 0E       		.uleb128 0xe
 1013 00ac 2E       		.uleb128 0x2e
 1014 00ad 00       		.byte	0
 1015 00ae 03       		.uleb128 0x3
 1016 00af 0E       		.uleb128 0xe
 1017 00b0 3A       		.uleb128 0x3a
 1018 00b1 0B       		.uleb128 0xb
 1019 00b2 3B       		.uleb128 0x3b
 1020 00b3 0B       		.uleb128 0xb
 1021 00b4 27       		.uleb128 0x27
 1022 00b5 19       		.uleb128 0x19
 1023 00b6 11       		.uleb128 0x11
 1024 00b7 01       		.uleb128 0x1
ARM GAS  C:\Users\cypress\AppData\Local\Temp\ccd3xn7I.s 			page 25


 1025 00b8 12       		.uleb128 0x12
 1026 00b9 06       		.uleb128 0x6
 1027 00ba 40       		.uleb128 0x40
 1028 00bb 18       		.uleb128 0x18
 1029 00bc 9742     		.uleb128 0x2117
 1030 00be 19       		.uleb128 0x19
 1031 00bf 00       		.byte	0
 1032 00c0 00       		.byte	0
 1033 00c1 0F       		.uleb128 0xf
 1034 00c2 2E       		.uleb128 0x2e
 1035 00c3 01       		.byte	0x1
 1036 00c4 3F       		.uleb128 0x3f
 1037 00c5 19       		.uleb128 0x19
 1038 00c6 03       		.uleb128 0x3
 1039 00c7 0E       		.uleb128 0xe
 1040 00c8 3A       		.uleb128 0x3a
 1041 00c9 0B       		.uleb128 0xb
 1042 00ca 3B       		.uleb128 0x3b
 1043 00cb 05       		.uleb128 0x5
 1044 00cc 27       		.uleb128 0x27
 1045 00cd 19       		.uleb128 0x19
 1046 00ce 11       		.uleb128 0x11
 1047 00cf 01       		.uleb128 0x1
 1048 00d0 12       		.uleb128 0x12
 1049 00d1 06       		.uleb128 0x6
 1050 00d2 40       		.uleb128 0x40
 1051 00d3 18       		.uleb128 0x18
 1052 00d4 9642     		.uleb128 0x2116
 1053 00d6 19       		.uleb128 0x19
 1054 00d7 00       		.byte	0
 1055 00d8 00       		.byte	0
 1056 00d9 10       		.uleb128 0x10
 1057 00da 0B       		.uleb128 0xb
 1058 00db 01       		.byte	0x1
 1059 00dc 11       		.uleb128 0x11
 1060 00dd 01       		.uleb128 0x1
 1061 00de 12       		.uleb128 0x12
 1062 00df 06       		.uleb128 0x6
 1063 00e0 00       		.byte	0
 1064 00e1 00       		.byte	0
 1065 00e2 11       		.uleb128 0x11
 1066 00e3 13       		.uleb128 0x13
 1067 00e4 01       		.byte	0x1
 1068 00e5 0B       		.uleb128 0xb
 1069 00e6 0B       		.uleb128 0xb
 1070 00e7 3A       		.uleb128 0x3a
 1071 00e8 0B       		.uleb128 0xb
 1072 00e9 3B       		.uleb128 0x3b
 1073 00ea 05       		.uleb128 0x5
 1074 00eb 01       		.uleb128 0x1
 1075 00ec 13       		.uleb128 0x13
 1076 00ed 00       		.byte	0
 1077 00ee 00       		.byte	0
 1078 00ef 12       		.uleb128 0x12
 1079 00f0 0D       		.uleb128 0xd
 1080 00f1 00       		.byte	0
 1081 00f2 03       		.uleb128 0x3
ARM GAS  C:\Users\cypress\AppData\Local\Temp\ccd3xn7I.s 			page 26


 1082 00f3 0E       		.uleb128 0xe
 1083 00f4 3A       		.uleb128 0x3a
 1084 00f5 0B       		.uleb128 0xb
 1085 00f6 3B       		.uleb128 0x3b
 1086 00f7 05       		.uleb128 0x5
 1087 00f8 49       		.uleb128 0x49
 1088 00f9 13       		.uleb128 0x13
 1089 00fa 38       		.uleb128 0x38
 1090 00fb 0B       		.uleb128 0xb
 1091 00fc 00       		.byte	0
 1092 00fd 00       		.byte	0
 1093 00fe 13       		.uleb128 0x13
 1094 00ff 01       		.uleb128 0x1
 1095 0100 01       		.byte	0x1
 1096 0101 49       		.uleb128 0x49
 1097 0102 13       		.uleb128 0x13
 1098 0103 01       		.uleb128 0x1
 1099 0104 13       		.uleb128 0x13
 1100 0105 00       		.byte	0
 1101 0106 00       		.byte	0
 1102 0107 14       		.uleb128 0x14
 1103 0108 21       		.uleb128 0x21
 1104 0109 00       		.byte	0
 1105 010a 49       		.uleb128 0x49
 1106 010b 13       		.uleb128 0x13
 1107 010c 2F       		.uleb128 0x2f
 1108 010d 0B       		.uleb128 0xb
 1109 010e 00       		.byte	0
 1110 010f 00       		.byte	0
 1111 0110 15       		.uleb128 0x15
 1112 0111 26       		.uleb128 0x26
 1113 0112 00       		.byte	0
 1114 0113 49       		.uleb128 0x49
 1115 0114 13       		.uleb128 0x13
 1116 0115 00       		.byte	0
 1117 0116 00       		.byte	0
 1118 0117 16       		.uleb128 0x16
 1119 0118 34       		.uleb128 0x34
 1120 0119 00       		.byte	0
 1121 011a 03       		.uleb128 0x3
 1122 011b 0E       		.uleb128 0xe
 1123 011c 3A       		.uleb128 0x3a
 1124 011d 0B       		.uleb128 0xb
 1125 011e 3B       		.uleb128 0x3b
 1126 011f 05       		.uleb128 0x5
 1127 0120 49       		.uleb128 0x49
 1128 0121 13       		.uleb128 0x13
 1129 0122 02       		.uleb128 0x2
 1130 0123 18       		.uleb128 0x18
 1131 0124 00       		.byte	0
 1132 0125 00       		.byte	0
 1133 0126 17       		.uleb128 0x17
 1134 0127 34       		.uleb128 0x34
 1135 0128 00       		.byte	0
 1136 0129 03       		.uleb128 0x3
 1137 012a 08       		.uleb128 0x8
 1138 012b 3A       		.uleb128 0x3a
ARM GAS  C:\Users\cypress\AppData\Local\Temp\ccd3xn7I.s 			page 27


 1139 012c 0B       		.uleb128 0xb
 1140 012d 3B       		.uleb128 0x3b
 1141 012e 05       		.uleb128 0x5
 1142 012f 49       		.uleb128 0x49
 1143 0130 13       		.uleb128 0x13
 1144 0131 02       		.uleb128 0x2
 1145 0132 18       		.uleb128 0x18
 1146 0133 00       		.byte	0
 1147 0134 00       		.byte	0
 1148 0135 00       		.byte	0
 1149              		.section	.debug_aranges,"",%progbits
 1150 0000 44000000 		.4byte	0x44
 1151 0004 0200     		.2byte	0x2
 1152 0006 00000000 		.4byte	.Ldebug_info0
 1153 000a 04       		.byte	0x4
 1154 000b 00       		.byte	0
 1155 000c 0000     		.2byte	0
 1156 000e 0000     		.2byte	0
 1157 0010 00000000 		.4byte	.LFB2
 1158 0014 1E000000 		.4byte	.LFE2-.LFB2
 1159 0018 00000000 		.4byte	.LFB3
 1160 001c 20000000 		.4byte	.LFE3-.LFB3
 1161 0020 00000000 		.4byte	.LFB4
 1162 0024 20000000 		.4byte	.LFE4-.LFB4
 1163 0028 00000000 		.4byte	.LFB5
 1164 002c 14010000 		.4byte	.LFE5-.LFB5
 1165 0030 00000000 		.4byte	.LFB6
 1166 0034 28000000 		.4byte	.LFE6-.LFB6
 1167 0038 14010000 		.4byte	.LFB7
 1168 003c 34010000 		.4byte	.LFE7-.LFB7
 1169 0040 00000000 		.4byte	0
 1170 0044 00000000 		.4byte	0
 1171              		.section	.debug_ranges,"",%progbits
 1172              	.Ldebug_ranges0:
 1173 0000 00000000 		.4byte	.LFB2
 1174 0004 1E000000 		.4byte	.LFE2
 1175 0008 00000000 		.4byte	.LFB3
 1176 000c 20000000 		.4byte	.LFE3
 1177 0010 00000000 		.4byte	.LFB4
 1178 0014 20000000 		.4byte	.LFE4
 1179 0018 00000000 		.4byte	.LFB5
 1180 001c 14010000 		.4byte	.LFE5
 1181 0020 00000000 		.4byte	.LFB6
 1182 0024 28000000 		.4byte	.LFE6
 1183 0028 14010000 		.4byte	.LFB7
 1184 002c 48020000 		.4byte	.LFE7
 1185 0030 00000000 		.4byte	0
 1186 0034 00000000 		.4byte	0
 1187              		.section	.debug_line,"",%progbits
 1188              	.Ldebug_line0:
 1189 0000 7E010000 		.section	.debug_str,"MS",%progbits,1
 1189      0200CB00 
 1189      00000201 
 1189      FB0E0D00 
 1189      01010101 
 1190              	.LASF19:
 1191 0000 72656733 		.ascii	"reg32\000"
ARM GAS  C:\Users\cypress\AppData\Local\Temp\ccd3xn7I.s 			page 28


 1191      3200
 1192              	.LASF12:
 1193 0006 73697A65 		.ascii	"size_t\000"
 1193      5F7400
 1194              	.LASF25:
 1195 000d 416E616C 		.ascii	"AnalogSetDefault\000"
 1195      6F675365 
 1195      74446566 
 1195      61756C74 
 1195      00
 1196              	.LASF29:
 1197 001e 6366675F 		.ascii	"cfg_memset_list\000"
 1197      6D656D73 
 1197      65745F6C 
 1197      69737400 
 1198              	.LASF24:
 1199 002e 436C6F63 		.ascii	"ClockSetup\000"
 1199      6B536574 
 1199      757000
 1200              	.LASF6:
 1201 0039 73686F72 		.ascii	"short unsigned int\000"
 1201      7420756E 
 1201      7369676E 
 1201      65642069 
 1201      6E7400
 1202              	.LASF16:
 1203 004c 666C6F61 		.ascii	"float\000"
 1203      7400
 1204              	.LASF22:
 1205 0052 64657374 		.ascii	"dest\000"
 1205      00
 1206              	.LASF27:
 1207 0057 73697A65 		.ascii	"size\000"
 1207      00
 1208              	.LASF18:
 1209 005c 72656738 		.ascii	"reg8\000"
 1209      00
 1210              	.LASF32:
 1211 0061 443A5C73 		.ascii	"D:\\student\\FeS-31\\Stepaniuk\\lab8\\test\\BLE_Con"
 1211      74756465 
 1211      6E745C46 
 1211      65532D33 
 1211      315C5374 
 1212 008e 74696E75 		.ascii	"tinuous_Glucose_Monitoring_Sensor01.cydsn\000"
 1212      6F75735F 
 1212      476C7563 
 1212      6F73655F 
 1212      4D6F6E69 
 1213              	.LASF8:
 1214 00b8 6C6F6E67 		.ascii	"long unsigned int\000"
 1214      20756E73 
 1214      69676E65 
 1214      6420696E 
 1214      7400
 1215              	.LASF13:
 1216 00ca 75696E74 		.ascii	"uint8\000"
 1216      3800
ARM GAS  C:\Users\cypress\AppData\Local\Temp\ccd3xn7I.s 			page 29


 1217              	.LASF20:
 1218 00d0 43594D45 		.ascii	"CYMEMZERO\000"
 1218      4D5A4552 
 1218      4F00
 1219              	.LASF30:
 1220 00da 474E5520 		.ascii	"GNU C11 5.4.1 20160609 (release) [ARM/embedded-5-br"
 1220      43313120 
 1220      352E342E 
 1220      31203230 
 1220      31363036 
 1221 010d 616E6368 		.ascii	"anch revision 237715] -mcpu=cortex-m0 -mthumb -g -O"
 1221      20726576 
 1221      6973696F 
 1221      6E203233 
 1221      37373135 
 1222 0140 30202D66 		.ascii	"0 -ffunction-sections -ffat-lto-objects\000"
 1222      66756E63 
 1222      74696F6E 
 1222      2D736563 
 1222      74696F6E 
 1223              	.LASF4:
 1224 0168 756E7369 		.ascii	"unsigned char\000"
 1224      676E6564 
 1224      20636861 
 1224      7200
 1225              	.LASF17:
 1226 0176 646F7562 		.ascii	"double\000"
 1226      6C6500
 1227              	.LASF33:
 1228 017d 63796669 		.ascii	"cyfitter_cfg\000"
 1228      74746572 
 1228      5F636667 
 1228      00
 1229              	.LASF14:
 1230 018a 75696E74 		.ascii	"uint16\000"
 1230      313600
 1231              	.LASF15:
 1232 0191 75696E74 		.ascii	"uint32\000"
 1232      333200
 1233              	.LASF0:
 1234 0198 756E7369 		.ascii	"unsigned int\000"
 1234      676E6564 
 1234      20696E74 
 1234      00
 1235              	.LASF26:
 1236 01a5 61646472 		.ascii	"address\000"
 1236      65737300 
 1237              	.LASF9:
 1238 01ad 6C6F6E67 		.ascii	"long long unsigned int\000"
 1238      206C6F6E 
 1238      6720756E 
 1238      7369676E 
 1238      65642069 
 1239              	.LASF28:
 1240 01c4 6366675F 		.ascii	"cfg_memset_t\000"
 1240      6D656D73 
 1240      65745F74 
ARM GAS  C:\Users\cypress\AppData\Local\Temp\ccd3xn7I.s 			page 30


 1240      00
 1241              	.LASF10:
 1242 01d1 73697A65 		.ascii	"sizetype\000"
 1242      74797065 
 1242      00
 1243              	.LASF1:
 1244 01da 6C6F6E67 		.ascii	"long long int\000"
 1244      206C6F6E 
 1244      6720696E 
 1244      7400
 1245              	.LASF11:
 1246 01e8 63686172 		.ascii	"char\000"
 1246      00
 1247              	.LASF5:
 1248 01ed 73686F72 		.ascii	"short int\000"
 1248      7420696E 
 1248      7400
 1249              	.LASF7:
 1250 01f7 6C6F6E67 		.ascii	"long int\000"
 1250      20696E74 
 1250      00
 1251              	.LASF2:
 1252 0200 6C6F6E67 		.ascii	"long double\000"
 1252      20646F75 
 1252      626C6500 
 1253              	.LASF3:
 1254 020c 7369676E 		.ascii	"signed char\000"
 1254      65642063 
 1254      68617200 
 1255              	.LASF31:
 1256 0218 47656E65 		.ascii	"Generated_Source\\PSoC4\\cyfitter_cfg.c\000"
 1256      72617465 
 1256      645F536F 
 1256      75726365 
 1256      5C50536F 
 1257              	.LASF23:
 1258 023e 4359434F 		.ascii	"CYCONFIGCPYCODE\000"
 1258      4E464947 
 1258      43505943 
 1258      4F444500 
 1259              	.LASF21:
 1260 024e 4359434F 		.ascii	"CYCONFIGCPY\000"
 1260      4E464947 
 1260      43505900 
 1261              		.ident	"GCC: (GNU Tools for ARM Embedded Processors) 5.4.1 20160609 (release) [ARM/embedded-5-bran
