Archive member included to satisfy reference by file (symbol)

C:\Program Files (x86)\Cypress\PSoC Creator\4.2\PSoC Creator\psoc\content\CyComponentLibrary\CyComponentLibrary.cylib\CapSense_TMG_v2_0\Library\Gestures_GCC_M4.a(Gesture.o)
                              .\CortexM4\ARM_GCC_541\Debug\CapSense_TMG.o (Gesture_DecodeFlickGestures)
C:\Program Files (x86)\Cypress\PSoC Creator\4.2\PSoC Creator\psoc\content\CyComponentLibrary\CyComponentLibrary.cylib\CapSense_v2_0\Library\CapSense_Library_GCC_M4.a(CapSense_SmartSense_LL.o)
                              .\CortexM4\ARM_GCC_541\Debug\CapSense_Sensing.o (SmartSense_TunePrescalers)
C:\Program Files (x86)\Cypress\PSoC Creator\4.2\PSoC Creator\psoc\content\CyComponentLibrary\CyComponentLibrary.cylib\CapSense_v2_0\Library\CapSense_Library_GCC_M4.a(CapSense_SmartSense_SL.o)
                              .\CortexM4\ARM_GCC_541\Debug\CapSense_Processing.o (SmartSense_UpdateThresholds)
c:/program files (x86)/cypress/psoc creator/4.2/psoc creator/import/gnu/arm/5.4.1/bin/../lib/gcc/arm-none-eabi/5.4.1/armv7e-m/softfp\libgcc.a(_arm_addsubdf3.o)
                              .\CortexM4\ARM_GCC_541\Debug\cy_sysclk.o (__aeabi_f2d)
c:/program files (x86)/cypress/psoc creator/4.2/psoc creator/import/gnu/arm/5.4.1/bin/../lib/gcc/arm-none-eabi/5.4.1/armv7e-m/softfp\libgcc.a(_arm_muldivdf3.o)
                              .\CortexM4\ARM_GCC_541\Debug\cy_sysclk.o (__aeabi_ddiv)
c:/program files (x86)/cypress/psoc creator/4.2/psoc creator/import/gnu/arm/5.4.1/bin/../lib/gcc/arm-none-eabi/5.4.1/armv7e-m/softfp\libgcc.a(_arm_fixunsdfsi.o)
                              .\CortexM4\ARM_GCC_541\Debug\cy_sysclk.o (__aeabi_d2uiz)
c:/program files (x86)/cypress/psoc creator/4.2/psoc creator/import/gnu/arm/5.4.1/bin/../lib/gcc/arm-none-eabi/5.4.1/armv7e-m/softfp\libgcc.a(_arm_truncdfsf2.o)
                              .\CortexM4\ARM_GCC_541\Debug\cy_sysclk.o (__aeabi_d2f)
c:/program files (x86)/cypress/psoc creator/4.2/psoc creator/import/gnu/arm/5.4.1/bin/../lib/gcc/arm-none-eabi/5.4.1/armv7e-m/softfp\libgcc.a(_aeabi_ldivmod.o)
                              .\CortexM4\ARM_GCC_541\Debug\cy_sar.o (__aeabi_ldivmod)
c:/program files (x86)/cypress/psoc creator/4.2/psoc creator/import/gnu/arm/5.4.1/bin/../lib/gcc/arm-none-eabi/5.4.1/armv7e-m/softfp\libgcc.a(_aeabi_uldivmod.o)
                              .\CortexM4\ARM_GCC_541\Debug\cy_sysclk.o (__aeabi_uldivmod)
c:/program files (x86)/cypress/psoc creator/4.2/psoc creator/import/gnu/arm/5.4.1/bin/../lib/gcc/arm-none-eabi/5.4.1/armv7e-m/softfp\libgcc.a(_udivmoddi4.o)
                              c:/program files (x86)/cypress/psoc creator/4.2/psoc creator/import/gnu/arm/5.4.1/bin/../lib/gcc/arm-none-eabi/5.4.1/armv7e-m/softfp\libgcc.a(_aeabi_ldivmod.o) (__udivmoddi4)
c:/program files (x86)/cypress/psoc creator/4.2/psoc creator/import/gnu/arm/5.4.1/bin/../lib/gcc/arm-none-eabi/5.4.1/armv7e-m/softfp\libgcc.a(_dvmd_tls.o)
                              c:/program files (x86)/cypress/psoc creator/4.2/psoc creator/import/gnu/arm/5.4.1/bin/../lib/gcc/arm-none-eabi/5.4.1/armv7e-m/softfp\libgcc.a(_aeabi_ldivmod.o) (__aeabi_ldiv0)
c:/program files (x86)/cypress/psoc creator/4.2/psoc creator/import/gnu/arm/5.4.1/bin/../lib/gcc/arm-none-eabi/5.4.1/../../../../arm-none-eabi/lib/armv7e-m/softfp\libg_nano.a(lib_a-exit.o)
                              c:/program files (x86)/cypress/psoc creator/4.2/psoc creator/import/gnu/arm/5.4.1/bin/../lib/gcc/arm-none-eabi/5.4.1/../../../../arm-none-eabi/lib/armv7e-m/softfp/crt0.o (exit)
c:/program files (x86)/cypress/psoc creator/4.2/psoc creator/import/gnu/arm/5.4.1/bin/../lib/gcc/arm-none-eabi/5.4.1/../../../../arm-none-eabi/lib/armv7e-m/softfp\libg_nano.a(lib_a-impure.o)
                              c:/program files (x86)/cypress/psoc creator/4.2/psoc creator/import/gnu/arm/5.4.1/bin/../lib/gcc/arm-none-eabi/5.4.1/../../../../arm-none-eabi/lib/armv7e-m/softfp\libg_nano.a(lib_a-exit.o) (_global_impure_ptr)
c:/program files (x86)/cypress/psoc creator/4.2/psoc creator/import/gnu/arm/5.4.1/bin/../lib/gcc/arm-none-eabi/5.4.1/../../../../arm-none-eabi/lib/armv7e-m/softfp\libg_nano.a(lib_a-init.o)
                              c:/program files (x86)/cypress/psoc creator/4.2/psoc creator/import/gnu/arm/5.4.1/bin/../lib/gcc/arm-none-eabi/5.4.1/../../../../arm-none-eabi/lib/armv7e-m/softfp/crt0.o (__libc_init_array)
c:/program files (x86)/cypress/psoc creator/4.2/psoc creator/import/gnu/arm/5.4.1/bin/../lib/gcc/arm-none-eabi/5.4.1/../../../../arm-none-eabi/lib/armv7e-m/softfp\libg_nano.a(lib_a-memcpy-stub.o)
                              .\CortexM4\ARM_GCC_541\Debug\cy_eink_library.o (memcpy)
c:/program files (x86)/cypress/psoc creator/4.2/psoc creator/import/gnu/arm/5.4.1/bin/../lib/gcc/arm-none-eabi/5.4.1/../../../../arm-none-eabi/lib/armv7e-m/softfp\libg_nano.a(lib_a-memset.o)
[...]
Memory Configuration

Name             Origin             Length             Attributes
ram              0x08024000         0x00023800         xrw
flash            0x10080000         0x00080000         xr
em_eeprom        0x14000000         0x00008000         xr
sflash_user_data 0x16000800         0x00000800         xr
sflash_nar       0x16001a00         0x00000200         xr
sflash_public_key 0x16005a00         0x00000c00         xr
sflash_toc_2     0x16007c00         0x00000200         xr
sflash_rtoc_2    0x16007e00         0x00000200         xr
xip              0x18000000         0x08000000         xr
efuse            0x90700000         0x00100000         r
*default*        0x00000000         0xffffffff

Linker script and memory map

LOAD c:/program files (x86)/cypress/psoc creator/4.2/psoc creator/import/gnu/arm/5.4.1/bin/../lib/gcc/arm-none-eabi/5.4.1/armv7e-m/softfp/crti.o
LOAD c:/program files (x86)/cypress/psoc creator/4.2/psoc creator/import/gnu/arm/5.4.1/bin/../lib/gcc/arm-none-eabi/5.4.1/armv7e-m/softfp/crtbegin.o
LOAD c:/program files (x86)/cypress/psoc creator/4.2/psoc creator/import/gnu/arm/5.4.1/bin/../lib/gcc/arm-none-eabi/5.4.1/../../../../arm-none-eabi/lib/armv7e-m/softfp/crt0.o
START GROUP
LOAD .\CortexM4\ARM_GCC_541\Debug\display_task.o
LOAD .\CortexM4\ARM_GCC_541\Debug\touch_task.o
LOAD .\CortexM4\ARM_GCC_541\Debug\uart_debug.o
LOAD .\CortexM4\ARM_GCC_541\Debug\startup_psoc63_cm4.o
LOAD .\CortexM4\ARM_GCC_541\Debug\main_cm4.o
LOAD .\CortexM4\ARM_GCC_541\Debug\screen_contents.o
LOAD .\CortexM4\ARM_GCC_541\Debug\temperature_eink.o
LOAD .\CortexM4\ARM_GCC_541\Debug\system_psoc63_cm4.o
LOAD .\CortexM4\ARM_GCC_541\Debug\cy_eink_fonts.o
LOAD .\CortexM4\ARM_GCC_541\Debug\cy_eink_library.o
LOAD .\CortexM4\ARM_GCC_541\Debug\pervasive_eink_hardware_driver.o
LOAD .\CortexM4\ARM_GCC_541\Debug\cy_eink_psoc_interface.o
LOAD .\CortexM4\ARM_GCC_541\Debug\cy_ipc_config.o
LOAD .\CortexM4\ARM_GCC_541\Debug\stdio_user.o
LOAD .\CortexM4\ARM_GCC_541\Debug\cyfitter_sysint_cfg.o
LOAD .\CortexM4\ARM_GCC_541\Debug\cymetadata.o
LOAD .\CortexM4\ARM_GCC_541\Debug\CY_EINK_SPIM.o
LOAD .\CortexM4\ARM_GCC_541\Debug\CapSense_Control.o
LOAD .\CortexM4\ARM_GCC_541\Debug\CapSense_Processing.o
LOAD .\CortexM4\ARM_GCC_541\Debug\CapSense_Structure.o
LOAD .\CortexM4\ARM_GCC_541\Debug\CapSense_Tuner.o
LOAD .\CortexM4\ARM_GCC_541\Debug\CapSense_Filter.o
LOAD .\CortexM4\ARM_GCC_541\Debug\CapSense_Sensing.o
LOAD .\CortexM4\ARM_GCC_541\Debug\CapSense_INT.o
LOAD .\CortexM4\ARM_GCC_541\Debug\CapSense_SensingCSD_LL.o
LOAD .\CortexM4\ARM_GCC_541\Debug\CapSense_SensingCSX_LL.o
LOAD .\CortexM4\ARM_GCC_541\Debug\CapSense_Centroid_LL.o
LOAD .\CortexM4\ARM_GCC_541\Debug\CapSense_Gesture.o
LOAD .\CortexM4\ARM_GCC_541\Debug\ADC.o
LOAD .\CortexM4\ARM_GCC_541\Debug\ADC_INT.o
LOAD .\CortexM4\ARM_GCC_541\Debug\ADC_INIT.o
LOAD .\CortexM4\ARM_GCC_541\Debug\ADC_PM.o
LOAD .\CortexM4\ARM_GCC_541\Debug\CapSense_TMG.o
LOAD .\CortexM4\ARM_GCC_541\Debug\cy_sysint.o
LOAD .\CortexM4\ARM_GCC_541\Debug\cy_ipc_drv.o
LOAD .\CortexM4\ARM_GCC_541\Debug\cy_ipc_sema.o
LOAD .\CortexM4\ARM_GCC_541\Debug\cy_ipc_pipe.o
LOAD .\CortexM4\ARM_GCC_541\Debug\cy_sysclk.o
LOAD .\CortexM4\ARM_GCC_541\Debug\cy_wdt.o
LOAD .\CortexM4\ARM_GCC_541\Debug\cy_scb_common.o
LOAD .\CortexM4\ARM_GCC_541\Debug\cy_scb_i2c.o
LOAD .\CortexM4\ARM_GCC_541\Debug\cy_scb_ezi2c.o
LOAD .\CortexM4\ARM_GCC_541\Debug\cy_scb_spi.o
LOAD .\CortexM4\ARM_GCC_541\Debug\cy_scb_uart.o
LOAD .\CortexM4\ARM_GCC_541\Debug\cy_efuse.o
LOAD .\CortexM4\ARM_GCC_541\Debug\cy_flash.o
LOAD .\CortexM4\ARM_GCC_541\Debug\cy_gpio.o
LOAD .\CortexM4\ARM_GCC_541\Debug\cy_sar.o
LOAD .\CortexM4\ARM_GCC_541\Debug\cy_sysanalog.o
LOAD .\CortexM4\ARM_GCC_541\Debug\cy_syspm.o
LOAD .\CortexM4\ARM_GCC_541\Debug\cy_syslib.o
LOAD .\CortexM4\ARM_GCC_541\Debug\cy_syslib_gcc.o
LOAD .\CortexM4\ARM_GCC_541\Debug\cy_trigmux.o
LOAD .\CortexM4\ARM_GCC_541\Debug\cy_systick.o
LOAD .\CortexM4\ARM_GCC_541\Debug\cy_profile.o
LOAD .\CortexM4\ARM_GCC_541\Debug\cy_prot.o
LOAD .\CortexM4\ARM_GCC_541\Debug\cy_lvd.o
LOAD .\CortexM4\ARM_GCC_541\Debug\cy_ble_clk.o
LOAD .\CortexM4\ARM_GCC_541\Debug\croutine.o
LOAD .\CortexM4\ARM_GCC_541\Debug\event_groups.o
LOAD .\CortexM4\ARM_GCC_541\Debug\list.o
LOAD .\CortexM4\ARM_GCC_541\Debug\queue.o
LOAD .\CortexM4\ARM_GCC_541\Debug\tasks.o
LOAD .\CortexM4\ARM_GCC_541\Debug\timers.o
LOAD .\CortexM4\ARM_GCC_541\Debug\port.o
LOAD .\CortexM4\ARM_GCC_541\Debug\heap_4.o
LOAD .\CortexM4\ARM_GCC_541\Debug\retarget.o
LOAD C:\Program Files (x86)\Cypress\PSoC Creator\4.2\PSoC Creator\psoc\content\CyComponentLibrary\CyComponentLibrary.cylib\CapSense_TMG_v2_0\Library\Ballistic_GCC_M4.a
LOAD C:\Program Files (x86)\Cypress\PSoC Creator\4.2\PSoC Creator\psoc\content\CyComponentLibrary\CyComponentLibrary.cylib\CapSense_TMG_v2_0\Library\Gestures_GCC_M4.a
LOAD C:\Program Files (x86)\Cypress\PSoC Creator\4.2\PSoC Creator\psoc\content\CyComponentLibrary\CyComponentLibrary.cylib\CapSense_v2_0\Library\CapSense_Library_GCC_M4.a
END GROUP
START GROUP
LOAD c:/program files (x86)/cypress/psoc creator/4.2/psoc creator/import/gnu/arm/5.4.1/bin/../lib/gcc/arm-none-eabi/5.4.1/armv7e-m/softfp\libgcc.a
LOAD c:/program files (x86)/cypress/psoc creator/4.2/psoc creator/import/gnu/arm/5.4.1/bin/../lib/gcc/arm-none-eabi/5.4.1/../../../../arm-none-eabi/lib/armv7e-m/softfp\libg_nano.a
LOAD c:/program files (x86)/cypress/psoc creator/4.2/psoc creator/import/gnu/arm/5.4.1/bin/../lib/gcc/arm-none-eabi/5.4.1/../../../../arm-none-eabi/lib/armv7e-m/softfp\libc_nano.a
END GROUP
START GROUP
LOAD c:/program files (x86)/cypress/psoc creator/4.2/psoc creator/import/gnu/arm/5.4.1/bin/../lib/gcc/arm-none-eabi/5.4.1/armv7e-m/softfp\libgcc.a
LOAD c:/program files (x86)/cypress/psoc creator/4.2/psoc creator/import/gnu/arm/5.4.1/bin/../lib/gcc/arm-none-eabi/5.4.1/../../../../arm-none-eabi/lib/armv7e-m/softfp\libc_nano.a
END GROUP
LOAD c:/program files (x86)/cypress/psoc creator/4.2/psoc creator/import/gnu/arm/5.4.1/bin/../lib/gcc/arm-none-eabi/5.4.1/armv7e-m/softfp/crtend.o
LOAD c:/program files (x86)/cypress/psoc creator/4.2/psoc creator/import/gnu/arm/5.4.1/bin/../lib/gcc/arm-none-eabi/5.4.1/armv7e-m/softfp/crtn.o
START GROUP
LOAD c:/program files (x86)/cypress/psoc creator/4.2/psoc creator/import/gnu/arm/5.4.1/bin/../lib/gcc/arm-none-eabi/5.4.1/armv7e-m/softfp\libgcc.a
LOAD c:/program files (x86)/cypress/psoc creator/4.2/psoc creator/import/gnu/arm/5.4.1/bin/../lib/gcc/arm-none-eabi/5.4.1/../../../../arm-none-eabi/lib/armv7e-m/softfp\libc.a
LOAD c:/program files (x86)/cypress/psoc creator/4.2/psoc creator/import/gnu/arm/5.4.1/bin/../lib/gcc/arm-none-eabi/5.4.1/../../../../arm-none-eabi/lib/armv7e-m/softfp\libnosys.a
END GROUP
START GROUP
LOAD c:/program files (x86)/cypress/psoc creator/4.2/psoc creator/import/gnu/arm/5.4.1/bin/../lib/gcc/arm-none-eabi/5.4.1/armv7e-m/softfp\libgcc.a
LOAD c:/program files (x86)/cypress/psoc creator/4.2/psoc creator/import/gnu/arm/5.4.1/bin/../lib/gcc/arm-none-eabi/5.4.1/../../../../arm-none-eabi/lib/armv7e-m/softfp\libc.a
LOAD c:/program files (x86)/cypress/psoc creator/4.2/psoc creator/import/gnu/arm/5.4.1/bin/../lib/gcc/arm-none-eabi/5.4.1/../../../../arm-none-eabi/lib/armv7e-m/softfp\libm.a
LOAD c:/program files (x86)/cypress/psoc creator/4.2/psoc creator/import/gnu/arm/5.4.1/bin/../lib/gcc/arm-none-eabi/5.4.1/../../../../arm-none-eabi/lib/armv7e-m/softfp\libnosys.a
END GROUP

.text           0x10080000    0x144fc
                0x10080000                . = ALIGN (0x4)
                0x10080000                __Vectors = .
 *(.vectors)
 .vectors       0x10080000      0x28c .\CortexM4\ARM_GCC_541\Debug\startup_psoc63_cm4.o
                0x1008028c                . = ALIGN (0x4)
                0x1008028c                __Vectors_End = .
                0x0000028c                __Vectors_Size = (__Vectors_End - __Vectors)
                0x1008028c                __end__ = .
                0x1008028c                . = ALIGN (0x4)
 *(.text*)
 .text          0x1008028c       0x5c c:/program files (x86)/cypress/psoc creator/4.2/psoc creator/import/gnu/arm/5.4.1/bin/../lib/gcc/arm-none-eabi/5.4.1/armv7e-m/softfp/crtbegin.o
 .text.NoScreenChange
                0x100802e8        0x4 .\CortexM4\ARM_GCC_541\Debug\display_task.o
 .text.DelayMs  0x100802ec       0x1c .\CortexM4\ARM_GCC_541\Debug\display_task.o
 .text.DisplayImage
                0x10080308       0x78 .\CortexM4\ARM_GCC_541\Debug\display_task.o
 .text.BackToMainMenu
                0x10080380       0x24 .\CortexM4\ARM_GCC_541\Debug\display_task.o
 .text.MoveArrowDown
                0x100803a4       0x34 .\CortexM4\ARM_GCC_541\Debug\display_task.o
 .text.MoveArrowUp
                0x100803d8       0x34 .\CortexM4\ARM_GCC_541\Debug\display_task.o
 .text.InitializeFrameBuffers
                0x1008040c       0x60 .\CortexM4\ARM_GCC_541\Debug\display_task.o
 .text.DisplayImageAndText
                0x1008046c       0x84 .\CortexM4\ARM_GCC_541\Debug\display_task.o
 .text.NextTextPage
                0x100804f0       0x58 .\CortexM4\ARM_GCC_541\Debug\display_task.o
 .text.PreviousTextPage
                0x10080548       0x58 .\CortexM4\ARM_GCC_541\Debug\display_task.o
 .text.GoToTextPage
                0x100805a0       0x40 .\CortexM4\ARM_GCC_541\Debug\display_task.o
 .text.Task_Display
                0x100805e0       0x98 .\CortexM4\ARM_GCC_541\Debug\display_task.o
                0x100805e0                Task_Display
 .text.Task_Touch
                0x10080678       0x98 .\CortexM4\ARM_GCC_541\Debug\touch_task.o
                0x10080678                Task_Touch
 .text          0x10080710       0x94 .\CortexM4\ARM_GCC_541\Debug\startup_psoc63_cm4.o
                0x10080710                Cy_OnResetUser
                0x10080712                Cy_SaveIRQ
                0x1008071a                Cy_RestoreIRQ
                0x10080720                Reset_Handler
                0x10080784                tcpwm_1_interrupts_11_IRQHandler
                0x10080784                cpuss_interrupts_ipc_0_IRQHandler
                0x10080784                tcpwm_1_interrupts_15_IRQHandler
                0x10080784                ioss_interrupts_gpio_13_IRQHandler
                0x10080784                tcpwm_1_interrupts_13_IRQHandler
                0x10080784                cpuss_interrupts_dw1_8_IRQHandler
                0x10080784                tcpwm_0_interrupts_0_IRQHandler
                0x10080784                cpuss_interrupt_fm_IRQHandler
                0x10080784                cpuss_interrupts_ipc_7_IRQHandler
                0x10080784                tcpwm_1_interrupts_14_IRQHandler
                0x10080784                cpuss_interrupts_dw0_11_IRQHandler
                0x10080784                tcpwm_1_interrupts_9_IRQHandler
                0x10080784                cpuss_interrupts_cm0_cti_1_IRQHandler
                0x10080784                tcpwm_1_interrupts_22_IRQHandler
                0x10080784                cpuss_interrupts_dw0_4_IRQHandler
                0x10080784                NMI_Handler
                0x10080784                cpuss_interrupts_dw1_12_IRQHandler
                0x10080784                tcpwm_1_interrupts_12_IRQHandler
                0x10080784                smif_interrupt_IRQHandler
                0x10080784                tcpwm_1_interrupts_2_IRQHandler
                0x10080784                cpuss_interrupts_ipc_13_IRQHandler
                0x10080784                udb_interrupts_11_IRQHandler
                0x10080784                tcpwm_1_interrupts_18_IRQHandler
                0x10080784                cpuss_interrupts_ipc_6_IRQHandler
                0x10080784                tcpwm_0_interrupts_2_IRQHandler
                0x10080784                cpuss_interrupts_dw0_13_IRQHandler
                0x10080784                udb_interrupts_2_IRQHandler
                0x10080784                cpuss_interrupts_dw1_7_IRQHandler
                0x10080784                ioss_interrupts_gpio_1_IRQHandler
                0x10080784                ioss_interrupts_gpio_7_IRQHandler
                0x10080784                scb_5_interrupt_IRQHandler
                0x10080784                udb_interrupts_6_IRQHandler
                0x10080784                cpuss_interrupts_fault_1_IRQHandler
                0x10080784                cpuss_interrupts_ipc_5_IRQHandler
                0x10080784                cpuss_interrupts_dw1_10_IRQHandler
                0x10080784                udb_interrupts_0_IRQHandler
                0x10080784                tcpwm_1_interrupts_6_IRQHandler
                0x10080784                scb_4_interrupt_IRQHandler
                0x10080784                pass_interrupt_dacs_IRQHandler
                0x10080784                ioss_interrupts_gpio_2_IRQHandler
                0x10080784                cpuss_interrupts_dw1_9_IRQHandler
                0x10080784                cpuss_interrupts_dw1_13_IRQHandler
                0x10080784                scb_2_interrupt_IRQHandler
                0x10080784                cpuss_interrupts_cm0_cti_0_IRQHandler
                0x10080784                udb_interrupts_5_IRQHandler
                0x10080784                srss_interrupt_IRQHandler
                0x10080784                udb_interrupts_12_IRQHandler
                0x10080784                scb_0_interrupt_IRQHandler
                0x10080784                csd_interrupt_IRQHandler
                0x10080784                udb_interrupts_1_IRQHandler
                0x10080784                profile_interrupt_IRQHandler
                0x10080784                tcpwm_1_interrupts_1_IRQHandler
                0x10080784                cpuss_interrupts_ipc_12_IRQHandler
                0x10080784                tcpwm_1_interrupts_3_IRQHandler
                0x10080784                tcpwm_0_interrupts_7_IRQHandler
                0x10080784                cpuss_interrupts_dw1_1_IRQHandler
                0x10080784                cpuss_interrupts_dw1_0_IRQHandler
                0x10080784                cpuss_interrupts_dw0_9_IRQHandler
                0x10080784                DebugMon_Handler
                0x10080784                tcpwm_1_interrupts_23_IRQHandler
                0x10080784                cpuss_interrupts_dw0_5_IRQHandler
                0x10080784                tcpwm_1_interrupts_20_IRQHandler
                0x10080784                ioss_interrupt_gpio_IRQHandler
                0x10080784                tcpwm_0_interrupts_1_IRQHandler
                0x10080784                ioss_interrupts_gpio_8_IRQHandler
                0x10080784                tcpwm_0_interrupts_6_IRQHandler
                0x10080784                scb_7_interrupt_IRQHandler
                0x10080784                tcpwm_1_interrupts_7_IRQHandler
                0x10080784                cpuss_interrupts_ipc_11_IRQHandler
                0x10080784                udb_interrupts_13_IRQHandler
                0x10080784                cpuss_interrupts_dw0_15_IRQHandler
                0x10080784                udb_interrupts_7_IRQHandler
                0x10080784                cpuss_interrupts_dw1_6_IRQHandler
                0x10080784                cpuss_interrupt_crypto_IRQHandler
                0x10080784                scb_1_interrupt_IRQHandler
                0x10080784                Default_Handler
                0x10080784                usb_interrupt_hi_IRQHandler
                0x10080784                tcpwm_1_interrupts_0_IRQHandler
                0x10080784                udb_interrupts_9_IRQHandler
                0x10080784                audioss_interrupt_pdm_IRQHandler
                0x10080784                srss_interrupt_mcwdt_0_IRQHandler
                0x10080784                scb_3_interrupt_IRQHandler
                0x10080784                pass_interrupt_ctbs_IRQHandler
                0x10080784                udb_interrupts_8_IRQHandler
                0x10080784                ioss_interrupts_gpio_3_IRQHandler
                0x10080784                scb_6_interrupt_IRQHandler
                0x10080784                cpuss_interrupts_cm4_cti_0_IRQHandler
                0x10080784                cpuss_interrupts_dw1_3_IRQHandler
                0x10080784                pass_interrupt_sar_IRQHandler
                0x10080784                ioss_interrupts_gpio_0_IRQHandler
                0x10080784                ioss_interrupts_gpio_14_IRQHandler
                0x10080784                tcpwm_0_interrupts_4_IRQHandler
                0x10080784                udb_interrupts_3_IRQHandler
                0x10080784                tcpwm_0_interrupts_5_IRQHandler
                0x10080784                cpuss_interrupts_ipc_15_IRQHandler
                0x10080784                cpuss_interrupts_cm4_cti_1_IRQHandler
                0x10080784                scb_8_interrupt_IRQHandler
                0x10080784                srss_interrupt_mcwdt_1_IRQHandler
                0x10080784                cpuss_interrupts_dw1_2_IRQHandler
                0x10080784                cpuss_interrupts_dw1_5_IRQHandler
                0x10080784                cpuss_interrupts_ipc_1_IRQHandler
                0x10080784                cpuss_interrupts_dw0_0_IRQHandler
                0x10080784                ioss_interrupts_gpio_12_IRQHandler
                0x10080784                cpuss_interrupts_ipc_3_IRQHandler
                0x10080784                tcpwm_1_interrupts_17_IRQHandler
                0x10080784                srss_interrupt_backup_IRQHandler
                0x10080784                bless_interrupt_IRQHandler
                0x10080784                cpuss_interrupts_ipc_10_IRQHandler
                0x10080784                cpuss_interrupts_ipc_9_IRQHandler
                0x10080784                cpuss_interrupts_dw0_14_IRQHandler
                0x10080784                tcpwm_1_interrupts_4_IRQHandler
                0x10080784                tcpwm_0_interrupts_3_IRQHandler
                0x10080784                cpuss_interrupts_dw1_15_IRQHandler
                0x10080784                ioss_interrupts_gpio_10_IRQHandler
                0x10080784                udb_interrupts_10_IRQHandler
                0x10080784                cpuss_interrupts_dw0_8_IRQHandler
                0x10080784                ioss_interrupts_gpio_11_IRQHandler
                0x10080784                cpuss_interrupts_ipc_14_IRQHandler
                0x10080784                ioss_interrupts_gpio_5_IRQHandler
                0x10080784                ioss_interrupts_gpio_4_IRQHandler
                0x10080784                tcpwm_1_interrupts_8_IRQHandler
                0x10080784                cpuss_interrupts_dw1_14_IRQHandler
                0x10080784                usb_interrupt_med_IRQHandler
                0x10080784                cpuss_interrupts_dw0_2_IRQHandler
                0x10080784                udb_interrupts_4_IRQHandler
                0x10080784                tcpwm_1_interrupts_10_IRQHandler
                0x10080784                cpuss_interrupts_fault_0_IRQHandler
                0x10080784                cpuss_interrupts_dw0_12_IRQHandler
                0x10080784                ioss_interrupts_gpio_6_IRQHandler
                0x10080784                tcpwm_1_interrupts_21_IRQHandler
                0x10080784                tcpwm_1_interrupts_16_IRQHandler
                0x10080784                cpuss_interrupts_dw1_4_IRQHandler
                0x10080784                udb_interrupts_15_IRQHandler
                0x10080784                cpuss_interrupts_dw1_11_IRQHandler
                0x10080784                cpuss_interrupts_dw0_6_IRQHandler
                0x10080784                ioss_interrupt_vdd_IRQHandler
                0x10080784                cpuss_interrupts_dw0_7_IRQHandler
                0x10080784                audioss_interrupt_i2s_IRQHandler
                0x10080784                tcpwm_1_interrupts_5_IRQHandler
                0x10080784                cpuss_interrupts_ipc_2_IRQHandler
                0x10080784                cpuss_interrupts_dw0_10_IRQHandler
                0x10080784                tcpwm_1_interrupts_19_IRQHandler
                0x10080784                cpuss_interrupts_dw0_1_IRQHandler
                0x10080784                lpcomp_interrupt_IRQHandler
                0x10080784                ioss_interrupts_gpio_9_IRQHandler
                0x10080784                usb_interrupt_lo_IRQHandler
                0x10080784                cpuss_interrupts_ipc_8_IRQHandler
                0x10080784                udb_interrupts_14_IRQHandler
                0x10080784                cpuss_interrupts_dw0_3_IRQHandler
                0x10080788                UsageFault_Handler
                0x10080788                HardFault_Handler
                0x10080788                MemManage_Handler
                0x10080788                BusFault_Handler
 .text.main     0x100807a4       0x60 .\CortexM4\ARM_GCC_541\Debug\main_cm4.o
                0x100807a4                main
 .text.vApplicationIdleHook
                0x10080804        0xc .\CortexM4\ARM_GCC_541\Debug\main_cm4.o
                0x10080804                vApplicationIdleHook
 .text.vApplicationStackOverflowHook
                0x10080810       0x10 .\CortexM4\ARM_GCC_541\Debug\main_cm4.o
                0x10080810                vApplicationStackOverflowHook
 .text.vApplicationMallocFailedHook
                0x10080820       0x10 .\CortexM4\ARM_GCC_541\Debug\main_cm4.o
                0x10080820                vApplicationMallocFailedHook
 .text.GetTemperature
                0x10080830       0xe4 .\CortexM4\ARM_GCC_541\Debug\temperature_eink.o
                0x10080830                GetTemperature
 .text.InitTemperature
                0x10080914       0x14 .\CortexM4\ARM_GCC_541\Debug\temperature_eink.o
                0x10080914                InitTemperature
 .text.Cy_SystemInit
                0x10080928        0x4 .\CortexM4\ARM_GCC_541\Debug\system_psoc63_cm4.o
                0x10080928                Cy_SystemInit
 .text.SystemCoreClockUpdate
                0x1008092c      0x190 .\CortexM4\ARM_GCC_541\Debug\system_psoc63_cm4.o
                0x1008092c                SystemCoreClockUpdate
 .text.SystemInit
                0x10080abc       0x48 .\CortexM4\ARM_GCC_541\Debug\system_psoc63_cm4.o
                0x10080abc                SystemInit
 .text.Cy_SystemInitFpuEnable
                0x10080b04       0x28 .\CortexM4\ARM_GCC_541\Debug\system_psoc63_cm4.o
                0x10080b04                Cy_SystemInitFpuEnable
 .text.Cy_EINK_Start
                0x10080b2c       0x20 .\CortexM4\ARM_GCC_541\Debug\cy_eink_library.o
                0x10080b2c                Cy_EINK_Start
 .text.Cy_EINK_Power
                0x10080b4c       0x14 .\CortexM4\ARM_GCC_541\Debug\cy_eink_library.o
                0x10080b4c                Cy_EINK_Power
 .text.Cy_EINK_Clear
                0x10080b60       0x44 .\CortexM4\ARM_GCC_541\Debug\cy_eink_library.o
                0x10080b60                Cy_EINK_Clear
 .text.Cy_EINK_ShowFrame
                0x10080ba4       0x54 .\CortexM4\ARM_GCC_541\Debug\cy_eink_library.o
                0x10080ba4                Cy_EINK_ShowFrame
 .text.Cy_EINK_ImageToFrameBuffer
                0x10080bf8       0x5c .\CortexM4\ARM_GCC_541\Debug\cy_eink_library.o
                0x10080bf8                Cy_EINK_ImageToFrameBuffer
 .text.Cy_EINK_TextToFrameBuffer
                0x10080c54      0x124 .\CortexM4\ARM_GCC_541\Debug\cy_eink_library.o
                0x10080c54                Cy_EINK_TextToFrameBuffer
 .text.Pv_EINK_SendData
                0x10080d78       0x4c .\CortexM4\ARM_GCC_541\Debug\pervasive_eink_hardware_driver.o
                0x10080d78                Pv_EINK_SendData
 .text.Pv_EINK_SendByte
                0x10080dc4       0x18 .\CortexM4\ARM_GCC_541\Debug\pervasive_eink_hardware_driver.o
                0x10080dc4                Pv_EINK_SendByte
 .text.Pv_EINK_ReadByte
                0x10080ddc       0x30 .\CortexM4\ARM_GCC_541\Debug\pervasive_eink_hardware_driver.o
                0x10080ddc                Pv_EINK_ReadByte
 .text.Pv_EINK_Init
                0x10080e0c       0x30 .\CortexM4\ARM_GCC_541\Debug\pervasive_eink_hardware_driver.o
                0x10080e0c                Pv_EINK_Init
 .text.Pv_EINK_InitDriver
                0x10080e3c      0x11c .\CortexM4\ARM_GCC_541\Debug\pervasive_eink_hardware_driver.o
                0x10080e3c                Pv_EINK_InitDriver
 .text.Pv_EINK_SetTempFactor
                0x10080f58       0x40 .\CortexM4\ARM_GCC_541\Debug\pervasive_eink_hardware_driver.o
                0x10080f58                Pv_EINK_SetTempFactor
 .text.Pv_EINK_FullStageHandler
                0x10080f98      0x420 .\CortexM4\ARM_GCC_541\Debug\pervasive_eink_hardware_driver.o
                0x10080f98                Pv_EINK_FullStageHandler
 .text.Pv_EINK_PartialStageHandler
                0x100813b8      0x224 .\CortexM4\ARM_GCC_541\Debug\pervasive_eink_hardware_driver.o
                0x100813b8                Pv_EINK_PartialStageHandler
 .text.Pv_EINK_NothingFrame
                0x100815dc       0x5c .\CortexM4\ARM_GCC_541\Debug\pervasive_eink_hardware_driver.o
                0x100815dc                Pv_EINK_NothingFrame
 .text.Pv_EINK_DummyLine
                0x10081638       0x34 .\CortexM4\ARM_GCC_541\Debug\pervasive_eink_hardware_driver.o
                0x10081638                Pv_EINK_DummyLine
 .text.Pv_EINK_HardwarePowerOn
                0x1008166c       0x4c .\CortexM4\ARM_GCC_541\Debug\pervasive_eink_hardware_driver.o
                0x1008166c                Pv_EINK_HardwarePowerOn
 .text.Pv_EINK_HardwarePowerOff
                0x100816b8       0xb0 .\CortexM4\ARM_GCC_541\Debug\pervasive_eink_hardware_driver.o
                0x100816b8                Pv_EINK_HardwarePowerOff
 .text.Cy_EINK_RegisterDelayFunction
                0x10081768        0xc .\CortexM4\ARM_GCC_541\Debug\cy_eink_psoc_interface.o
                0x10081768                Cy_EINK_RegisterDelayFunction
 .text.Cy_EINK_InitSPI
                0x10081774       0x30 .\CortexM4\ARM_GCC_541\Debug\cy_eink_psoc_interface.o
                0x10081774                Cy_EINK_InitSPI
 .text.Cy_EINK_AttachSPI
                0x100817a4       0x1c .\CortexM4\ARM_GCC_541\Debug\cy_eink_psoc_interface.o
                0x100817a4                Cy_EINK_AttachSPI
 .text.Cy_EINK_DetachSPI
                0x100817c0       0x14 .\CortexM4\ARM_GCC_541\Debug\cy_eink_psoc_interface.o
                0x100817c0                Cy_EINK_DetachSPI
 .text.Cy_EINK_WriteSPI
                0x100817d4       0x60 .\CortexM4\ARM_GCC_541\Debug\cy_eink_psoc_interface.o
                0x100817d4                Cy_EINK_WriteSPI
 .text.Cy_EINK_ReadSPI
                0x10081834       0x68 .\CortexM4\ARM_GCC_541\Debug\cy_eink_psoc_interface.o
                0x10081834                Cy_EINK_ReadSPI
 .text.Cy_EINK_IsBusy
                0x1008189c       0x18 .\CortexM4\ARM_GCC_541\Debug\cy_eink_psoc_interface.o
                0x1008189c                Cy_EINK_IsBusy
 .text.cpuss_interrupts_ipc_4_IRQHandler
                0x100818b4       0x10 .\CortexM4\ARM_GCC_541\Debug\cy_ipc_config.o
                0x100818b4                cpuss_interrupts_ipc_4_IRQHandler
 .text.Cy_IPC_SystemSemaInit
                0x100818c4       0x10 .\CortexM4\ARM_GCC_541\Debug\cy_ipc_config.o
                0x100818c4                Cy_IPC_SystemSemaInit
 .text.Cy_IPC_SystemPipeInit
                0x100818d4       0x24 .\CortexM4\ARM_GCC_541\Debug\cy_ipc_config.o
                0x100818d4                Cy_IPC_SystemPipeInit
 .text.CapSense_Initialize
                0x100818f8       0x24 .\CortexM4\ARM_GCC_541\Debug\CapSense_Control.o
                0x100818f8                CapSense_Initialize
 .text.CapSense_Start
                0x1008191c       0x3c .\CortexM4\ARM_GCC_541\Debug\CapSense_Control.o
                0x1008191c                CapSense_Start
 .text.CapSense_ProcessAllWidgets
                0x10081958       0x74 .\CortexM4\ARM_GCC_541\Debug\CapSense_Control.o
                0x10081958                CapSense_ProcessAllWidgets
 .text.CapSense_DpInitialize
                0x100819cc       0x90 .\CortexM4\ARM_GCC_541\Debug\CapSense_Processing.o
                0x100819cc                CapSense_DpInitialize
 .text.CapSense_DpUpdateThresholds
                0x10081a5c       0x34 .\CortexM4\ARM_GCC_541\Debug\CapSense_Processing.o
                0x10081a5c                CapSense_DpUpdateThresholds
 .text.CapSense_DpUpdateDifferences
                0x10081a90       0x18 .\CortexM4\ARM_GCC_541\Debug\CapSense_Processing.o
                0x10081a90                CapSense_DpUpdateDifferences
 .text.CapSense_DpProcessCsxWidgetRawCounts
                0x10081aa8       0x48 .\CortexM4\ARM_GCC_541\Debug\CapSense_Processing.o
                0x10081aa8                CapSense_DpProcessCsxWidgetRawCounts
 .text.CapSense_DpProcessCsdWidgetRawCounts
                0x10081af0       0x84 .\CortexM4\ARM_GCC_541\Debug\CapSense_Processing.o
                0x10081af0                CapSense_DpProcessCsdWidgetRawCounts
 .text.CapSense_DpProcessButton
                0x10081b74       0x64 .\CortexM4\ARM_GCC_541\Debug\CapSense_Processing.o
                0x10081b74                CapSense_DpProcessButton
 .text.CapSense_DpProcessCsxWidgetStatus
                0x10081bd8       0x64 .\CortexM4\ARM_GCC_541\Debug\CapSense_Processing.o
                0x10081bd8                CapSense_DpProcessCsxWidgetStatus
 .text.CapSense_DpProcessSlider
                0x10081c3c      0x12c .\CortexM4\ARM_GCC_541\Debug\CapSense_Processing.o
                0x10081c3c                CapSense_DpProcessSlider
 .text.CapSense_DpProcessCsdWidgetStatus
                0x10081d68       0x74 .\CortexM4\ARM_GCC_541\Debug\CapSense_Processing.o
                0x10081d68                CapSense_DpProcessCsdWidgetStatus
 .text.CapSense_DsInitialize
                0x10081ddc       0x94 .\CortexM4\ARM_GCC_541\Debug\CapSense_Structure.o
                0x10081ddc                CapSense_DsInitialize
 .text.CapSense_IsWidgetActive
                0x10081e70       0x28 .\CortexM4\ARM_GCC_541\Debug\CapSense_Structure.o
                0x10081e70                CapSense_IsWidgetActive
 .text.CapSense_TuInitialize
                0x10081e98       0x14 .\CortexM4\ARM_GCC_541\Debug\CapSense_Tuner.o
                0x10081e98                CapSense_TuInitialize
 .text.CapSense_FtInitializeBaselineChannel
                0x10081eac       0x20 .\CortexM4\ARM_GCC_541\Debug\CapSense_Filter.o
                0x10081eac                CapSense_FtInitializeBaselineChannel
 .text.CapSense_FtInitializeBaseline
                0x10081ecc       0x20 .\CortexM4\ARM_GCC_541\Debug\CapSense_Filter.o
                0x10081ecc                CapSense_FtInitializeBaseline
 .text.CapSense_InitializeSensorBaseline
                0x10081eec       0x28 .\CortexM4\ARM_GCC_541\Debug\CapSense_Filter.o
                0x10081eec                CapSense_InitializeSensorBaseline
 .text.CapSense_InitializeWidgetBaseline
                0x10081f14       0x28 .\CortexM4\ARM_GCC_541\Debug\CapSense_Filter.o
                0x10081f14                CapSense_InitializeWidgetBaseline
 .text.CapSense_InitializeAllBaselines
                0x10081f3c       0x18 .\CortexM4\ARM_GCC_541\Debug\CapSense_Filter.o
                0x10081f3c                CapSense_InitializeAllBaselines
 .text.CapSense_InitializeMedianInternal
                0x10081f54       0x2c .\CortexM4\ARM_GCC_541\Debug\CapSense_Filter.o
                0x10081f54                CapSense_InitializeMedianInternal
 .text.CapSense_InitializeAverageInternal
                0x10081f80       0x34 .\CortexM4\ARM_GCC_541\Debug\CapSense_Filter.o
                0x10081f80                CapSense_InitializeAverageInternal
 .text.CapSense_InitializeWidgetFilter
                0x10081fb4       0x90 .\CortexM4\ARM_GCC_541\Debug\CapSense_Filter.o
                0x10081fb4                CapSense_InitializeWidgetFilter
 .text.CapSense_InitializeAllFilters
                0x10082044       0x18 .\CortexM4\ARM_GCC_541\Debug\CapSense_Filter.o
                0x10082044                CapSense_InitializeAllFilters
 .text.CapSense_FtInitialize
                0x1008205c        0x8 .\CortexM4\ARM_GCC_541\Debug\CapSense_Filter.o
                0x1008205c                CapSense_FtInitialize
 .text.CapSense_RunAverageInternal
                0x10082064       0x44 .\CortexM4\ARM_GCC_541\Debug\CapSense_Filter.o
                0x10082064                CapSense_RunAverageInternal
 .text.CapSense_FtMedian
                0x100820a8       0x18 .\CortexM4\ARM_GCC_541\Debug\CapSense_Filter.o
                0x100820a8                CapSense_FtMedian
 .text.CapSense_RunMedianInternal
                0x100820c0       0x4c .\CortexM4\ARM_GCC_541\Debug\CapSense_Filter.o
                0x100820c0                CapSense_RunMedianInternal
 .text.CapSense_FtRunEnabledFiltersInternal
                0x1008210c       0x18 .\CortexM4\ARM_GCC_541\Debug\CapSense_Filter.o
                0x1008210c                CapSense_FtRunEnabledFiltersInternal
 .text.CapSense_FtIIR1stOrder
                0x10082124       0x14 .\CortexM4\ARM_GCC_541\Debug\CapSense_Filter.o
                0x10082124                CapSense_FtIIR1stOrder
 .text.CapSense_FtUpdateBaseline
                0x10082138       0x8c .\CortexM4\ARM_GCC_541\Debug\CapSense_Filter.o
                0x10082138                CapSense_FtUpdateBaseline
 .text.CapSense_SsCalcLfsrSize
                0x100821c4       0xb0 .\CortexM4\ARM_GCC_541\Debug\CapSense_Sensing.o
 .text.CapSense_SsCalcLfsrScale
                0x10082274       0x38 .\CortexM4\ARM_GCC_541\Debug\CapSense_Sensing.o
 .text.CapSense_SsCSDDisableMode
                0x100822ac       0x28 .\CortexM4\ARM_GCC_541\Debug\CapSense_Sensing.o
 .text.CapSense_SsDisableCSXMode
                0x100822d4        0x8 .\CortexM4\ARM_GCC_541\Debug\CapSense_Sensing.o
 .text.CapSense_IsBusy
                0x100822dc       0x10 .\CortexM4\ARM_GCC_541\Debug\CapSense_Sensing.o
                0x100822dc                CapSense_IsBusy
 .text.CapSense_SetupWidget
                0x100822ec       0x68 .\CortexM4\ARM_GCC_541\Debug\CapSense_Sensing.o
                0x100822ec                CapSense_SetupWidget
 .text.CapSense_Scan
                0x10082354       0x3c .\CortexM4\ARM_GCC_541\Debug\CapSense_Sensing.o
                0x10082354                CapSense_Scan
 .text.CapSense_ScanAllWidgets
                0x10082390       0x54 .\CortexM4\ARM_GCC_541\Debug\CapSense_Sensing.o
                0x10082390                CapSense_ScanAllWidgets
 .text.CapSense_SsSwitchSensingMode
                0x100823e4       0x50 .\CortexM4\ARM_GCC_541\Debug\CapSense_Sensing.o
                0x100823e4                CapSense_SsSwitchSensingMode
 .text.CapSense_SsSetIOsInDefaultState
                0x10082434       0x28 .\CortexM4\ARM_GCC_541\Debug\CapSense_Sensing.o
                0x10082434                CapSense_SsSetIOsInDefaultState
 .text.CapSense_SsPostAllWidgetsScan
                0x1008245c       0x7c .\CortexM4\ARM_GCC_541\Debug\CapSense_Sensing.o
                0x1008245c                CapSense_SsPostAllWidgetsScan
 .text.CapSense_SsIsrInitialize
                0x100824d8       0x58 .\CortexM4\ARM_GCC_541\Debug\CapSense_Sensing.o
                0x100824d8                CapSense_SsIsrInitialize
 .text.CapSense_CalibrateWidget
                0x10082530       0x3c .\CortexM4\ARM_GCC_541\Debug\CapSense_Sensing.o
                0x10082530                CapSense_CalibrateWidget
 .text.CapSense_CalibrateAllWidgets
                0x1008256c       0x1c .\CortexM4\ARM_GCC_541\Debug\CapSense_Sensing.o
                0x1008256c                CapSense_CalibrateAllWidgets
 .text.CapSense_SsClearCSDSensors
                0x10082588       0x4c .\CortexM4\ARM_GCC_541\Debug\CapSense_Sensing.o
                0x10082588                CapSense_SsClearCSDSensors
 .text.CapSense_SsCSDGetColSnsClkDivider
                0x100825d4       0x14 .\CortexM4\ARM_GCC_541\Debug\CapSense_Sensing.o
                0x100825d4                CapSense_SsCSDGetColSnsClkDivider
 .text.CapSense_SsCSDSetColSnsClkDivider
                0x100825e8       0x14 .\CortexM4\ARM_GCC_541\Debug\CapSense_Sensing.o
                0x100825e8                CapSense_SsCSDSetColSnsClkDivider
 .text.CapSense_SsCSDCalcPrsSize
                0x100825fc       0x24 .\CortexM4\ARM_GCC_541\Debug\CapSense_Sensing.o
                0x100825fc                CapSense_SsCSDCalcPrsSize
 .text.CapSense_SsSetWidgetSenseClkSrc
                0x10082620       0x54 .\CortexM4\ARM_GCC_541\Debug\CapSense_Sensing.o
 .text.CapSense_SsAutoTune
                0x10082674      0x19c .\CortexM4\ARM_GCC_541\Debug\CapSense_Sensing.o
                0x10082674                CapSense_SsAutoTune
 .text.CapSense_SsInitializeSourceSenseClk
                0x10082810       0x68 .\CortexM4\ARM_GCC_541\Debug\CapSense_Sensing.o
                0x10082810                CapSense_SsInitializeSourceSenseClk
 .text.CapSense_SsInitialize
                0x10082878       0x14 .\CortexM4\ARM_GCC_541\Debug\CapSense_Sensing.o
                0x10082878                CapSense_SsInitialize
 .text.CapSense_BistDischargeExtCapacitors
                0x1008288c       0x78 .\CortexM4\ARM_GCC_541\Debug\CapSense_Sensing.o
                0x1008288c                CapSense_BistDischargeExtCapacitors
 .text.CapSense_SsCSDPostScan
                0x10082904       0x54 .\CortexM4\ARM_GCC_541\Debug\CapSense_INT.o
 .text.CapSense_SsCSDInitNextScan
                0x10082958       0xac .\CortexM4\ARM_GCC_541\Debug\CapSense_INT.o
 .text.CapSense_CSDPostSingleScan
                0x10082a04       0x30 .\CortexM4\ARM_GCC_541\Debug\CapSense_INT.o
                0x10082a04                CapSense_CSDPostSingleScan
 .text.CapSense_CSDPostMultiScan
                0x10082a34       0x44 .\CortexM4\ARM_GCC_541\Debug\CapSense_INT.o
                0x10082a34                CapSense_CSDPostMultiScan
 .text.CapSense_SsCSDSetModeSnsClockDivider
                0x10082a78       0x10 .\CortexM4\ARM_GCC_541\Debug\CapSense_SensingCSD_LL.o
 .text.CapSense_SsCSDSetFilterDelay
                0x10082a88       0x4c .\CortexM4\ARM_GCC_541\Debug\CapSense_SensingCSD_LL.o
 .text.CapSense_SsCSDConfigIDACs
                0x10082ad4       0x1c .\CortexM4\ARM_GCC_541\Debug\CapSense_SensingCSD_LL.o
 .text.CapSense_SsCSDSetSingleIdacMode
                0x10082af0       0x28 .\CortexM4\ARM_GCC_541\Debug\CapSense_SensingCSD_LL.o
 .text.CapSense_SsCSDRestoreIdacMode
                0x10082b18       0x2c .\CortexM4\ARM_GCC_541\Debug\CapSense_SensingCSD_LL.o
 .text.CapSense_SsCSDCalibrateCheck
                0x10082b44       0x4c .\CortexM4\ARM_GCC_541\Debug\CapSense_SensingCSD_LL.o
 .text.CapSense_SsCSDCmodPrecharge
                0x10082b90       0x6c .\CortexM4\ARM_GCC_541\Debug\CapSense_SensingCSD_LL.o
 .text.CapSense_SsCSDTriggerScan
                0x10082bfc       0x94 .\CortexM4\ARM_GCC_541\Debug\CapSense_SensingCSD_LL.o
 .text.CapSense_SsCSDInitialize
                0x10082c90      0x130 .\CortexM4\ARM_GCC_541\Debug\CapSense_SensingCSD_LL.o
                0x10082c90                CapSense_SsCSDInitialize
 .text.CapSense_SsCSDSetUpIdacs
                0x10082dc0       0x50 .\CortexM4\ARM_GCC_541\Debug\CapSense_SensingCSD_LL.o
                0x10082dc0                CapSense_SsCSDSetUpIdacs
 .text.CapSense_SsCSDGetNumberOfConversions
                0x10082e10       0x30 .\CortexM4\ARM_GCC_541\Debug\CapSense_SensingCSD_LL.o
                0x10082e10                CapSense_SsCSDGetNumberOfConversions
 .text.CapSense_SsCSDConfigClock
                0x10082e40       0x3c .\CortexM4\ARM_GCC_541\Debug\CapSense_SensingCSD_LL.o
                0x10082e40                CapSense_SsCSDConfigClock
 .text.CapSense_SsCSDCalculateScanDuration
                0x10082e7c       0x18 .\CortexM4\ARM_GCC_541\Debug\CapSense_SensingCSD_LL.o
                0x10082e7c                CapSense_SsCSDCalculateScanDuration
 .text.CapSense_SsCSDStartSample
                0x10082e94       0x44 .\CortexM4\ARM_GCC_541\Debug\CapSense_SensingCSD_LL.o
                0x10082e94                CapSense_SsCSDStartSample
 .text.CapSense_CSDScanExt
                0x10082ed8       0x1c .\CortexM4\ARM_GCC_541\Debug\CapSense_SensingCSD_LL.o
                0x10082ed8                CapSense_CSDScanExt
 .text.CapSense_CSDConnectSns
                0x10082ef4       0x98 .\CortexM4\ARM_GCC_541\Debug\CapSense_SensingCSD_LL.o
                0x10082ef4                CapSense_CSDConnectSns
 .text.CapSense_CSDScan
                0x10082f8c       0x74 .\CortexM4\ARM_GCC_541\Debug\CapSense_SensingCSD_LL.o
                0x10082f8c                CapSense_CSDScan
 .text.CapSense_SsCSDConnectSensorExt
                0x10083000       0x24 .\CortexM4\ARM_GCC_541\Debug\CapSense_SensingCSD_LL.o
                0x10083000                CapSense_SsCSDConnectSensorExt
 .text.CapSense_CSDDisconnectSns
                0x10083024       0xa4 .\CortexM4\ARM_GCC_541\Debug\CapSense_SensingCSD_LL.o
                0x10083024                CapSense_CSDDisconnectSns
 .text.CapSense_SsCSDElectrodeCheck
                0x100830c8       0x24 .\CortexM4\ARM_GCC_541\Debug\CapSense_SensingCSD_LL.o
                0x100830c8                CapSense_SsCSDElectrodeCheck
 .text.CapSense_CSDSetupWidget
                0x100830ec       0x5c .\CortexM4\ARM_GCC_541\Debug\CapSense_SensingCSD_LL.o
                0x100830ec                CapSense_CSDSetupWidget
 .text.CapSense_CSDSetupWidgetExt
                0x10083148       0x64 .\CortexM4\ARM_GCC_541\Debug\CapSense_SensingCSD_LL.o
                0x10083148                CapSense_CSDSetupWidgetExt
 .text.CapSense_SsCSDCalibrateOneSensor
                0x100831ac       0xe8 .\CortexM4\ARM_GCC_541\Debug\CapSense_SensingCSD_LL.o
 .text.CapSense_CSDCalibrateWidget
                0x10083294      0x11c .\CortexM4\ARM_GCC_541\Debug\CapSense_SensingCSD_LL.o
                0x10083294                CapSense_CSDCalibrateWidget
 .text.CapSense_SsCalcCsxScanPeriod
                0x100833b0       0x10 .\CortexM4\ARM_GCC_541\Debug\CapSense_SensingCSX_LL.o
 .text.CapSense_CSXScanISR
                0x100833c0       0xd0 .\CortexM4\ARM_GCC_541\Debug\CapSense_SensingCSX_LL.o
                0x100833c0                CapSense_CSXScanISR
 .text.CapSense_SsCSXStartSample
                0x10083490      0x148 .\CortexM4\ARM_GCC_541\Debug\CapSense_SensingCSX_LL.o
 .text.CapSense_CSXInitialize
                0x100835d8      0x150 .\CortexM4\ARM_GCC_541\Debug\CapSense_SensingCSX_LL.o
                0x100835d8                CapSense_CSXInitialize
 .text.CapSense_CSXCalibrateWidget
                0x10083728       0xcc .\CortexM4\ARM_GCC_541\Debug\CapSense_SensingCSX_LL.o
                0x10083728                CapSense_CSXCalibrateWidget
 .text.CapSense_CSXConnectTx
                0x100837f4       0x98 .\CortexM4\ARM_GCC_541\Debug\CapSense_SensingCSX_LL.o
                0x100837f4                CapSense_CSXConnectTx
 .text.CapSense_CSXConnectRx
                0x1008388c       0x94 .\CortexM4\ARM_GCC_541\Debug\CapSense_SensingCSX_LL.o
                0x1008388c                CapSense_CSXConnectRx
 .text.CapSense_CSXScan
                0x10083920       0x64 .\CortexM4\ARM_GCC_541\Debug\CapSense_SensingCSX_LL.o
                0x10083920                CapSense_CSXScan
 .text.CapSense_CSXDisconnectTx
                0x10083984       0x64 .\CortexM4\ARM_GCC_541\Debug\CapSense_SensingCSX_LL.o
                0x10083984                CapSense_CSXDisconnectTx
 .text.CapSense_CSXDisconnectRx
                0x100839e8       0xa4 .\CortexM4\ARM_GCC_541\Debug\CapSense_SensingCSX_LL.o
                0x100839e8                CapSense_CSXDisconnectRx
 .text.CapSense_SsCSXPostMultiScan
                0x10083a8c       0xd0 .\CortexM4\ARM_GCC_541\Debug\CapSense_SensingCSX_LL.o
 .text.CapSense_CSXElectrodeCheck
                0x10083b5c       0x24 .\CortexM4\ARM_GCC_541\Debug\CapSense_SensingCSX_LL.o
                0x10083b5c                CapSense_CSXElectrodeCheck
 .text.CapSense_CSXSetupWidget
                0x10083b80       0x8c .\CortexM4\ARM_GCC_541\Debug\CapSense_SensingCSX_LL.o
                0x10083b80                CapSense_CSXSetupWidget
 .text.CapSense_SsCSXGetTxClkDivider
                0x10083c0c       0x14 .\CortexM4\ARM_GCC_541\Debug\CapSense_SensingCSX_LL.o
                0x10083c0c                CapSense_SsCSXGetTxClkDivider
 .text.CapSense_DpFindLocalMaxSd
                0x10083c20       0xd8 .\CortexM4\ARM_GCC_541\Debug\CapSense_Centroid_LL.o
                0x10083c20                CapSense_DpFindLocalMaxSd
 .text.CapSense_DpCalcLinearCentroid
                0x10083cf8       0x84 .\CortexM4\ARM_GCC_541\Debug\CapSense_Centroid_LL.o
                0x10083cf8                CapSense_DpCalcLinearCentroid
 .text.CapSense_InitPosFiltersSd
                0x10083d7c        0x8 .\CortexM4\ARM_GCC_541\Debug\CapSense_Centroid_LL.o
                0x10083d7c                CapSense_InitPosFiltersSd
 .text.CapSense_GetTouchParams
                0x10083d84       0x6c .\CortexM4\ARM_GCC_541\Debug\CapSense_Gesture.o
                0x10083d84                CapSense_GetTouchParams
 .text.CapSense_InitializeGestures
                0x10083df0       0x30 .\CortexM4\ARM_GCC_541\Debug\CapSense_Gesture.o
                0x10083df0                CapSense_InitializeGestures
 .text.CapSense_DecodeWidgetGestures
                0x10083e20       0x80 .\CortexM4\ARM_GCC_541\Debug\CapSense_Gesture.o
                0x10083e20                CapSense_DecodeWidgetGestures
 .text.CapSense_SetGestureTimestamp
                0x10083ea0        0xc .\CortexM4\ARM_GCC_541\Debug\CapSense_Gesture.o
                0x10083ea0                CapSense_SetGestureTimestamp
 .text.ADC_InitConfig
                0x10083eac       0x58 .\CortexM4\ARM_GCC_541\Debug\ADC.o
                0x10083eac                ADC_InitConfig
 .text.ADC_StartConvert
                0x10083f04       0x24 .\CortexM4\ARM_GCC_541\Debug\ADC.o
                0x10083f04                ADC_StartConvert
 .text.ADC_IsEndConversion
                0x10083f28       0x18 .\CortexM4\ARM_GCC_541\Debug\ADC.o
                0x10083f28                ADC_IsEndConversion
 .text.ADC_Init
                0x10083f40       0x34 .\CortexM4\ARM_GCC_541\Debug\ADC.o
                0x10083f40                ADC_Init
 .text.ADC_Start
                0x10083f74       0x2c .\CortexM4\ARM_GCC_541\Debug\ADC.o
                0x10083f74                ADC_Start
 .text.ADC_ISR  0x10083fa0       0x30 .\CortexM4\ARM_GCC_541\Debug\ADC_INT.o
                0x10083fa0                ADC_ISR
 .text.CapSense_TMG_DecodeAllGestures
                0x10083fd0       0x1c .\CortexM4\ARM_GCC_541\Debug\CapSense_TMG.o
                0x10083fd0                CapSense_TMG_DecodeAllGestures
 .text.Cy_SysInt_SetVector
                0x10083fec       0x44 .\CortexM4\ARM_GCC_541\Debug\cy_sysint.o
                0x10083fec                Cy_SysInt_SetVector
 .text.Cy_SysInt_Init
                0x10084030       0x7c .\CortexM4\ARM_GCC_541\Debug\cy_sysint.o
                0x10084030                Cy_SysInt_Init
 .text.Cy_IPC_Drv_LockRelease
                0x100840ac       0x30 .\CortexM4\ARM_GCC_541\Debug\cy_ipc_drv.o
                0x100840ac                Cy_IPC_Drv_LockRelease
 .text.Cy_IPC_Drv_SendMsgWord
                0x100840dc       0x3c .\CortexM4\ARM_GCC_541\Debug\cy_ipc_drv.o
                0x100840dc                Cy_IPC_Drv_SendMsgWord
 .text.Cy_IPC_Drv_ReadMsgWord
                0x10084118       0x2c .\CortexM4\ARM_GCC_541\Debug\cy_ipc_drv.o
                0x10084118                Cy_IPC_Drv_ReadMsgWord
 .text.Cy_IPC_Sema_Init
                0x10084144       0xb0 .\CortexM4\ARM_GCC_541\Debug\cy_ipc_sema.o
                0x10084144                Cy_IPC_Sema_Init
 .text.Cy_IPC_Sema_Clear
                0x100841f4       0x88 .\CortexM4\ARM_GCC_541\Debug\cy_ipc_sema.o
                0x100841f4                Cy_IPC_Sema_Clear
 .text.Cy_IPC_Sema_Status
                0x1008427c       0x40 .\CortexM4\ARM_GCC_541\Debug\cy_ipc_sema.o
                0x1008427c                Cy_IPC_Sema_Status
 .text.Cy_IPC_Pipe_Config
                0x100842bc       0x10 .\CortexM4\ARM_GCC_541\Debug\cy_ipc_pipe.o
                0x100842bc                Cy_IPC_Pipe_Config
 .text.Cy_IPC_Pipe_EndpointInit
                0x100842cc       0xb8 .\CortexM4\ARM_GCC_541\Debug\cy_ipc_pipe.o
                0x100842cc                Cy_IPC_Pipe_EndpointInit
 .text.Cy_IPC_Pipe_Init
                0x10084384       0xc4 .\CortexM4\ARM_GCC_541\Debug\cy_ipc_pipe.o
                0x10084384                Cy_IPC_Pipe_Init
 .text.Cy_IPC_Pipe_SendMessage
                0x10084448       0xb0 .\CortexM4\ARM_GCC_541\Debug\cy_ipc_pipe.o
                0x10084448                Cy_IPC_Pipe_SendMessage
 .text.Cy_IPC_Pipe_RegisterCallback
                0x100844f8       0x40 .\CortexM4\ARM_GCC_541\Debug\cy_ipc_pipe.o
                0x100844f8                Cy_IPC_Pipe_RegisterCallback
 .text.Cy_IPC_Pipe_ExecCallback
                0x10084538       0xb0 .\CortexM4\ARM_GCC_541\Debug\cy_ipc_pipe.o
                0x10084538                Cy_IPC_Pipe_ExecCallback
 .text.Cy_SCB_Write
                0x100845e8       0x28 .\CortexM4\ARM_GCC_541\Debug\cy_scb_common.o
                0x100845e8                Cy_SCB_Write
 .text.Cy_SCB_SPI_Init
                0x10084610      0x28c .\CortexM4\ARM_GCC_541\Debug\cy_scb_spi.o
                0x10084610                Cy_SCB_SPI_Init
 .text.Cy_SCB_SPI_Disable
                0x1008489c       0x24 .\CortexM4\ARM_GCC_541\Debug\cy_scb_spi.o
                0x1008489c                Cy_SCB_SPI_Disable
 .text.Cy_Flash_ProcessOpcode
                0x100848c0       0xac .\CortexM4\ARM_GCC_541\Debug\cy_flash.o
 .text.Cy_Flash_OperationStatus
                0x1008496c       0x44 .\CortexM4\ARM_GCC_541\Debug\cy_flash.o
 .text.Cy_Flash_Init
                0x100849b0       0x4c .\CortexM4\ARM_GCC_541\Debug\cy_flash.o
                0x100849b0                Cy_Flash_Init
 .text.Cy_GPIO_Pin_FastInit
                0x100849fc       0xf0 .\CortexM4\ARM_GCC_541\Debug\cy_gpio.o
                0x100849fc                Cy_GPIO_Pin_FastInit
 .text.Cy_SAR_Init
                0x10084aec      0x1e8 .\CortexM4\ARM_GCC_541\Debug\cy_sar.o
                0x10084aec                Cy_SAR_Init
 .text.Cy_SAR_DeInit
                0x10084cd4       0x70 .\CortexM4\ARM_GCC_541\Debug\cy_sar.o
                0x10084cd4                Cy_SAR_DeInit
 .text.Cy_SAR_Enable
                0x10084d44       0x20 .\CortexM4\ARM_GCC_541\Debug\cy_sar.o
                0x10084d44                Cy_SAR_Enable
 .text.Cy_SAR_StartConvert
                0x10084d64       0x2c .\CortexM4\ARM_GCC_541\Debug\cy_sar.o
                0x10084d64                Cy_SAR_StartConvert
 .text.Cy_SAR_Wakeup
                0x10084d90       0x34 .\CortexM4\ARM_GCC_541\Debug\cy_sar.o
                0x10084d90                Cy_SAR_Wakeup
 .text.Cy_SAR_StopConvert
                0x10084dc4       0x14 .\CortexM4\ARM_GCC_541\Debug\cy_sar.o
                0x10084dc4                Cy_SAR_StopConvert
 .text.Cy_SAR_Sleep
                0x10084dd8       0x40 .\CortexM4\ARM_GCC_541\Debug\cy_sar.o
                0x10084dd8                Cy_SAR_Sleep
 .text.Cy_SAR_IsEndConversion
                0x10084e18       0x64 .\CortexM4\ARM_GCC_541\Debug\cy_sar.o
                0x10084e18                Cy_SAR_IsEndConversion
 .text.Cy_SAR_GetResult16
                0x10084e7c       0x2c .\CortexM4\ARM_GCC_541\Debug\cy_sar.o
                0x10084e7c                Cy_SAR_GetResult16
 .text.Cy_SysPm_ExecuteCallback
                0x10084ea8       0xc0 .\CortexM4\ARM_GCC_541\Debug\cy_syspm.o
                0x10084ea8                Cy_SysPm_ExecuteCallback
 .text.Cy_SysPm_Sleep
                0x10084f68       0x94 .\CortexM4\ARM_GCC_541\Debug\cy_syspm.o
                0x10084f68                Cy_SysPm_Sleep
 .text.Cy_SysLib_DelayUs
                0x10084ffc       0x14 .\CortexM4\ARM_GCC_541\Debug\cy_syslib.o
                0x10084ffc                Cy_SysLib_DelayUs
 .text.Cy_SysLib_Halt
                0x10085010        0x4 .\CortexM4\ARM_GCC_541\Debug\cy_syslib.o
                0x10085010                Cy_SysLib_Halt
 .text.Cy_SysLib_AssertFailed
                0x10085014       0x1c .\CortexM4\ARM_GCC_541\Debug\cy_syslib.o
                0x10085014                Cy_SysLib_AssertFailed
 .text.Cy_SysLib_ProcessingFault
                0x10085030        0x4 .\CortexM4\ARM_GCC_541\Debug\cy_syslib.o
                0x10085030                Cy_SysLib_ProcessingFault
 .text.Cy_SysLib_FaultHandler
                0x10085034       0xa4 .\CortexM4\ARM_GCC_541\Debug\cy_syslib.o
                0x10085034                Cy_SysLib_FaultHandler
 .text          0x100850d8       0x20 .\CortexM4\ARM_GCC_541\Debug\cy_syslib_gcc.o
                0x100850d8                Cy_SysLib_DelayCycles
                0x100850ea                Cy_SysLib_EnterCriticalSection
                0x100850f2                Cy_SysLib_ExitCriticalSection
 .text.vListInitialise
                0x100850f8       0x18 .\CortexM4\ARM_GCC_541\Debug\list.o
                0x100850f8                vListInitialise
 .text.vListInitialiseItem
                0x10085110        0x8 .\CortexM4\ARM_GCC_541\Debug\list.o
                0x10085110                vListInitialiseItem
 .text.vListInsertEnd
                0x10085118       0x18 .\CortexM4\ARM_GCC_541\Debug\list.o
                0x10085118                vListInsertEnd
 .text.vListInsert
                0x10085130       0x34 .\CortexM4\ARM_GCC_541\Debug\list.o
                0x10085130                vListInsert
 .text.uxListRemove
                0x10085164       0x24 .\CortexM4\ARM_GCC_541\Debug\list.o
                0x10085164                uxListRemove
 .text.prvIsQueueFull
                0x10085188       0x20 .\CortexM4\ARM_GCC_541\Debug\queue.o
 .text.prvIsQueueEmpty
                0x100851a8       0x1c .\CortexM4\ARM_GCC_541\Debug\queue.o
 .text.prvCopyDataToQueue
                0x100851c4       0x54 .\CortexM4\ARM_GCC_541\Debug\queue.o
 .text.prvCopyDataFromQueue
                0x10085218       0x24 .\CortexM4\ARM_GCC_541\Debug\queue.o
 .text.prvUnlockQueue
                0x1008523c       0x68 .\CortexM4\ARM_GCC_541\Debug\queue.o
 .text.xQueueGenericReset
                0x100852a4       0x74 .\CortexM4\ARM_GCC_541\Debug\queue.o
                0x100852a4                xQueueGenericReset
 .text.prvInitialiseNewQueue
                0x10085318       0x1c .\CortexM4\ARM_GCC_541\Debug\queue.o
 .text.xQueueGenericCreate
                0x10085334       0x3c .\CortexM4\ARM_GCC_541\Debug\queue.o
                0x10085334                xQueueGenericCreate
 .text.xQueueGenericSend
                0x10085370      0x158 .\CortexM4\ARM_GCC_541\Debug\queue.o
                0x10085370                xQueueGenericSend
 .text.xQueueGenericSendFromISR
                0x100854c8       0xb8 .\CortexM4\ARM_GCC_541\Debug\queue.o
                0x100854c8                xQueueGenericSendFromISR
 .text.xQueueGenericReceive
                0x10085580      0x15c .\CortexM4\ARM_GCC_541\Debug\queue.o
                0x10085580                xQueueGenericReceive
 .text.vQueueAddToRegistry
                0x100856dc       0x28 .\CortexM4\ARM_GCC_541\Debug\queue.o
                0x100856dc                vQueueAddToRegistry
 .text.vQueueWaitForMessageRestricted
                0x10085704       0x4c .\CortexM4\ARM_GCC_541\Debug\queue.o
                0x10085704                vQueueWaitForMessageRestricted
 .text.prvResetNextTaskUnblockTime
                0x10085750       0x2c .\CortexM4\ARM_GCC_541\Debug\tasks.o
 .text.prvDeleteTCB
                0x1008577c       0x14 .\CortexM4\ARM_GCC_541\Debug\tasks.o
 .text.prvInitialiseNewTask
                0x10085790       0xa0 .\CortexM4\ARM_GCC_541\Debug\tasks.o
 .text.prvInitialiseTaskLists
                0x10085830       0x58 .\CortexM4\ARM_GCC_541\Debug\tasks.o
 .text.prvAddNewTaskToReadyList
                0x10085888       0xac .\CortexM4\ARM_GCC_541\Debug\tasks.o
 .text.prvAddCurrentTaskToDelayedList
                0x10085934       0x68 .\CortexM4\ARM_GCC_541\Debug\tasks.o
 .text.xTaskCreate
                0x1008599c       0x64 .\CortexM4\ARM_GCC_541\Debug\tasks.o
                0x1008599c                xTaskCreate
 .text.vTaskStartScheduler
                0x10085a00       0x60 .\CortexM4\ARM_GCC_541\Debug\tasks.o
                0x10085a00                vTaskStartScheduler
 .text.vTaskSuspendAll
                0x10085a60       0x14 .\CortexM4\ARM_GCC_541\Debug\tasks.o
                0x10085a60                vTaskSuspendAll
 .text.xTaskGetTickCount
                0x10085a74        0xc .\CortexM4\ARM_GCC_541\Debug\tasks.o
                0x10085a74                xTaskGetTickCount
 .text.xTaskIncrementTick
                0x10085a80       0xf0 .\CortexM4\ARM_GCC_541\Debug\tasks.o
                0x10085a80                xTaskIncrementTick
 .text.xTaskResumeAll
                0x10085b70       0xe4 .\CortexM4\ARM_GCC_541\Debug\tasks.o
                0x10085b70                xTaskResumeAll
 .text.vTaskDelay
                0x10085c54       0x44 .\CortexM4\ARM_GCC_541\Debug\tasks.o
                0x10085c54                vTaskDelay
 .text.prvCheckTasksWaitingTermination
                0x10085c98       0x54 .\CortexM4\ARM_GCC_541\Debug\tasks.o
 .text.prvIdleTask
                0x10085cec       0x2c .\CortexM4\ARM_GCC_541\Debug\tasks.o
 .text.vTaskSwitchContext
                0x10085d18       0xbc .\CortexM4\ARM_GCC_541\Debug\tasks.o
                0x10085d18                vTaskSwitchContext
 .text.vTaskPlaceOnEventList
                0x10085dd4       0x24 .\CortexM4\ARM_GCC_541\Debug\tasks.o
                0x10085dd4                vTaskPlaceOnEventList
 .text.vTaskPlaceOnEventListRestricted
                0x10085df8       0x2c .\CortexM4\ARM_GCC_541\Debug\tasks.o
                0x10085df8                vTaskPlaceOnEventListRestricted
 .text.xTaskRemoveFromEventList
                0x10085e24       0x7c .\CortexM4\ARM_GCC_541\Debug\tasks.o
                0x10085e24                xTaskRemoveFromEventList
 .text.vTaskSetTimeOutState
                0x10085ea0       0x1c .\CortexM4\ARM_GCC_541\Debug\tasks.o
                0x10085ea0                vTaskSetTimeOutState
 .text.xTaskCheckForTimeOut
                0x10085ebc       0x64 .\CortexM4\ARM_GCC_541\Debug\tasks.o
                0x10085ebc                xTaskCheckForTimeOut
 .text.vTaskMissedYield
                0x10085f20       0x10 .\CortexM4\ARM_GCC_541\Debug\tasks.o
                0x10085f20                vTaskMissedYield
 .text.xTaskGetSchedulerState
                0x10085f30       0x20 .\CortexM4\ARM_GCC_541\Debug\tasks.o
                0x10085f30                xTaskGetSchedulerState
 .text.prvGetNextExpireTime
                0x10085f50       0x20 .\CortexM4\ARM_GCC_541\Debug\timers.o
 .text.prvInsertTimerInActiveList
                0x10085f70       0x44 .\CortexM4\ARM_GCC_541\Debug\timers.o
 .text.prvCheckForValidListAndQueue
                0x10085fb4       0x48 .\CortexM4\ARM_GCC_541\Debug\timers.o
 .text.xTimerCreateTimerTask
                0x10085ffc       0x44 .\CortexM4\ARM_GCC_541\Debug\timers.o
                0x10085ffc                xTimerCreateTimerTask
 .text.xTimerGenericCommand
                0x10086040       0x5c .\CortexM4\ARM_GCC_541\Debug\timers.o
                0x10086040                xTimerGenericCommand
 .text.prvSwitchTimerLists
                0x1008609c       0x68 .\CortexM4\ARM_GCC_541\Debug\timers.o
 .text.prvSampleTimeNow
                0x10086104       0x2c .\CortexM4\ARM_GCC_541\Debug\timers.o
 .text.prvProcessExpiredTimer
                0x10086130       0x50 .\CortexM4\ARM_GCC_541\Debug\timers.o
 .text.prvProcessTimerOrBlockTask
                0x10086180       0x70 .\CortexM4\ARM_GCC_541\Debug\timers.o
 .text.prvProcessReceivedCommands
                0x100861f0       0xa0 .\CortexM4\ARM_GCC_541\Debug\timers.o
 .text.prvTimerTask
                0x10086290       0x18 .\CortexM4\ARM_GCC_541\Debug\timers.o
 .text.prvTaskExitError
                0x100862a8       0x18 .\CortexM4\ARM_GCC_541\Debug\port.o
 .text.prvPortStartFirstTask
                0x100862c0       0x20 .\CortexM4\ARM_GCC_541\Debug\port.o
 .text.vPortEnableVFP
                0x100862e0       0x14 .\CortexM4\ARM_GCC_541\Debug\port.o
 .text.pxPortInitialiseStack
                0x100862f4       0x2c .\CortexM4\ARM_GCC_541\Debug\port.o
                0x100862f4                pxPortInitialiseStack
 .text.SVC_Handler
                0x10086320       0x24 .\CortexM4\ARM_GCC_541\Debug\port.o
                0x10086320                SVC_Handler
 .text.vPortEnterCritical
                0x10086344       0x28 .\CortexM4\ARM_GCC_541\Debug\port.o
                0x10086344                vPortEnterCritical
 .text.vPortExitCritical
                0x1008636c       0x1c .\CortexM4\ARM_GCC_541\Debug\port.o
                0x1008636c                vPortExitCritical
 *fill*         0x10086388        0x8 
 .text.PendSV_Handler
                0x10086390       0x64 .\CortexM4\ARM_GCC_541\Debug\port.o
                0x10086390                PendSV_Handler
 .text.SysTick_Handler
                0x100863f4       0x1c .\CortexM4\ARM_GCC_541\Debug\port.o
                0x100863f4                SysTick_Handler
 .text.vPortSetupTimerInterrupt
                0x10086410       0x2c .\CortexM4\ARM_GCC_541\Debug\port.o
                0x10086410                vPortSetupTimerInterrupt
 .text.xPortStartScheduler
                0x1008643c       0xa4 .\CortexM4\ARM_GCC_541\Debug\port.o
                0x1008643c                xPortStartScheduler
 .text.vPortValidateInterruptPriority
                0x100864e0       0x3c .\CortexM4\ARM_GCC_541\Debug\port.o
                0x100864e0                vPortValidateInterruptPriority
 .text.prvHeapInit
                0x1008651c       0x58 .\CortexM4\ARM_GCC_541\Debug\heap_4.o
 .text.prvInsertBlockIntoFreeList
                0x10086574       0x58 .\CortexM4\ARM_GCC_541\Debug\heap_4.o
 .text.pvPortMalloc
                0x100865cc       0xe8 .\CortexM4\ARM_GCC_541\Debug\heap_4.o
                0x100865cc                pvPortMalloc
 .text.vPortFree
                0x100866b4       0x5c .\CortexM4\ARM_GCC_541\Debug\heap_4.o
                0x100866b4                vPortFree
 .text.Gesture_ApplyMasks
                0x10086710       0x84 C:\Program Files (x86)\Cypress\PSoC Creator\4.2\PSoC Creator\psoc\content\CyComponentLibrary\CyComponentLibrary.cylib\CapSense_TMG_v2_0\Library\Gestures_GCC_M4.a(Gesture.o)
 .text.Gesture_FindDirection8way
                0x10086794       0x7c C:\Program Files (x86)\Cypress\PSoC Creator\4.2\PSoC Creator\psoc\content\CyComponentLibrary\CyComponentLibrary.cylib\CapSense_TMG_v2_0\Library\Gestures_GCC_M4.a(Gesture.o)
 .text.Gesture_UpdateLastReportedGestureID
                0x10086810        0xc C:\Program Files (x86)\Cypress\PSoC Creator\4.2\PSoC Creator\psoc\content\CyComponentLibrary\CyComponentLibrary.cylib\CapSense_TMG_v2_0\Library\Gestures_GCC_M4.a(Gesture.o)
                0x10086810                Gesture_UpdateLastReportedGestureID
 .text.Gesture_DecodeFlick
                0x1008681c       0x5c C:\Program Files (x86)\Cypress\PSoC Creator\4.2\PSoC Creator\psoc\content\CyComponentLibrary\CyComponentLibrary.cylib\CapSense_TMG_v2_0\Library\Gestures_GCC_M4.a(Gesture.o)
                0x1008681c                Gesture_DecodeFlick
 .text.Gesture_CalculateDTCoordinateCenter
                0x10086878       0x28 C:\Program Files (x86)\Cypress\PSoC Creator\4.2\PSoC Creator\psoc\content\CyComponentLibrary\CyComponentLibrary.cylib\CapSense_TMG_v2_0\Library\Gestures_GCC_M4.a(Gesture.o)
                0x10086878                Gesture_CalculateDTCoordinateCenter
 .text.Gesture_UpdatePreviousCoordinatesForFinger1
                0x100868a0       0x24 C:\Program Files (x86)\Cypress\PSoC Creator\4.2\PSoC Creator\psoc\content\CyComponentLibrary\CyComponentLibrary.cylib\CapSense_TMG_v2_0\Library\Gestures_GCC_M4.a(Gesture.o)
                0x100868a0                Gesture_UpdatePreviousCoordinatesForFinger1
 .text.Gesture_PostProcessSTGestures
                0x100868c4       0x4c C:\Program Files (x86)\Cypress\PSoC Creator\4.2\PSoC Creator\psoc\content\CyComponentLibrary\CyComponentLibrary.cylib\CapSense_TMG_v2_0\Library\Gestures_GCC_M4.a(Gesture.o)
                0x100868c4                Gesture_PostProcessSTGestures
 .text.Gesture_UpdatePreviousCoordinatesForFinger2
                0x10086910       0x24 C:\Program Files (x86)\Cypress\PSoC Creator\4.2\PSoC Creator\psoc\content\CyComponentLibrary\CyComponentLibrary.cylib\CapSense_TMG_v2_0\Library\Gestures_GCC_M4.a(Gesture.o)
                0x10086910                Gesture_UpdatePreviousCoordinatesForFinger2
 .text.Gesture_UpdateGestureCounter
                0x10086934       0x24 C:\Program Files (x86)\Cypress\PSoC Creator\4.2\PSoC Creator\psoc\content\CyComponentLibrary\CyComponentLibrary.cylib\CapSense_TMG_v2_0\Library\Gestures_GCC_M4.a(Gesture.o)
                0x10086934                Gesture_UpdateGestureCounter
 .text.Gesture_DetermineDirection
                0x10086958       0xc0 C:\Program Files (x86)\Cypress\PSoC Creator\4.2\PSoC Creator\psoc\content\CyComponentLibrary\CyComponentLibrary.cylib\CapSense_TMG_v2_0\Library\Gestures_GCC_M4.a(Gesture.o)
                0x10086958                Gesture_DetermineDirection
 .text.Gesture_ApplyWholeMask
                0x10086a18       0x60 C:\Program Files (x86)\Cypress\PSoC Creator\4.2\PSoC Creator\psoc\content\CyComponentLibrary\CyComponentLibrary.cylib\CapSense_TMG_v2_0\Library\Gestures_GCC_M4.a(Gesture.o)
                0x10086a18                Gesture_ApplyWholeMask
 .text.Gesture_PreprocessGestures
                0x10086a78      0x27c C:\Program Files (x86)\Cypress\PSoC Creator\4.2\PSoC Creator\psoc\content\CyComponentLibrary\CyComponentLibrary.cylib\CapSense_TMG_v2_0\Library\Gestures_GCC_M4.a(Gesture.o)
                0x10086a78                Gesture_PreprocessGestures
 .text.Gesture_DecodeTouchdownAndLiftoff
                0x10086cf4       0x18 C:\Program Files (x86)\Cypress\PSoC Creator\4.2\PSoC Creator\psoc\content\CyComponentLibrary\CyComponentLibrary.cylib\CapSense_TMG_v2_0\Library\Gestures_GCC_M4.a(Gesture.o)
                0x10086cf4                Gesture_DecodeTouchdownAndLiftoff
 .text.Gesture_GeneralSTGesturesPostProcess
                0x10086d0c       0x94 C:\Program Files (x86)\Cypress\PSoC Creator\4.2\PSoC Creator\psoc\content\CyComponentLibrary\CyComponentLibrary.cylib\CapSense_TMG_v2_0\Library\Gestures_GCC_M4.a(Gesture.o)
                0x10086d0c                Gesture_GeneralSTGesturesPostProcess
 .text.Gesture_DecodeFlickGestures
                0x10086da0      0x114 C:\Program Files (x86)\Cypress\PSoC Creator\4.2\PSoC Creator\psoc\content\CyComponentLibrary\CyComponentLibrary.cylib\CapSense_TMG_v2_0\Library\Gestures_GCC_M4.a(Gesture.o)
                0x10086da0                Gesture_DecodeFlickGestures
 .text.Gesture_Init
                0x10086eb4       0x80 C:\Program Files (x86)\Cypress\PSoC Creator\4.2\PSoC Creator\psoc\content\CyComponentLibrary\CyComponentLibrary.cylib\CapSense_TMG_v2_0\Library\Gestures_GCC_M4.a(Gesture.o)
                0x10086eb4                Gesture_Init
 .text.SmartSense_TunePrescalers
                0x10086f34       0x4c C:\Program Files (x86)\Cypress\PSoC Creator\4.2\PSoC Creator\psoc\content\CyComponentLibrary\CyComponentLibrary.cylib\CapSense_v2_0\Library\CapSense_Library_GCC_M4.a(CapSense_SmartSense_LL.o)
                0x10086f34                SmartSense_TunePrescalers
 .text.SmartSense_TuneSensitivity
                0x10086f80       0x64 C:\Program Files (x86)\Cypress\PSoC Creator\4.2\PSoC Creator\psoc\content\CyComponentLibrary\CyComponentLibrary.cylib\CapSense_v2_0\Library\CapSense_Library_GCC_M4.a(CapSense_SmartSense_LL.o)
                0x10086f80                SmartSense_TuneSensitivity
 .text.SmartSense_UpdateThresholds
                0x10086fe4       0x38 C:\Program Files (x86)\Cypress\PSoC Creator\4.2\PSoC Creator\psoc\content\CyComponentLibrary\CyComponentLibrary.cylib\CapSense_v2_0\Library\CapSense_Library_GCC_M4.a(CapSense_SmartSense_SL.o)
                0x10086fe4                SmartSense_UpdateThresholds
 .text.SmartSense_InitializeNoiseEnvelope
                0x1008701c       0x18 C:\Program Files (x86)\Cypress\PSoC Creator\4.2\PSoC Creator\psoc\content\CyComponentLibrary\CyComponentLibrary.cylib\CapSense_v2_0\Library\CapSense_Library_GCC_M4.a(CapSense_SmartSense_SL.o)
                0x1008701c                SmartSense_InitializeNoiseEnvelope
 .text.SmartSense_RunNoiseEnvelope
                0x10087034       0x8a C:\Program Files (x86)\Cypress\PSoC Creator\4.2\PSoC Creator\psoc\content\CyComponentLibrary\CyComponentLibrary.cylib\CapSense_v2_0\Library\CapSense_Library_GCC_M4.a(CapSense_SmartSense_SL.o)
                0x10087034                SmartSense_RunNoiseEnvelope
 *fill*         0x100870be        0x2 
 .text          0x100870c0      0x370 c:/program files (x86)/cypress/psoc creator/4.2/psoc creator/import/gnu/arm/5.4.1/bin/../lib/gcc/arm-none-eabi/5.4.1/armv7e-m/softfp\libgcc.a(_arm_addsubdf3.o)
                0x100870c0                __aeabi_drsub
                0x100870c8                __aeabi_dsub
                0x100870c8                __subdf3
                0x100870cc                __aeabi_dadd
                0x100870cc                __adddf3
                0x10087344                __floatunsidf
                0x10087344                __aeabi_ui2d
                0x10087364                __floatsidf
                0x10087364                __aeabi_i2d
                0x10087388                __aeabi_f2d
                0x10087388                __extendsfdf2
                0x100873c4                __floatundidf
                0x100873c4                __aeabi_ul2d
                0x100873d4                __floatdidf
                0x100873d4                __aeabi_l2d
 .text          0x10087430       0xa0 c:/program files (x86)/cypress/psoc creator/4.2/psoc creator/import/gnu/arm/5.4.1/bin/../lib/gcc/arm-none-eabi/5.4.1/armv7e-m/softfp\libgcc.a(_arm_truncdfsf2.o)
                0x10087430                __truncdfsf2
                0x10087430                __aeabi_d2f
 .text.memcpy   0x100874d0       0x16 c:/program files (x86)/cypress/psoc creator/4.2/psoc creator/import/gnu/arm/5.4.1/bin/../lib/gcc/arm-none-eabi/5.4.1/../../../../arm-none-eabi/lib/armv7e-m/softfp\libg_nano.a(lib_a-memcpy-stub.o)
                0x100874d0                memcpy
 .text.memset   0x100874e6       0x10 c:/program files (x86)/cypress/psoc creator/4.2/psoc creator/import/gnu/arm/5.4.1/bin/../lib/gcc/arm-none-eabi/5.4.1/../../../../arm-none-eabi/lib/armv7e-m/softfp\libg_nano.a(lib_a-memset.o)
                0x100874e6                memset
 .text.strncpy  0x100874f6       0x26 c:/program files (x86)/cypress/psoc creator/4.2/psoc creator/import/gnu/arm/5.4.1/bin/../lib/gcc/arm-none-eabi/5.4.1/../../../../arm-none-eabi/lib/armv7e-m/softfp\libg_nano.a(lib_a-strncpy.o)
                0x100874f6                strncpy
 .text.logf     0x1008751c       0xf4 c:/program files (x86)/cypress/psoc creator/4.2/psoc creator/import/gnu/arm/5.4.1/bin/../lib/gcc/arm-none-eabi/5.4.1/../../../../arm-none-eabi/lib/armv7e-m/softfp\libm.a(lib_a-wf_log.o)
                0x1008751c                logf
 .text.__ieee754_logf
                0x10087610      0x228 c:/program files (x86)/cypress/psoc creator/4.2/psoc creator/import/gnu/arm/5.4.1/bin/../lib/gcc/arm-none-eabi/5.4.1/../../../../arm-none-eabi/lib/armv7e-m/softfp\libm.a(lib_a-ef_log.o)
                0x10087610                __ieee754_logf
 .text.matherr  0x10087838        0x4 c:/program files (x86)/cypress/psoc creator/4.2/psoc creator/import/gnu/arm/5.4.1/bin/../lib/gcc/arm-none-eabi/5.4.1/../../../../arm-none-eabi/lib/armv7e-m/softfp\libm.a(lib_a-s_matherr.o)
                0x10087838                matherr
 .text.nan      0x1008783c        0xc c:/program files (x86)/cypress/psoc creator/4.2/psoc creator/import/gnu/arm/5.4.1/bin/../lib/gcc/arm-none-eabi/5.4.1/../../../../arm-none-eabi/lib/armv7e-m/softfp\libm.a(lib_a-s_nan.o)
                0x1008783c                nan
 .text.__errno  0x10087848        0xc c:/program files (x86)/cypress/psoc creator/4.2/psoc creator/import/gnu/arm/5.4.1/bin/../lib/gcc/arm-none-eabi/5.4.1/../../../../arm-none-eabi/lib/armv7e-m/softfp\libc.a(lib_a-errno.o)
                0x10087848                __errno
 *(.init)
 .init          0x10087854        0x4 c:/program files (x86)/cypress/psoc creator/4.2/psoc creator/import/gnu/arm/5.4.1/bin/../lib/gcc/arm-none-eabi/5.4.1/armv7e-m/softfp/crti.o
                0x10087854                _init
 .init          0x10087858        0x8 c:/program files (x86)/cypress/psoc creator/4.2/psoc creator/import/gnu/arm/5.4.1/bin/../lib/gcc/arm-none-eabi/5.4.1/armv7e-m/softfp/crtn.o
 *(.fini)
 .fini          0x10087860        0x4 c:/program files (x86)/cypress/psoc creator/4.2/psoc creator/import/gnu/arm/5.4.1/bin/../lib/gcc/arm-none-eabi/5.4.1/armv7e-m/softfp/crti.o
                0x10087860                _fini
 .fini          0x10087864        0x8 c:/program files (x86)/cypress/psoc creator/4.2/psoc creator/import/gnu/arm/5.4.1/bin/../lib/gcc/arm-none-eabi/5.4.1/armv7e-m/softfp/crtn.o
 *crtbegin.o(.ctors)
 *crtbegin?.o(.ctors)
 *(EXCLUDE_FILE(*crtend.o *crtend?.o) .ctors)
 *(SORT(.ctors.*))
 *(.ctors)
 *crtbegin.o(.dtors)
 *crtbegin?.o(.dtors)
 *(EXCLUDE_FILE(*crtend.o *crtend?.o) .dtors)
 *(SORT(.dtors.*))
 *(.dtors)
 *(.rodata .rodata.* .constdata .constdata.* .conststring .conststring.*)
 .rodata        0x1008786c       0x28 .\CortexM4\ARM_GCC_541\Debug\display_task.o
 .rodata.str1.4
                0x10087894       0x27 .\CortexM4\ARM_GCC_541\Debug\main_cm4.o
 *fill*         0x100878bb        0x1 
 .rodata        0x100878bc     0xb548 .\CortexM4\ARM_GCC_541\Debug\screen_contents.o
                0x100878bc                mainMenuImage
                0x1008d37c                textPageBackground
                0x1008ea2c                logo
                0x100900dc                textPageIndex
                0x10090104                textPage
                0x10092e00                maxTextPageIndexes
 .rodata.str1.4
                0x10092e04       0x1d .\CortexM4\ARM_GCC_541\Debug\temperature_eink.o
 *fill*         0x10092e21        0x3 
 .rodata        0x10092e24     0x1028 .\CortexM4\ARM_GCC_541\Debug\cy_eink_fonts.o
                0x10092e24                cy_eink_fontData16By16
                0x100939e4                cy_eink_fontData8By12
 .rodata        0x10093e4c        0xc .\CortexM4\ARM_GCC_541\Debug\pervasive_eink_hardware_driver.o
                0x10093e4c                channelSelect
                0x10093e54                scanTable
 .rodata        0x10093e58       0x34 .\CortexM4\ARM_GCC_541\Debug\cy_ipc_config.o
 .rodata        0x10093e8c       0x18 .\CortexM4\ARM_GCC_541\Debug\cyfitter_sysint_cfg.o
                0x10093e8c                ADC_IRQ_cfg
                0x10093e94                CapSense_ISR_cfg
                0x10093e9c                CY_EINK_SPIM_SCB_IRQ_cfg
 .rodata        0x10093ea4       0x34 .\CortexM4\ARM_GCC_541\Debug\CY_EINK_SPIM.o
                0x10093ea4                CY_EINK_SPIM_config
 .rodata.str1.4
                0x10093ed8       0x2a .\CortexM4\ARM_GCC_541\Debug\CapSense_Control.o
 *fill*         0x10093f02        0x2 
 .rodata.str1.4
                0x10093f04       0x2d .\CortexM4\ARM_GCC_541\Debug\CapSense_Processing.o
 *fill*         0x10093f31        0x3 
 .rodata        0x10093f34      0x178 .\CortexM4\ARM_GCC_541\Debug\CapSense_Structure.o
                0x10093f34                CapSense_ramIdacInit
                0x10093f3c                CapSense_dsFlash
                0x10093fcc                CapSense_ramWidgetInit
                0x1009400c                CapSense_ramGesturesInit
                0x10094064                CapSense_ioList
 .rodata        0x100940ac        0x1 .\CortexM4\ARM_GCC_541\Debug\CapSense_Sensing.o
                0x100940ac                CapSense_scanFreqIndex
 *fill*         0x100940ad        0x3 
 .rodata.str1.4
                0x100940b0       0x6a .\CortexM4\ARM_GCC_541\Debug\CapSense_Sensing.o
 .rodata.str1.4
                0x1009411a       0x3d .\CortexM4\ARM_GCC_541\Debug\CapSense_SensingCSD_LL.o
 .rodata.str1.4
                0x1009411a       0x3d .\CortexM4\ARM_GCC_541\Debug\CapSense_SensingCSX_LL.o
 *fill*         0x1009411a        0x2 
 .rodata.str1.4
                0x1009411c       0x2a .\CortexM4\ARM_GCC_541\Debug\CapSense_Gesture.o
 *fill*         0x10094146        0x2 
 .rodata.str1.4
                0x10094148       0x3b .\CortexM4\ARM_GCC_541\Debug\ADC_INT.o
 *fill*         0x10094183        0x1 
 .rodata        0x10094184       0x8c .\CortexM4\ARM_GCC_541\Debug\ADC_INIT.o
                0x10094184                ADC_allConfigs
 .rodata.str1.4
                0x10094210       0x41 .\CortexM4\ARM_GCC_541\Debug\cy_sysint.o
 *fill*         0x10094251        0x3 
 .rodata.str1.4
                0x10094254       0x7f .\CortexM4\ARM_GCC_541\Debug\cy_ipc_drv.o
 *fill*         0x100942d3        0x1 
 .rodata.str1.4
                0x100942d4       0x3f .\CortexM4\ARM_GCC_541\Debug\cy_ipc_sema.o
 *fill*         0x10094313        0x1 
 .rodata.str1.4
                0x10094314       0x40 .\CortexM4\ARM_GCC_541\Debug\cy_ipc_pipe.o
                                 0x7f (size before relaxing)
 .rodata.str1.4
                0x10094354       0x83 .\CortexM4\ARM_GCC_541\Debug\cy_scb_spi.o
 *fill*         0x100943d7        0x1 
 .rodata.str1.4
                0x100943d8       0x7d .\CortexM4\ARM_GCC_541\Debug\cy_gpio.o
 *fill*         0x10094455        0x3 
 .rodata.str1.4
                0x10094458       0x3b .\CortexM4\ARM_GCC_541\Debug\cy_sar.o
 *fill*         0x10094493        0x1 
 .rodata.str1.4
                0x10094494       0x3f .\CortexM4\ARM_GCC_541\Debug\cy_syspm.o
 *fill*         0x100944d3        0x1 
 .rodata.str1.4
                0x100944d4        0x5 .\CortexM4\ARM_GCC_541\Debug\tasks.o
 *fill*         0x100944d9        0x3 
 .rodata.str1.4
                0x100944dc       0x10 .\CortexM4\ARM_GCC_541\Debug\timers.o
 .rodata.str1.1
                0x100944ec        0x2 c:/program files (x86)/cypress/psoc creator/4.2/psoc creator/import/gnu/arm/5.4.1/bin/../lib/gcc/arm-none-eabi/5.4.1/../../../../arm-none-eabi/lib/armv7e-m/softfp\libg_nano.a(lib_a-impure.o)
 *fill*         0x100944ee        0x2 
 .rodata.str1.4
                0x100944f0        0x8 c:/program files (x86)/cypress/psoc creator/4.2/psoc creator/import/gnu/arm/5.4.1/bin/../lib/gcc/arm-none-eabi/5.4.1/../../../../arm-none-eabi/lib/armv7e-m/softfp\libm.a(lib_a-wf_log.o)
                                  0x9 (size before relaxing)
 *(.eh_frame*)
 .eh_frame      0x100944f8        0x0 c:/program files (x86)/cypress/psoc creator/4.2/psoc creator/import/gnu/arm/5.4.1/bin/../lib/gcc/arm-none-eabi/5.4.1/armv7e-m/softfp/crtbegin.o
 .eh_frame      0x100944f8        0x4 c:/program files (x86)/cypress/psoc creator/4.2/psoc creator/import/gnu/arm/5.4.1/bin/../lib/gcc/arm-none-eabi/5.4.1/armv7e-m/softfp/crtend.o

.glue_7         0x100944fc        0x0
 .glue_7        0x100944fc        0x0 linker stubs

.glue_7t        0x100944fc        0x0
 .glue_7t       0x100944fc        0x0 linker stubs

.vfp11_veneer   0x100944fc        0x0
 .vfp11_veneer  0x100944fc        0x0 linker stubs

.v4_bx          0x100944fc        0x0
 .v4_bx         0x100944fc        0x0 linker stubs

.iplt           0x100944fc        0x0
 .iplt          0x100944fc        0x0 c:/program files (x86)/cypress/psoc creator/4.2/psoc creator/import/gnu/arm/5.4.1/bin/../lib/gcc/arm-none-eabi/5.4.1/armv7e-m/softfp/crtbegin.o

.ARM.extab
 *(.ARM.extab* .gnu.linkonce.armextab.*)
                0x100944fc                __exidx_start = .

.ARM.exidx
 *(.ARM.exidx* .gnu.linkonce.armexidx.*)
                0x100944fc                __exidx_end = .

.copy.table     0x100944fc       0x18
                0x100944fc                . = ALIGN (0x4)
                0x100944fc                __copy_table_start__ = .
                0x100944fc        0x4 LONG 0x10080000 __Vectors
                0x10094500        0x4 LONG 0x8024000 __ram_vectors_start__
                0x10094504        0x4 LONG 0x28c (__Vectors_End - __Vectors)
                0x10094508        0x4 LONG 0x1009451c __etext
                0x1009450c        0x4 LONG 0x802428c __data_start__
                0x10094510        0x4 LONG 0x56c (__data_end__ - __data_start__)
                0x10094514                __copy_table_end__ = .

.zero.table     0x10094514        0x8
                0x10094514                . = ALIGN (0x4)
                0x10094514                __zero_table_start__ = .
                0x10094514        0x4 LONG 0x802488c __bss_start__
                0x10094518        0x4 LONG 0xaa74 (__bss_end__ - __bss_start__)
                0x1009451c                __zero_table_end__ = .
                0x1009451c                __etext = .

.ramVectors     0x08024000      0x28c
                0x08024000                __ram_vectors_start__ = .
 *(.ram_vectors)
 .ram_vectors   0x08024000      0x28c .\CortexM4\ARM_GCC_541\Debug\startup_psoc63_cm4.o
                0x08024000                __ramVectors
                0x0802428c                __ram_vectors_end__ = .

.data           0x0802428c      0x56c load address 0x1009451c
                0x0802428c                __data_start__ = .
 *(vtable)
 *(.data*)
 .data          0x0802428c        0x2 .\CortexM4\ARM_GCC_541\Debug\display_task.o
                0x0802428c                currentScreenContent
 *fill*         0x0802428e        0x2 
 .data          0x08024290       0x20 .\CortexM4\ARM_GCC_541\Debug\system_psoc63_cm4.o
                0x08024290                cy_BleEcoClockFreqHz
                0x08024294                cy_Hfclk0FreqHz
                0x08024298                cy_PeriClkFreqHz
                0x0802429c                SystemCoreClock
                0x080242a0                cy_delayFreqHz
                0x080242a4                cy_delayFreqMhz
                0x080242a8                cy_delayFreqKhz
                0x080242ac                cy_delay32kMs
 .data          0x080242b0       0x18 .\CortexM4\ARM_GCC_541\Debug\cy_eink_fonts.o
                0x080242b0                cy_eink_font16By16_blackInWhite
                0x080242bc                cy_eink_font8By12_blackInWhite
 .data          0x080242c8        0x8 .\CortexM4\ARM_GCC_541\Debug\CapSense_SensingCSD_LL.o
                0x080242c8                CapSense_configCsd
                0x080242cc                CapSense_calibratedIdac
                0x080242ce                CapSense_calibratedRawcount
 .data          0x080242d0        0x4 .\CortexM4\ARM_GCC_541\Debug\CapSense_SensingCSX_LL.o
                0x080242d0                CapSense_CSXPostScanApiPtr
 .data          0x080242d4        0x4 .\CortexM4\ARM_GCC_541\Debug\cy_flash.o
 .data          0x080242d8        0x4 .\CortexM4\ARM_GCC_541\Debug\port.o
 .data          0x080242dc       0x5a C:\Program Files (x86)\Cypress\PSoC Creator\4.2\PSoC Creator\psoc\content\CyComponentLibrary\CyComponentLibrary.cylib\CapSense_TMG_v2_0\Library\Gestures_GCC_M4.a(Gesture.o)
 *fill*         0x08024336        0x2 
 .data.impure_data
                0x08024338       0x60 c:/program files (x86)/cypress/psoc creator/4.2/psoc creator/import/gnu/arm/5.4.1/bin/../lib/gcc/arm-none-eabi/5.4.1/../../../../arm-none-eabi/lib/armv7e-m/softfp\libg_nano.a(lib_a-impure.o)
 .data._impure_ptr
                0x08024398        0x4 c:/program files (x86)/cypress/psoc creator/4.2/psoc creator/import/gnu/arm/5.4.1/bin/../lib/gcc/arm-none-eabi/5.4.1/../../../../arm-none-eabi/lib/armv7e-m/softfp\libg_nano.a(lib_a-impure.o)
                0x08024398                _impure_ptr
 .data.__fdlib_version
                0x0802439c        0x1 c:/program files (x86)/cypress/psoc creator/4.2/psoc creator/import/gnu/arm/5.4.1/bin/../lib/gcc/arm-none-eabi/5.4.1/../../../../arm-none-eabi/lib/armv7e-m/softfp\libm.a(lib_a-s_lib_ver.o)
                0x0802439c                __fdlib_version
                0x080243a0                . = ALIGN (0x4)
 *fill*         0x0802439d        0x3 
                0x080243a0                PROVIDE (__preinit_array_start, .)
 *(.preinit_array)
                0x080243a0                PROVIDE (__preinit_array_end, .)
                0x080243a0                . = ALIGN (0x4)
                0x080243a0                PROVIDE (__init_array_start, .)
 *(SORT(.init_array.*))
 *(.init_array)
 .init_array    0x080243a0        0x4 c:/program files (x86)/cypress/psoc creator/4.2/psoc creator/import/gnu/arm/5.4.1/bin/../lib/gcc/arm-none-eabi/5.4.1/armv7e-m/softfp/crtbegin.o
                0x080243a4                PROVIDE (__init_array_end, .)
                0x080243a4                . = ALIGN (0x4)
                [!provide]                PROVIDE (__fini_array_start, .)
 *(SORT(.fini_array.*))
 *(.fini_array)
 .fini_array    0x080243a4        0x4 c:/program files (x86)/cypress/psoc creator/4.2/psoc creator/import/gnu/arm/5.4.1/bin/../lib/gcc/arm-none-eabi/5.4.1/armv7e-m/softfp/crtbegin.o
                [!provide]                PROVIDE (__fini_array_end, .)
 *(.jcr*)
 .jcr           0x080243a8        0x0 c:/program files (x86)/cypress/psoc creator/4.2/psoc creator/import/gnu/arm/5.4.1/bin/../lib/gcc/arm-none-eabi/5.4.1/armv7e-m/softfp/crtbegin.o
 .jcr           0x080243a8        0x4 c:/program files (x86)/cypress/psoc creator/4.2/psoc creator/import/gnu/arm/5.4.1/bin/../lib/gcc/arm-none-eabi/5.4.1/armv7e-m/softfp/crtend.o
                0x080243ac                . = ALIGN (0x4)
 *(.cy_ramfunc*)
 .cy_ramfunc    0x080243ac      0x24c .\CortexM4\ARM_GCC_541\Debug\cy_flash.o
 .cy_ramfunc    0x080245f8      0x190 .\CortexM4\ARM_GCC_541\Debug\cy_syspm.o
 .cy_ramfunc.__stub
                0x08024788       0x70 linker stubs
                0x080247f8                . = ALIGN (0x4)
                0x080247f8                __data_end__ = .

.igot.plt       0x080247f8        0x0 load address 0x10094a88
 .igot.plt      0x080247f8        0x0 c:/program files (x86)/cypress/psoc creator/4.2/psoc creator/import/gnu/arm/5.4.1/bin/../lib/gcc/arm-none-eabi/5.4.1/armv7e-m/softfp/crtbegin.o

.noinit         0x080247f8       0x94 load address 0x10094a88
 *(.noinit)
 .noinit        0x080247f8       0x94 .\CortexM4\ARM_GCC_541\Debug\cy_syslib.o
                0x080247f8                cy_assertFileName
                0x08024810                cy_assertLine
                0x08024814                cy_faultFrame

.bss            0x0802488c     0xaa74 load address 0x10094b1c
                0x0802488c                . = ALIGN (0x4)
                0x0802488c                __bss_start__ = .
 *(.bss*)
 .bss           0x0802488c       0x1c c:/program files (x86)/cypress/psoc creator/4.2/psoc creator/import/gnu/arm/5.4.1/bin/../lib/gcc/arm-none-eabi/5.4.1/armv7e-m/softfp/crtbegin.o
 .bss           0x080248a8        0xc .\CortexM4\ARM_GCC_541\Debug\display_task.o
                0x080248a8                currentFrame
                0x080248b0                currentScreen
                0x080248b3                currentFrameBuffer
 .bss           0x080248b4       0x80 .\CortexM4\ARM_GCC_541\Debug\pervasive_eink_hardware_driver.o
 .bss           0x08024934      0x180 .\CortexM4\ARM_GCC_541\Debug\cy_ipc_config.o
 .bss           0x08024ab4        0x1 .\CortexM4\ARM_GCC_541\Debug\CapSense_Control.o
 *fill*         0x08024ab5        0x3 
 .bss           0x08024ab8       0x95 .\CortexM4\ARM_GCC_541\Debug\CapSense_Structure.o
 *fill*         0x08024b4d        0x3 
 .bss           0x08024b50        0x4 .\CortexM4\ARM_GCC_541\Debug\CapSense_Tuner.o
 .bss           0x08024b54        0x9 .\CortexM4\ARM_GCC_541\Debug\CapSense_Sensing.o
                0x08024b54                CapSense_currentSenseMethod
                0x08024b55                CapSense_requestScanAllWidget
                0x08024b56                CapSense_widgetIndex
                0x08024b58                CapSense_curFlashWdgtPtr
                0x08024b5c                CapSense_sensorIndex
 .bss           0x08024b5d        0x1 .\CortexM4\ARM_GCC_541\Debug\CapSense_SensingCSD_LL.o
 *fill*         0x08024b5e        0x2 
 .bss           0x08024b60       0x12 .\CortexM4\ARM_GCC_541\Debug\CapSense_SensingCSX_LL.o
                0x08024b60                CapSense_csxScanPeriod
                0x08024b62                CapSense_csxRawCount
 *fill*         0x08024b72        0x2 
 .bss           0x08024b74        0xe .\CortexM4\ARM_GCC_541\Debug\CapSense_Centroid_LL.o
 *fill*         0x08024b82        0x2 
 .bss           0x08024b84        0xc .\CortexM4\ARM_GCC_541\Debug\CapSense_Gesture.o
 .bss           0x08024b90        0x6 .\CortexM4\ARM_GCC_541\Debug\ADC.o
                0x08024b90                ADC_currentConfig
                0x08024b94                ADC_initVar
                0x08024b95                ADC_selected
 *fill*         0x08024b96        0x2 
 .bss           0x08024b98        0xc .\CortexM4\ARM_GCC_541\Debug\cy_ipc_sema.o
 .bss           0x08024ba4        0x4 .\CortexM4\ARM_GCC_541\Debug\cy_ipc_pipe.o
 .bss           0x08024ba8       0x10 .\CortexM4\ARM_GCC_541\Debug\cy_flash.o
 .bss           0x08024bb8        0x8 .\CortexM4\ARM_GCC_541\Debug\cy_sar.o
 .bss           0x08024bc0       0x30 .\CortexM4\ARM_GCC_541\Debug\cy_syspm.o
 .bss           0x08024bf0      0x230 .\CortexM4\ARM_GCC_541\Debug\tasks.o
                0x08024df4                pxCurrentTCB
 .bss           0x08024e20       0x3c .\CortexM4\ARM_GCC_541\Debug\timers.o
 .bss           0x08024e5c        0x8 .\CortexM4\ARM_GCC_541\Debug\port.o
 .bss           0x08024e64     0x2818 .\CortexM4\ARM_GCC_541\Debug\heap_4.o
 .bss           0x0802767c       0x79 C:\Program Files (x86)\Cypress\PSoC Creator\4.2\PSoC Creator\psoc\content\CyComponentLibrary\CyComponentLibrary.cylib\CapSense_TMG_v2_0\Library\Gestures_GCC_M4.a(Gesture.o)
                0x08027693                Gesture_prevScrollId
 *(COMMON)
 *fill*         0x080276f5        0x3 
 COMMON         0x080276f8     0x2d60 .\CortexM4\ARM_GCC_541\Debug\display_task.o
                0x080276f8                frameBuffer
 COMMON         0x0802a458        0x4 .\CortexM4\ARM_GCC_541\Debug\touch_task.o
                0x0802a458                touchDataQ
 COMMON         0x0802a45c     0x4c50 .\CortexM4\ARM_GCC_541\Debug\pervasive_eink_hardware_driver.o
                0x0802a45c                bulkDriverPacket
 COMMON         0x0802f0ac        0x4 .\CortexM4\ARM_GCC_541\Debug\cy_eink_psoc_interface.o
                0x0802f0ac                Cy_EINK_Delay
 COMMON         0x0802f0b0       0x24 .\CortexM4\ARM_GCC_541\Debug\CY_EINK_SPIM.o
                0x0802f0b0                CY_EINK_SPIM_context
 COMMON         0x0802f0d4      0x10c .\CortexM4\ARM_GCC_541\Debug\CapSense_Structure.o
                0x0802f0d4                CapSense_dsRam
 COMMON         0x0802f1e0        0x8 .\CortexM4\ARM_GCC_541\Debug\CapSense_Sensing.o
                0x0802f1e0                CapSense_curRamSnsPtr
                0x0802f1e4                CapSense_curSnsIOPtr
 COMMON         0x0802f1e8       0x60 .\CortexM4\ARM_GCC_541\Debug\cy_sar.o
                0x0802f1e8                Cy_SAR_offset
                0x0802f208                Cy_SAR_countsPer10Volt
 COMMON         0x0802f248       0x50 .\CortexM4\ARM_GCC_541\Debug\queue.o
                0x0802f248                xQueueRegistry
 COMMON         0x0802f298       0x66 C:\Program Files (x86)\Cypress\PSoC Creator\4.2\PSoC Creator\psoc\content\CyComponentLibrary\CyComponentLibrary.cylib\CapSense_TMG_v2_0\Library\Gestures_GCC_M4.a(Gesture.o)
                0x0802f298                Gesture_direction4Way
                0x0802f29a                Gesture_prevDTCenterY
                0x0802f29c                Gesture_prevDTCenterX
                0x0802f29e                Gesture_lastY0
                0x0802f2a0                Gesture_firstX1
                0x0802f2a2                Gesture_dtCenterY
                0x0802f2a4                Gesture_pIsSettlingTimedOut
                0x0802f2a8                Gesture_octantLocation
                0x0802f2aa                Gesture_deltaY
                0x0802f2ac                Gesture_firstClickY
                0x0802f2b0                Gesture_pGestureCounter